000 (53527.000.000) 2025-12-06 05:31:38 Job submitted from host: <134.96.104.7:9618?addrs=134.96.104.7-9618&alias=submit.coli.uni-saarland.de&noUDP&sock=schedd_933_89f3>
...
001 (53527.000.000) 2025-12-06 05:31:46 Job executing on host: <134.96.105.148:9618?addrs=134.96.105.148-9618&alias=hopper-2.coli.uni-saarland.de&noUDP&sock=startd_4451_9821>
	SlotName: slot1_6@hopper-2.coli.uni-saarland.de
	AvailableGPUs = { GPUs_GPU_d599f77e }
	CondorScratchDir = "/var/lib/condor/execute/dir_669153"
	Cpus = 8
	Disk = 2048
	GPUs = 1
	GPUs_GPU_d599f77e = [ Id = "GPU-d599f77e"; ClockMhz = 1755.0; Capability = 9.0; CoresPerCU = 128; DeviceName = "NVIDIA H100 PCIe"; DeviceUuid = "d599f77e-38a2-e599-09c1-f660972516c2"; ECCEnabled = true; ComputeUnits = 114; DriverVersion = 12.8; DevicePciBusId = "0000:9D:00.0"; GlobalMemoryMb = 81090; MaxSupportedVersion = 12080 ]
	Memory = 30720
...
006 (53527.000.000) 2025-12-06 05:31:55 Image size of job updated: 108
	1  -  MemoryUsage of job (MB)
	108  -  ResidentSetSize of job (KB)
...
006 (53527.000.000) 2025-12-06 05:36:56 Image size of job updated: 1950144
	1880  -  MemoryUsage of job (MB)
	1924368  -  ResidentSetSize of job (KB)
...
006 (53527.000.000) 2025-12-06 05:41:56 Image size of job updated: 1987540
	1880  -  MemoryUsage of job (MB)
	1924368  -  ResidentSetSize of job (KB)
...
006 (53527.000.000) 2025-12-06 05:46:56 Image size of job updated: 1987540
	1908  -  MemoryUsage of job (MB)
	1953352  -  ResidentSetSize of job (KB)
...
006 (53527.000.000) 2025-12-06 06:37:03 Image size of job updated: 2304832
	1908  -  MemoryUsage of job (MB)
	1953352  -  ResidentSetSize of job (KB)
...
006 (53527.000.000) 2025-12-06 07:17:07 Image size of job updated: 2304832
	1918  -  MemoryUsage of job (MB)
	1964004  -  ResidentSetSize of job (KB)
...
006 (53527.000.000) 2025-12-06 08:22:13 Image size of job updated: 2304832
	1953  -  MemoryUsage of job (MB)
	1999740  -  ResidentSetSize of job (KB)
...
006 (53527.000.000) 2025-12-06 08:27:13 Image size of job updated: 2304832
	1964  -  MemoryUsage of job (MB)
	2010568  -  ResidentSetSize of job (KB)
...
006 (53527.000.000) 2025-12-06 08:32:13 Image size of job updated: 2304832
	1964  -  MemoryUsage of job (MB)
	2010616  -  ResidentSetSize of job (KB)
...
006 (53527.000.000) 2025-12-06 10:12:25 Image size of job updated: 2304832
	1984  -  MemoryUsage of job (MB)
	2030968  -  ResidentSetSize of job (KB)
...
021 (53527.000.000) 2025-12-07 05:31:50 Error from starter on slot1_6@hopper-2.coli.uni-saarland.de:
	Interactive job ran longer than requested
	Code 21 Subcode 0
...
004 (53527.000.000) 2025-12-07 05:31:51 Job was evicted.
	(0) CPU times
		Usr 0 17:42:09, Sys 0 01:02:46  -  Run Remote Usage
		Usr 0 00:00:00, Sys 0 00:00:00  -  Run Local Usage
	0  -  Run Bytes Sent By Job
	0  -  Run Bytes Received By Job
	Error from slot1_6@hopper-2.coli.uni-saarland.de: Interactive job ran longer than requested
	Partitionable Resources :    Usage  Request Allocated Assigned
	   Cpus                 :     0.00        8         8 
	   Disk (KB)            :    37          37      2048 
	   GPUs                 :     0.01        1         1 "GPU-d599f77e"
	   GpusMemory (MB)      :  1892                       
	   Memory (MB)          :  1984       30720     30720 
	   TimeExecute (s)      : 19789                       
	   TimeSlotBusy (s)     : 86405                       
...
012 (53527.000.000) 2025-12-07 05:31:51 Job was held.
	Error from slot1_6@hopper-2.coli.uni-saarland.de: Interactive job ran longer than requested
	Code 21 Subcode 0
...
009 (53527.000.000) 2025-12-12 08:58:30 Job was aborted.
	via condor_rm (by user plintilhac)
...
