000 (53988.000.000) 2025-12-12 09:05:28 Job submitted from host: <134.96.104.7:9618?addrs=134.96.104.7-9618&alias=submit.coli.uni-saarland.de&noUDP&sock=schedd_933_89f3>
...
001 (53988.000.000) 2025-12-12 09:05:28 Job executing on host: <134.96.105.149:9618?addrs=134.96.105.149-9618&alias=hopper-3.coli.uni-saarland.de&noUDP&sock=startd_3249692_fe20>
	SlotName: slot1_2@hopper-3.coli.uni-saarland.de
	AvailableGPUs = { GPUs_GPU_d083280b }
	CondorScratchDir = "/var/lib/condor/execute/dir_274037"
	Cpus = 8
	Disk = 2048
	GPUs = 1
	GPUs_GPU_d083280b = [ Id = "GPU-d083280b"; ClockMhz = 1755.0; Capability = 9.0; CoresPerCU = 128; DeviceName = "NVIDIA H100 PCIe"; DeviceUuid = "d083280b-5fe7-70f5-f18f-adc2b16793fc"; ECCEnabled = true; ComputeUnits = 114; NvidiaDriver = "570.124.06"; DriverVersion = 12.8; DevicePciBusId = "0000:19:00.0"; GlobalMemoryMb = 81090; MaxSupportedVersion = 12080 ]
	Memory = 30720
...
021 (53988.000.000) 2025-12-12 09:05:28 Error from starter on slot1_2@hopper-3.coli.uni-saarland.de:
	Failed to execute '/nethome/plintilhac/boolean_function_sensitivity/job_wrapper.sh': (errno=13: 'Permission denied')
	Code 6 Subcode 13
...
004 (53988.000.000) 2025-12-12 09:05:28 Job was evicted.
	(0) CPU times
		Usr 0 00:00:00, Sys 0 00:00:00  -  Run Remote Usage
		Usr 0 00:00:00, Sys 0 00:00:00  -  Run Local Usage
	0  -  Run Bytes Sent By Job
	0  -  Run Bytes Received By Job
	Error from slot1_2@hopper-3.coli.uni-saarland.de: Failed to execute '/nethome/plintilhac/boolean_function_sensitivity/job_wrapper.sh': (errno=13: 'Permission denied')
	Partitionable Resources :    Usage  Request Allocated Assigned
	   Cpus                 :                 8         8 
	   Disk (KB)            :        3        3      2048 
	   GPUs                 :                 1         1 "GPU-d083280b"
	   Memory (MB)          :             30720     30720 
	   TimeSlotBusy (s)     :        0                    
...
012 (53988.000.000) 2025-12-12 09:05:28 Job was held.
	Error from slot1_2@hopper-3.coli.uni-saarland.de: Failed to execute '/nethome/plintilhac/boolean_function_sensitivity/job_wrapper.sh': (errno=13: 'Permission denied')
	Code 6 Subcode 13
...
013 (53988.000.000) 2025-12-12 09:12:46 Job was released.
	via condor_release (by user plintilhac)
...
001 (53988.000.000) 2025-12-12 09:12:46 Job executing on host: <134.96.105.149:9618?addrs=134.96.105.149-9618&alias=hopper-3.coli.uni-saarland.de&noUDP&sock=startd_3249692_fe20>
	SlotName: slot1_6@hopper-3.coli.uni-saarland.de
	AvailableGPUs = { GPUs_GPU_8e8e60e4 }
	CondorScratchDir = "/var/lib/condor/execute/dir_277416"
	Cpus = 8
	Disk = 2048
	GPUs = 1
	GPUs_GPU_8e8e60e4 = [ Id = "GPU-8e8e60e4"; ClockMhz = 1755.0; Capability = 9.0; CoresPerCU = 128; DeviceName = "NVIDIA H100 PCIe"; DeviceUuid = "8e8e60e4-09ed-a455-088a-ed97d39f9c31"; ECCEnabled = true; ComputeUnits = 114; NvidiaDriver = "570.124.06"; DriverVersion = 12.8; DevicePciBusId = "0001:1B:00.0"; GlobalMemoryMb = 81090; MaxSupportedVersion = 12080 ]
	Memory = 30720
...
006 (53988.000.000) 2025-12-12 09:13:00 Image size of job updated: 228236
	223  -  MemoryUsage of job (MB)
	228236  -  ResidentSetSize of job (KB)
...
006 (53988.000.000) 2025-12-12 09:18:01 Image size of job updated: 2017208
	1896  -  MemoryUsage of job (MB)
	1940892  -  ResidentSetSize of job (KB)
...
006 (53988.000.000) 2025-12-12 09:23:01 Image size of job updated: 2017208
	1922  -  MemoryUsage of job (MB)
	1967964  -  ResidentSetSize of job (KB)
...
006 (53988.000.000) 2025-12-12 09:28:02 Image size of job updated: 2039984
	1924  -  MemoryUsage of job (MB)
	1969184  -  ResidentSetSize of job (KB)
...
006 (53988.000.000) 2025-12-12 09:33:03 Image size of job updated: 2052488
	1938  -  MemoryUsage of job (MB)
	1983900  -  ResidentSetSize of job (KB)
...
006 (53988.000.000) 2025-12-12 09:38:03 Image size of job updated: 2052488
	1990  -  MemoryUsage of job (MB)
	2037336  -  ResidentSetSize of job (KB)
...
006 (53988.000.000) 2025-12-12 09:43:04 Image size of job updated: 2065460
	2003  -  MemoryUsage of job (MB)
	2050748  -  ResidentSetSize of job (KB)
...
006 (53988.000.000) 2025-12-12 09:48:04 Image size of job updated: 2121380
	2015  -  MemoryUsage of job (MB)
	2062756  -  ResidentSetSize of job (KB)
...
006 (53988.000.000) 2025-12-12 09:53:04 Image size of job updated: 2126180
	2015  -  MemoryUsage of job (MB)
	2062756  -  ResidentSetSize of job (KB)
...
006 (53988.000.000) 2025-12-12 09:58:05 Image size of job updated: 2126180
	2015  -  MemoryUsage of job (MB)
	2063076  -  ResidentSetSize of job (KB)
...
006 (53988.000.000) 2025-12-12 10:03:05 Image size of job updated: 2126180
	2018  -  MemoryUsage of job (MB)
	2065444  -  ResidentSetSize of job (KB)
...
006 (53988.000.000) 2025-12-12 10:08:05 Image size of job updated: 2126180
	2025  -  MemoryUsage of job (MB)
	2073512  -  ResidentSetSize of job (KB)
...
006 (53988.000.000) 2025-12-12 10:13:06 Image size of job updated: 2152812
	2025  -  MemoryUsage of job (MB)
	2073512  -  ResidentSetSize of job (KB)
...
006 (53988.000.000) 2025-12-12 10:23:06 Image size of job updated: 2152812
	2028  -  MemoryUsage of job (MB)
	2076140  -  ResidentSetSize of job (KB)
...
006 (53988.000.000) 2025-12-12 10:33:07 Image size of job updated: 2152812
	2033  -  MemoryUsage of job (MB)
	2081320  -  ResidentSetSize of job (KB)
...
006 (53988.000.000) 2025-12-12 10:38:07 Image size of job updated: 2152812
	2035  -  MemoryUsage of job (MB)
	2083628  -  ResidentSetSize of job (KB)
...
006 (53988.000.000) 2025-12-12 10:43:08 Image size of job updated: 2152812
	2046  -  MemoryUsage of job (MB)
	2094128  -  ResidentSetSize of job (KB)
...
006 (53988.000.000) 2025-12-12 10:48:08 Image size of job updated: 2152812
	2068  -  MemoryUsage of job (MB)
	2117492  -  ResidentSetSize of job (KB)
...
006 (53988.000.000) 2025-12-12 10:58:10 Image size of job updated: 2154896
	2068  -  MemoryUsage of job (MB)
	2117492  -  ResidentSetSize of job (KB)
...
006 (53988.000.000) 2025-12-12 11:23:13 Image size of job updated: 2154896
	2074  -  MemoryUsage of job (MB)
	2122956  -  ResidentSetSize of job (KB)
...
006 (53988.000.000) 2025-12-12 11:33:14 Image size of job updated: 2156508
	2074  -  MemoryUsage of job (MB)
	2122956  -  ResidentSetSize of job (KB)
...
006 (53988.000.000) 2025-12-12 11:38:15 Image size of job updated: 2163472
	2074  -  MemoryUsage of job (MB)
	2122956  -  ResidentSetSize of job (KB)
...
006 (53988.000.000) 2025-12-12 11:43:16 Image size of job updated: 2218820
	2116  -  MemoryUsage of job (MB)
	2166744  -  ResidentSetSize of job (KB)
...
006 (53988.000.000) 2025-12-12 11:53:17 Image size of job updated: 2218820
	2121  -  MemoryUsage of job (MB)
	2171564  -  ResidentSetSize of job (KB)
...
006 (53988.000.000) 2025-12-12 11:58:18 Image size of job updated: 2224080
	2123  -  MemoryUsage of job (MB)
	2173636  -  ResidentSetSize of job (KB)
...
006 (53988.000.000) 2025-12-12 12:03:18 Image size of job updated: 2224080
	2126  -  MemoryUsage of job (MB)
	2176216  -  ResidentSetSize of job (KB)
...
006 (53988.000.000) 2025-12-12 12:08:20 Image size of job updated: 2224080
	2128  -  MemoryUsage of job (MB)
	2178536  -  ResidentSetSize of job (KB)
...
006 (53988.000.000) 2025-12-12 12:13:20 Image size of job updated: 2224080
	2130  -  MemoryUsage of job (MB)
	2181000  -  ResidentSetSize of job (KB)
...
006 (53988.000.000) 2025-12-12 12:18:20 Image size of job updated: 2233512
	2130  -  MemoryUsage of job (MB)
	2181000  -  ResidentSetSize of job (KB)
...
006 (53988.000.000) 2025-12-12 12:28:21 Image size of job updated: 2233512
	2142  -  MemoryUsage of job (MB)
	2193080  -  ResidentSetSize of job (KB)
...
006 (53988.000.000) 2025-12-12 12:43:22 Image size of job updated: 2233812
	2142  -  MemoryUsage of job (MB)
	2193080  -  ResidentSetSize of job (KB)
...
006 (53988.000.000) 2025-12-12 12:48:22 Image size of job updated: 2254144
	2142  -  MemoryUsage of job (MB)
	2193080  -  ResidentSetSize of job (KB)
...
006 (53988.000.000) 2025-12-12 12:58:23 Image size of job updated: 2254144
	2191  -  MemoryUsage of job (MB)
	2242808  -  ResidentSetSize of job (KB)
...
006 (53988.000.000) 2025-12-12 13:28:25 Image size of job updated: 2262400
	2191  -  MemoryUsage of job (MB)
	2242808  -  ResidentSetSize of job (KB)
...
006 (53988.000.000) 2025-12-12 13:43:27 Image size of job updated: 2273024
	2191  -  MemoryUsage of job (MB)
	2242808  -  ResidentSetSize of job (KB)
...
006 (53988.000.000) 2025-12-12 13:48:28 Image size of job updated: 2273024
	2191  -  MemoryUsage of job (MB)
	2242840  -  ResidentSetSize of job (KB)
...
006 (53988.000.000) 2025-12-12 14:03:30 Image size of job updated: 2273024
	2197  -  MemoryUsage of job (MB)
	2249104  -  ResidentSetSize of job (KB)
...
006 (53988.000.000) 2025-12-12 14:08:31 Image size of job updated: 2280416
	2197  -  MemoryUsage of job (MB)
	2249104  -  ResidentSetSize of job (KB)
...
006 (53988.000.000) 2025-12-12 14:28:32 Image size of job updated: 2290732
	2197  -  MemoryUsage of job (MB)
	2249104  -  ResidentSetSize of job (KB)
...
006 (53988.000.000) 2025-12-12 14:43:33 Image size of job updated: 2305536
	2197  -  MemoryUsage of job (MB)
	2249104  -  ResidentSetSize of job (KB)
...
006 (53988.000.000) 2025-12-12 14:58:34 Image size of job updated: 2305536
	2198  -  MemoryUsage of job (MB)
	2249816  -  ResidentSetSize of job (KB)
...
006 (53988.000.000) 2025-12-12 15:03:35 Image size of job updated: 2305536
	2219  -  MemoryUsage of job (MB)
	2272168  -  ResidentSetSize of job (KB)
...
006 (53988.000.000) 2025-12-12 15:18:37 Image size of job updated: 2307292
	2219  -  MemoryUsage of job (MB)
	2272168  -  ResidentSetSize of job (KB)
...
006 (53988.000.000) 2025-12-12 15:28:38 Image size of job updated: 2322896
	2219  -  MemoryUsage of job (MB)
	2272168  -  ResidentSetSize of job (KB)
...
006 (53988.000.000) 2025-12-12 15:33:38 Image size of job updated: 2322896
	2261  -  MemoryUsage of job (MB)
	2314328  -  ResidentSetSize of job (KB)
...
006 (53988.000.000) 2025-12-12 15:38:38 Image size of job updated: 2322896
	2261  -  MemoryUsage of job (MB)
	2314456  -  ResidentSetSize of job (KB)
...
006 (53988.000.000) 2025-12-12 16:13:42 Image size of job updated: 2328116
	2261  -  MemoryUsage of job (MB)
	2314456  -  ResidentSetSize of job (KB)
...
006 (53988.000.000) 2025-12-12 16:28:44 Image size of job updated: 2333900
	2280  -  MemoryUsage of job (MB)
	2333900  -  ResidentSetSize of job (KB)
...
006 (53988.000.000) 2025-12-12 16:33:44 Image size of job updated: 2345136
	2280  -  MemoryUsage of job (MB)
	2333900  -  ResidentSetSize of job (KB)
...
006 (53988.000.000) 2025-12-12 17:13:48 Image size of job updated: 2346540
	2280  -  MemoryUsage of job (MB)
	2333900  -  ResidentSetSize of job (KB)
...
006 (53988.000.000) 2025-12-12 17:33:51 Image size of job updated: 2355160
	2280  -  MemoryUsage of job (MB)
	2333900  -  ResidentSetSize of job (KB)
...
006 (53988.000.000) 2025-12-12 17:38:51 Image size of job updated: 2363548
	2280  -  MemoryUsage of job (MB)
	2333900  -  ResidentSetSize of job (KB)
...
006 (53988.000.000) 2025-12-12 17:43:51 Image size of job updated: 2367428
	2280  -  MemoryUsage of job (MB)
	2333900  -  ResidentSetSize of job (KB)
...
006 (53988.000.000) 2025-12-12 17:53:52 Image size of job updated: 2367428
	2307  -  MemoryUsage of job (MB)
	2362160  -  ResidentSetSize of job (KB)
...
006 (53988.000.000) 2025-12-12 17:58:52 Image size of job updated: 2393884
	2307  -  MemoryUsage of job (MB)
	2362160  -  ResidentSetSize of job (KB)
...
006 (53988.000.000) 2025-12-12 18:38:57 Image size of job updated: 2404284
	2307  -  MemoryUsage of job (MB)
	2362160  -  ResidentSetSize of job (KB)
...
006 (53988.000.000) 2025-12-12 18:48:59 Image size of job updated: 2407940
	2307  -  MemoryUsage of job (MB)
	2362160  -  ResidentSetSize of job (KB)
...
006 (53988.000.000) 2025-12-12 18:59:00 Image size of job updated: 2407940
	2328  -  MemoryUsage of job (MB)
	2383468  -  ResidentSetSize of job (KB)
...
006 (53988.000.000) 2025-12-12 19:04:00 Image size of job updated: 2416676
	2329  -  MemoryUsage of job (MB)
	2384836  -  ResidentSetSize of job (KB)
...
006 (53988.000.000) 2025-12-12 19:09:00 Image size of job updated: 2416676
	2332  -  MemoryUsage of job (MB)
	2387672  -  ResidentSetSize of job (KB)
...
006 (53988.000.000) 2025-12-12 19:34:02 Image size of job updated: 2416676
	2337  -  MemoryUsage of job (MB)
	2392760  -  ResidentSetSize of job (KB)
...
006 (53988.000.000) 2025-12-12 19:39:02 Image size of job updated: 2417392
	2341  -  MemoryUsage of job (MB)
	2396236  -  ResidentSetSize of job (KB)
...
006 (53988.000.000) 2025-12-12 19:44:03 Image size of job updated: 2418236
	2347  -  MemoryUsage of job (MB)
	2402452  -  ResidentSetSize of job (KB)
...
006 (53988.000.000) 2025-12-12 19:49:03 Image size of job updated: 2419460
	2347  -  MemoryUsage of job (MB)
	2402452  -  ResidentSetSize of job (KB)
...
006 (53988.000.000) 2025-12-12 19:54:04 Image size of job updated: 2420672
	2347  -  MemoryUsage of job (MB)
	2402452  -  ResidentSetSize of job (KB)
...
006 (53988.000.000) 2025-12-12 19:59:05 Image size of job updated: 2428612
	2366  -  MemoryUsage of job (MB)
	2422216  -  ResidentSetSize of job (KB)
...
006 (53988.000.000) 2025-12-12 20:04:05 Image size of job updated: 2433040
	2366  -  MemoryUsage of job (MB)
	2422216  -  ResidentSetSize of job (KB)
...
006 (53988.000.000) 2025-12-12 20:09:06 Image size of job updated: 2446064
	2366  -  MemoryUsage of job (MB)
	2422216  -  ResidentSetSize of job (KB)
...
006 (53988.000.000) 2025-12-12 20:19:07 Image size of job updated: 2450716
	2366  -  MemoryUsage of job (MB)
	2422216  -  ResidentSetSize of job (KB)
...
006 (53988.000.000) 2025-12-12 20:39:09 Image size of job updated: 2456272
	2366  -  MemoryUsage of job (MB)
	2422216  -  ResidentSetSize of job (KB)
...
006 (53988.000.000) 2025-12-12 20:59:10 Image size of job updated: 2470576
	2366  -  MemoryUsage of job (MB)
	2422216  -  ResidentSetSize of job (KB)
...
006 (53988.000.000) 2025-12-12 21:19:11 Image size of job updated: 2470576
	2389  -  MemoryUsage of job (MB)
	2446276  -  ResidentSetSize of job (KB)
...
006 (53988.000.000) 2025-12-12 21:34:13 Image size of job updated: 2473048
	2389  -  MemoryUsage of job (MB)
	2446276  -  ResidentSetSize of job (KB)
...
006 (53988.000.000) 2025-12-12 21:49:15 Image size of job updated: 2473048
	2390  -  MemoryUsage of job (MB)
	2447328  -  ResidentSetSize of job (KB)
...
006 (53988.000.000) 2025-12-12 21:54:16 Image size of job updated: 2480156
	2390  -  MemoryUsage of job (MB)
	2447328  -  ResidentSetSize of job (KB)
...
006 (53988.000.000) 2025-12-12 21:59:16 Image size of job updated: 2484040
	2402  -  MemoryUsage of job (MB)
	2459188  -  ResidentSetSize of job (KB)
...
006 (53988.000.000) 2025-12-12 22:14:18 Image size of job updated: 2495112
	2402  -  MemoryUsage of job (MB)
	2459188  -  ResidentSetSize of job (KB)
...
006 (53988.000.000) 2025-12-12 22:49:23 Image size of job updated: 2498128
	2402  -  MemoryUsage of job (MB)
	2459188  -  ResidentSetSize of job (KB)
...
006 (53988.000.000) 2025-12-12 22:54:24 Image size of job updated: 2498128
	2439  -  MemoryUsage of job (MB)
	2496528  -  ResidentSetSize of job (KB)
...
006 (53988.000.000) 2025-12-12 22:59:24 Image size of job updated: 2507324
	2439  -  MemoryUsage of job (MB)
	2496528  -  ResidentSetSize of job (KB)
...
006 (53988.000.000) 2025-12-12 23:39:28 Image size of job updated: 2507904
	2439  -  MemoryUsage of job (MB)
	2496528  -  ResidentSetSize of job (KB)
...
006 (53988.000.000) 2025-12-12 23:49:29 Image size of job updated: 2507904
	2440  -  MemoryUsage of job (MB)
	2498404  -  ResidentSetSize of job (KB)
...
006 (53988.000.000) 2025-12-12 23:59:29 Image size of job updated: 2525300
	2440  -  MemoryUsage of job (MB)
	2498404  -  ResidentSetSize of job (KB)
...
006 (53988.000.000) 2025-12-13 00:14:31 Image size of job updated: 2525300
	2443  -  MemoryUsage of job (MB)
	2501176  -  ResidentSetSize of job (KB)
...
006 (53988.000.000) 2025-12-13 00:24:32 Image size of job updated: 2526040
	2443  -  MemoryUsage of job (MB)
	2501176  -  ResidentSetSize of job (KB)
...
006 (53988.000.000) 2025-12-13 00:39:34 Image size of job updated: 2530564
	2443  -  MemoryUsage of job (MB)
	2501176  -  ResidentSetSize of job (KB)
...
006 (53988.000.000) 2025-12-13 00:49:36 Image size of job updated: 2540780
	2443  -  MemoryUsage of job (MB)
	2501176  -  ResidentSetSize of job (KB)
...
006 (53988.000.000) 2025-12-13 00:54:36 Image size of job updated: 2540780
	2460  -  MemoryUsage of job (MB)
	2518080  -  ResidentSetSize of job (KB)
...
006 (53988.000.000) 2025-12-13 01:04:37 Image size of job updated: 2545908
	2460  -  MemoryUsage of job (MB)
	2518080  -  ResidentSetSize of job (KB)
...
006 (53988.000.000) 2025-12-13 01:14:38 Image size of job updated: 2558488
	2460  -  MemoryUsage of job (MB)
	2518080  -  ResidentSetSize of job (KB)
...
006 (53988.000.000) 2025-12-13 01:29:39 Image size of job updated: 2589816
	2460  -  MemoryUsage of job (MB)
	2518080  -  ResidentSetSize of job (KB)
...
006 (53988.000.000) 2025-12-13 01:59:42 Image size of job updated: 2589816
	2476  -  MemoryUsage of job (MB)
	2534472  -  ResidentSetSize of job (KB)
...
006 (53988.000.000) 2025-12-13 02:04:42 Image size of job updated: 2589816
	2486  -  MemoryUsage of job (MB)
	2544644  -  ResidentSetSize of job (KB)
...
006 (53988.000.000) 2025-12-13 02:24:45 Image size of job updated: 2590004
	2486  -  MemoryUsage of job (MB)
	2544644  -  ResidentSetSize of job (KB)
...
006 (53988.000.000) 2025-12-13 02:29:46 Image size of job updated: 2590004
	2493  -  MemoryUsage of job (MB)
	2552156  -  ResidentSetSize of job (KB)
...
006 (53988.000.000) 2025-12-13 02:39:47 Image size of job updated: 2591948
	2493  -  MemoryUsage of job (MB)
	2552156  -  ResidentSetSize of job (KB)
...
006 (53988.000.000) 2025-12-13 02:44:48 Image size of job updated: 2605272
	2493  -  MemoryUsage of job (MB)
	2552156  -  ResidentSetSize of job (KB)
...
006 (53988.000.000) 2025-12-13 03:04:50 Image size of job updated: 2605272
	2510  -  MemoryUsage of job (MB)
	2569252  -  ResidentSetSize of job (KB)
...
006 (53988.000.000) 2025-12-13 03:14:51 Image size of job updated: 2616492
	2510  -  MemoryUsage of job (MB)
	2569252  -  ResidentSetSize of job (KB)
...
006 (53988.000.000) 2025-12-13 03:19:51 Image size of job updated: 2616492
	2531  -  MemoryUsage of job (MB)
	2591704  -  ResidentSetSize of job (KB)
...
006 (53988.000.000) 2025-12-13 03:39:53 Image size of job updated: 2621056
	2531  -  MemoryUsage of job (MB)
	2591704  -  ResidentSetSize of job (KB)
...
006 (53988.000.000) 2025-12-13 03:49:53 Image size of job updated: 2626436
	2564  -  MemoryUsage of job (MB)
	2625316  -  ResidentSetSize of job (KB)
...
006 (53988.000.000) 2025-12-13 03:59:54 Image size of job updated: 2638624
	2564  -  MemoryUsage of job (MB)
	2625316  -  ResidentSetSize of job (KB)
...
006 (53988.000.000) 2025-12-13 04:24:56 Image size of job updated: 2644860
	2564  -  MemoryUsage of job (MB)
	2625316  -  ResidentSetSize of job (KB)
...
006 (53988.000.000) 2025-12-13 05:00:00 Image size of job updated: 2666028
	2564  -  MemoryUsage of job (MB)
	2625316  -  ResidentSetSize of job (KB)
...
006 (53988.000.000) 2025-12-13 05:05:01 Image size of job updated: 2666028
	2564  -  MemoryUsage of job (MB)
	2625448  -  ResidentSetSize of job (KB)
...
006 (53988.000.000) 2025-12-13 05:20:03 Image size of job updated: 2666028
	2568  -  MemoryUsage of job (MB)
	2628812  -  ResidentSetSize of job (KB)
...
006 (53988.000.000) 2025-12-13 05:25:04 Image size of job updated: 2666028
	2572  -  MemoryUsage of job (MB)
	2632820  -  ResidentSetSize of job (KB)
...
006 (53988.000.000) 2025-12-13 05:35:05 Image size of job updated: 2666028
	2574  -  MemoryUsage of job (MB)
	2635412  -  ResidentSetSize of job (KB)
...
006 (53988.000.000) 2025-12-13 05:50:07 Image size of job updated: 2668156
	2574  -  MemoryUsage of job (MB)
	2635412  -  ResidentSetSize of job (KB)
...
006 (53988.000.000) 2025-12-13 06:00:08 Image size of job updated: 2677700
	2575  -  MemoryUsage of job (MB)
	2636500  -  ResidentSetSize of job (KB)
...
006 (53988.000.000) 2025-12-13 06:10:10 Image size of job updated: 2693060
	2575  -  MemoryUsage of job (MB)
	2636500  -  ResidentSetSize of job (KB)
...
006 (53988.000.000) 2025-12-13 06:25:11 Image size of job updated: 2693224
	2575  -  MemoryUsage of job (MB)
	2636500  -  ResidentSetSize of job (KB)
...
006 (53988.000.000) 2025-12-13 06:55:13 Image size of job updated: 2698088
	2575  -  MemoryUsage of job (MB)
	2636500  -  ResidentSetSize of job (KB)
...
006 (53988.000.000) 2025-12-13 07:00:13 Image size of job updated: 2698088
	2577  -  MemoryUsage of job (MB)
	2638124  -  ResidentSetSize of job (KB)
...
006 (53988.000.000) 2025-12-13 07:05:14 Image size of job updated: 2698088
	2595  -  MemoryUsage of job (MB)
	2656364  -  ResidentSetSize of job (KB)
...
006 (53988.000.000) 2025-12-13 07:10:14 Image size of job updated: 2720764
	2615  -  MemoryUsage of job (MB)
	2677280  -  ResidentSetSize of job (KB)
...
006 (53988.000.000) 2025-12-13 07:30:15 Image size of job updated: 2743236
	2615  -  MemoryUsage of job (MB)
	2677280  -  ResidentSetSize of job (KB)
...
006 (53988.000.000) 2025-12-13 07:40:16 Image size of job updated: 2743236
	2633  -  MemoryUsage of job (MB)
	2696040  -  ResidentSetSize of job (KB)
...
006 (53988.000.000) 2025-12-13 08:20:19 Image size of job updated: 2743236
	2642  -  MemoryUsage of job (MB)
	2705020  -  ResidentSetSize of job (KB)
...
006 (53988.000.000) 2025-12-13 08:45:20 Image size of job updated: 2763108
	2642  -  MemoryUsage of job (MB)
	2705020  -  ResidentSetSize of job (KB)
...
006 (53988.000.000) 2025-12-13 09:00:21 Image size of job updated: 2763108
	2669  -  MemoryUsage of job (MB)
	2732508  -  ResidentSetSize of job (KB)
...
006 (53988.000.000) 2025-12-13 09:10:22 Image size of job updated: 2766744
	2673  -  MemoryUsage of job (MB)
	2736156  -  ResidentSetSize of job (KB)
...
021 (53988.000.000) 2025-12-13 09:12:49 Error from starter on slot1_6@hopper-3.coli.uni-saarland.de:
	Interactive job ran longer than requested
	Code 21 Subcode 0
...
004 (53988.000.000) 2025-12-13 09:12:49 Job was evicted.
	(0) CPU times
		Usr 4 16:59:06, Sys 0 06:15:11  -  Run Remote Usage
		Usr 0 00:00:00, Sys 0 00:00:00  -  Run Local Usage
	0  -  Run Bytes Sent By Job
	0  -  Run Bytes Received By Job
	Error from slot1_6@hopper-3.coli.uni-saarland.de: Interactive job ran longer than requested
	Partitionable Resources :    Usage  Request Allocated Assigned
	   Cpus                 :     5.11        8         8 
	   Disk (KB)            :     3           3      2048 
	   GPUs                 :     0.08        1         1 "GPU-8e8e60e4"
	   GpusMemory (MB)      :  1878                       
	   Memory (MB)          :  2673       30720     30720 
	   TimeSlotBusy (s)     : 86403                       
...
012 (53988.000.000) 2025-12-13 09:12:49 Job was held.
	Error from slot1_6@hopper-3.coli.uni-saarland.de: Interactive job ran longer than requested
	Code 21 Subcode 0
...
013 (53988.000.000) 2025-12-14 01:20:39 Job was released.
	via condor_release (by user plintilhac)
...
001 (53988.000.000) 2025-12-14 01:21:15 Job executing on host: <134.96.105.148:9618?addrs=134.96.105.148-9618&alias=hopper-2.coli.uni-saarland.de&noUDP&sock=startd_4451_9821>
	SlotName: slot1_3@hopper-2.coli.uni-saarland.de
	AvailableGPUs = { GPUs_GPU_add1c061 }
	CondorScratchDir = "/var/lib/condor/execute/dir_2006924"
	Cpus = 8
	Disk = 2048
	GPUs = 1
	GPUs_GPU_add1c061 = [ Id = "GPU-add1c061"; ClockMhz = 1755.0; Capability = 9.0; CoresPerCU = 128; DeviceName = "NVIDIA H100 PCIe"; DeviceUuid = "add1c061-7949-e343-2dff-95a6e7a025f7"; ECCEnabled = true; ComputeUnits = 114; DriverVersion = 12.8; DevicePciBusId = "0000:9C:00.0"; GlobalMemoryMb = 81090; MaxSupportedVersion = 12080 ]
	Memory = 30720
...
005 (53988.000.000) 2025-12-14 22:59:42 Job terminated.
	(1) Normal termination (return value 0)
		Usr 3 22:04:19, Sys 0 02:36:26  -  Run Remote Usage
		Usr 0 00:00:00, Sys 0 00:00:00  -  Run Local Usage
		Usr 8 15:03:25, Sys 0 08:51:37  -  Total Remote Usage
		Usr 0 00:00:00, Sys 0 00:00:00  -  Total Local Usage
	0  -  Run Bytes Sent By Job
	0  -  Run Bytes Received By Job
	0  -  Total Bytes Sent By Job
	0  -  Total Bytes Received By Job
	Partitionable Resources :    Usage  Request Allocated Assigned
	   Cpus                 :     0.45        8         8 
	   Disk (KB)            :     3           3      2048 
	   GPUs                 :     0.07        1         1 "GPU-add1c061"
	   GpusMemory (MB)      :  1892                       
	   Memory (MB)          :  2686       30720     30720 
	   TimeExecute (s)      : 77907                       
	   TimeSlotBusy (s)     : 77908                       

	Job terminated of its own accord at 2025-12-14T21:59:42Z with exit-code 0.
...
