000 (53523.000.000) 2025-12-06 02:16:45 Job submitted from host: <134.96.104.7:9618?addrs=134.96.104.7-9618&alias=submit.coli.uni-saarland.de&noUDP&sock=schedd_933_89f3>
...
001 (53523.000.000) 2025-12-06 02:16:45 Job executing on host: <134.96.105.148:9618?addrs=134.96.105.148-9618&alias=hopper-2.coli.uni-saarland.de&noUDP&sock=startd_4451_9821>
	SlotName: slot1_3@hopper-2.coli.uni-saarland.de
	AvailableGPUs = { GPUs_GPU_99888385 }
	CondorScratchDir = "/var/lib/condor/execute/dir_648692"
	Cpus = 8
	Disk = 2048
	GPUs = 1
	GPUs_GPU_99888385 = [ Id = "GPU-99888385"; ClockMhz = 1755.0; Capability = 9.0; CoresPerCU = 128; DeviceName = "NVIDIA H100 PCIe"; DeviceUuid = "99888385-3556-aff2-7a22-55966edadc26"; ECCEnabled = true; ComputeUnits = 114; DriverVersion = 12.8; DevicePciBusId = "0000:BE:00.0"; GlobalMemoryMb = 81090; MaxSupportedVersion = 12080 ]
	Memory = 30720
...
006 (53523.000.000) 2025-12-06 02:16:54 Image size of job updated: 108
	1  -  MemoryUsage of job (MB)
	108  -  ResidentSetSize of job (KB)
...
006 (53523.000.000) 2025-12-06 02:21:55 Image size of job updated: 269116
	4  -  MemoryUsage of job (MB)
	3940  -  ResidentSetSize of job (KB)
...
006 (53523.000.000) 2025-12-06 02:31:56 Image size of job updated: 269116
	8  -  MemoryUsage of job (MB)
	7528  -  ResidentSetSize of job (KB)
...
006 (53523.000.000) 2025-12-06 02:36:57 Image size of job updated: 2010804
	1875  -  MemoryUsage of job (MB)
	1919380  -  ResidentSetSize of job (KB)
...
006 (53523.000.000) 2025-12-06 02:41:58 Image size of job updated: 2015508
	1875  -  MemoryUsage of job (MB)
	1919380  -  ResidentSetSize of job (KB)
...
006 (53523.000.000) 2025-12-06 02:51:59 Image size of job updated: 2015508
	1934  -  MemoryUsage of job (MB)
	1979576  -  ResidentSetSize of job (KB)
...
006 (53523.000.000) 2025-12-06 02:56:59 Image size of job updated: 2020420
	1934  -  MemoryUsage of job (MB)
	1979576  -  ResidentSetSize of job (KB)
...
006 (53523.000.000) 2025-12-06 03:01:59 Image size of job updated: 2021464
	1934  -  MemoryUsage of job (MB)
	1979576  -  ResidentSetSize of job (KB)
...
006 (53523.000.000) 2025-12-06 03:27:02 Image size of job updated: 2029076
	1934  -  MemoryUsage of job (MB)
	1979576  -  ResidentSetSize of job (KB)
...
006 (53523.000.000) 2025-12-06 03:37:03 Image size of job updated: 2049964
	1934  -  MemoryUsage of job (MB)
	1979576  -  ResidentSetSize of job (KB)
...
006 (53523.000.000) 2025-12-06 03:42:03 Image size of job updated: 2093120
	1934  -  MemoryUsage of job (MB)
	1979576  -  ResidentSetSize of job (KB)
...
006 (53523.000.000) 2025-12-06 03:47:04 Image size of job updated: 2093120
	1969  -  MemoryUsage of job (MB)
	2015884  -  ResidentSetSize of job (KB)
...
006 (53523.000.000) 2025-12-06 03:57:05 Image size of job updated: 2093120
	2010  -  MemoryUsage of job (MB)
	2057240  -  ResidentSetSize of job (KB)
...
006 (53523.000.000) 2025-12-06 04:02:06 Image size of job updated: 2093120
	2013  -  MemoryUsage of job (MB)
	2061116  -  ResidentSetSize of job (KB)
...
006 (53523.000.000) 2025-12-06 04:07:06 Image size of job updated: 2096344
	2038  -  MemoryUsage of job (MB)
	2086068  -  ResidentSetSize of job (KB)
...
006 (53523.000.000) 2025-12-06 07:32:29 Image size of job updated: 2109740
	2061  -  MemoryUsage of job (MB)
	2109612  -  ResidentSetSize of job (KB)
...
006 (53523.000.000) 2025-12-06 07:37:29 Image size of job updated: 2136116
	2067  -  MemoryUsage of job (MB)
	2116156  -  ResidentSetSize of job (KB)
...
006 (53523.000.000) 2025-12-06 07:42:30 Image size of job updated: 2149212
	2080  -  MemoryUsage of job (MB)
	2128932  -  ResidentSetSize of job (KB)
...
006 (53523.000.000) 2025-12-06 07:47:30 Image size of job updated: 2149212
	2082  -  MemoryUsage of job (MB)
	2131280  -  ResidentSetSize of job (KB)
...
021 (53523.000.000) 2025-12-07 02:16:46 Error from starter on slot1_3@hopper-2.coli.uni-saarland.de:
	Interactive job ran longer than requested
	Code 21 Subcode 0
...
004 (53523.000.000) 2025-12-07 02:16:46 Job was evicted.
	(0) CPU times
		Usr 1 00:46:33, Sys 0 01:11:37  -  Run Remote Usage
		Usr 0 00:00:00, Sys 0 00:00:00  -  Run Local Usage
	0  -  Run Bytes Sent By Job
	0  -  Run Bytes Received By Job
	Error from slot1_3@hopper-2.coli.uni-saarland.de: Interactive job ran longer than requested
	Partitionable Resources :    Usage  Request Allocated Assigned
	   Cpus                 :     0           8         8 
	   Disk (KB)            :    37          37      2048 
	   GPUs                 :     0.02        1         1 "GPU-99888385"
	   GpusMemory (MB)      :  1892                       
	   Memory (MB)          :  2082       30720     30720 
	   TimeExecute (s)      : 31482                       
	   TimeSlotBusy (s)     : 86401                       
...
012 (53523.000.000) 2025-12-07 02:16:47 Job was held.
	Error from slot1_3@hopper-2.coli.uni-saarland.de: Interactive job ran longer than requested
	Code 21 Subcode 0
...
009 (53523.000.000) 2025-12-12 08:58:13 Job was aborted.
	via condor_rm (by user plintilhac)
...
