000 (53526.000.000) 2025-12-06 02:48:21 Job submitted from host: <134.96.104.7:9618?addrs=134.96.104.7-9618&alias=submit.coli.uni-saarland.de&noUDP&sock=schedd_933_89f3>
...
001 (53526.000.000) 2025-12-06 02:48:26 Job executing on host: <134.96.105.148:9618?addrs=134.96.105.148-9618&alias=hopper-2.coli.uni-saarland.de&noUDP&sock=startd_4451_9821>
	SlotName: slot1_5@hopper-2.coli.uni-saarland.de
	AvailableGPUs = { GPUs_GPU_b893db5b }
	CondorScratchDir = "/var/lib/condor/execute/dir_652035"
	Cpus = 8
	Disk = 2048
	GPUs = 1
	GPUs_GPU_b893db5b = [ Id = "GPU-b893db5b"; ClockMhz = 1755.0; Capability = 9.0; CoresPerCU = 128; DeviceName = "NVIDIA H100 PCIe"; DeviceUuid = "b893db5b-83cf-6974-2b92-aaaa4ec4e2a3"; ECCEnabled = true; ComputeUnits = 114; DriverVersion = 12.8; DevicePciBusId = "0000:18:00.0"; GlobalMemoryMb = 81090; MaxSupportedVersion = 12080 ]
	Memory = 30720
...
006 (53526.000.000) 2025-12-06 02:48:34 Image size of job updated: 108
	1  -  MemoryUsage of job (MB)
	108  -  ResidentSetSize of job (KB)
...
006 (53526.000.000) 2025-12-06 02:53:34 Image size of job updated: 7512
	4  -  MemoryUsage of job (MB)
	3940  -  ResidentSetSize of job (KB)
...
006 (53526.000.000) 2025-12-06 02:58:34 Image size of job updated: 1973784
	1765  -  MemoryUsage of job (MB)
	1806696  -  ResidentSetSize of job (KB)
...
006 (53526.000.000) 2025-12-06 03:03:35 Image size of job updated: 1990500
	1770  -  MemoryUsage of job (MB)
	1812356  -  ResidentSetSize of job (KB)
...
006 (53526.000.000) 2025-12-06 03:08:35 Image size of job updated: 1990500
	1781  -  MemoryUsage of job (MB)
	1823320  -  ResidentSetSize of job (KB)
...
006 (53526.000.000) 2025-12-06 03:13:36 Image size of job updated: 1990500
	1907  -  MemoryUsage of job (MB)
	1951840  -  ResidentSetSize of job (KB)
...
006 (53526.000.000) 2025-12-06 03:18:37 Image size of job updated: 2011480
	1912  -  MemoryUsage of job (MB)
	1957456  -  ResidentSetSize of job (KB)
...
006 (53526.000.000) 2025-12-06 03:23:37 Image size of job updated: 2065148
	1912  -  MemoryUsage of job (MB)
	1957456  -  ResidentSetSize of job (KB)
...
006 (53526.000.000) 2025-12-06 03:28:38 Image size of job updated: 2094880
	2017  -  MemoryUsage of job (MB)
	2064616  -  ResidentSetSize of job (KB)
...
006 (53526.000.000) 2025-12-06 03:53:40 Image size of job updated: 2112508
	2017  -  MemoryUsage of job (MB)
	2064616  -  ResidentSetSize of job (KB)
...
006 (53526.000.000) 2025-12-06 04:03:41 Image size of job updated: 2113780
	2017  -  MemoryUsage of job (MB)
	2064616  -  ResidentSetSize of job (KB)
...
006 (53526.000.000) 2025-12-06 09:09:09 Image size of job updated: 2113780
	2028  -  MemoryUsage of job (MB)
	2075760  -  ResidentSetSize of job (KB)
...
006 (53526.000.000) 2025-12-06 09:14:10 Image size of job updated: 2114924
	2028  -  MemoryUsage of job (MB)
	2075760  -  ResidentSetSize of job (KB)
...
006 (53526.000.000) 2025-12-06 09:24:11 Image size of job updated: 2122792
	2028  -  MemoryUsage of job (MB)
	2075760  -  ResidentSetSize of job (KB)
...
006 (53526.000.000) 2025-12-06 10:49:19 Image size of job updated: 2137316
	2028  -  MemoryUsage of job (MB)
	2075760  -  ResidentSetSize of job (KB)
...
006 (53526.000.000) 2025-12-06 10:54:19 Image size of job updated: 2137316
	2060  -  MemoryUsage of job (MB)
	2109260  -  ResidentSetSize of job (KB)
...
006 (53526.000.000) 2025-12-06 10:59:20 Image size of job updated: 2137316
	2062  -  MemoryUsage of job (MB)
	2110772  -  ResidentSetSize of job (KB)
...
021 (53526.000.000) 2025-12-07 02:48:28 Error from starter on slot1_5@hopper-2.coli.uni-saarland.de:
	Interactive job ran longer than requested
	Code 21 Subcode 0
...
004 (53526.000.000) 2025-12-07 02:48:28 Job was evicted.
	(0) CPU times
		Usr 1 00:24:28, Sys 0 01:37:43  -  Run Remote Usage
		Usr 0 00:00:00, Sys 0 00:00:00  -  Run Local Usage
	0  -  Run Bytes Sent By Job
	0  -  Run Bytes Received By Job
	Error from slot1_5@hopper-2.coli.uni-saarland.de: Interactive job ran longer than requested
	Partitionable Resources :    Usage  Request Allocated Assigned
	   Cpus                 :     0           8         8 
	   Disk (KB)            :    37          37      2048 
	   GPUs                 :     0.02        1         1 "GPU-b893db5b"
	   GpusMemory (MB)      :  1948                       
	   Memory (MB)          :  2062       30720     30720 
	   TimeExecute (s)      : 29581                       
	   TimeSlotBusy (s)     : 86402                       
...
012 (53526.000.000) 2025-12-07 02:48:28 Job was held.
	Error from slot1_5@hopper-2.coli.uni-saarland.de: Interactive job ran longer than requested
	Code 21 Subcode 0
...
009 (53526.000.000) 2025-12-12 08:58:24 Job was aborted.
	via condor_rm (by user plintilhac)
...
