000 (51437.000.000) 2025-11-21 22:23:29 Job submitted from host: <134.96.104.7:9618?addrs=134.96.104.7-9618&alias=submit.coli.uni-saarland.de&noUDP&sock=schedd_910_c345>
...
001 (51437.000.000) 2025-11-21 22:24:30 Job executing on host: <134.96.105.141:9618?addrs=134.96.105.141-9618&alias=tony-3.coli.uni-saarland.de&noUDP&sock=startd_5208_d552>
	SlotName: slot1_1@tony-3.coli.uni-saarland.de
	AvailableGPUs = { GPUs_GPU_141edc3b,GPUs_GPU_1b6afc04,GPUs_GPU_2c81d871,GPUs_GPU_46674791,GPUs_GPU_77388151,GPUs_GPU_79ae9915,GPUs_GPU_b635bb5d,GPUs_GPU_f9e3f28e }
	CondorScratchDir = "/var/lib/condor/execute/dir_136897"
	Cpus = 64
	Disk = 2048
	GPUs = 8
	GPUs_GPU_141edc3b = [ Id = "GPU-141edc3b"; ClockMhz = 1410.0; Capability = 8.0; CoresPerCU = 64; DeviceName = "NVIDIA A100 80GB PCIe"; DeviceUuid = "141edc3b-a53b-b27a-0b17-e788ea510d5e"; ECCEnabled = true; ComputeUnits = 108; DriverVersion = 12.8; DevicePciBusId = "0000:61:00.0"; GlobalMemoryMb = 81154; MaxSupportedVersion = 12080 ]
	GPUs_GPU_1b6afc04 = [ Id = "GPU-1b6afc04"; ClockMhz = 1410.0; Capability = 8.0; CoresPerCU = 64; DeviceName = "NVIDIA A100 80GB PCIe"; DeviceUuid = "1b6afc04-06e6-32af-af61-11c319d602ab"; ECCEnabled = true; ComputeUnits = 108; DriverVersion = 12.8; DevicePciBusId = "0000:81:00.0"; GlobalMemoryMb = 81154; MaxSupportedVersion = 12080 ]
	GPUs_GPU_2c81d871 = [ Id = "GPU-2c81d871"; ClockMhz = 1410.0; Capability = 8.0; CoresPerCU = 64; DeviceName = "NVIDIA A100 80GB PCIe"; DeviceUuid = "2c81d871-da6b-745d-3df4-68b33c12656b"; ECCEnabled = true; ComputeUnits = 108; DriverVersion = 12.8; DevicePciBusId = "0000:41:00.0"; GlobalMemoryMb = 81154; MaxSupportedVersion = 12080 ]
	GPUs_GPU_46674791 = [ Id = "GPU-46674791"; ClockMhz = 1410.0; Capability = 8.0; CoresPerCU = 64; DeviceName = "NVIDIA A100 80GB PCIe"; DeviceUuid = "46674791-21a2-bf27-ff8f-c9102b0db719"; ECCEnabled = true; ComputeUnits = 108; DriverVersion = 12.8; DevicePciBusId = "0000:22:00.0"; GlobalMemoryMb = 81154; MaxSupportedVersion = 12080 ]
	GPUs_GPU_77388151 = [ Id = "GPU-77388151"; ClockMhz = 1410.0; Capability = 8.0; CoresPerCU = 64; DeviceName = "NVIDIA A100 80GB PCIe"; DeviceUuid = "77388151-2a6f-8d06-caac-10c1bf7546c1"; ECCEnabled = true; ComputeUnits = 108; DriverVersion = 12.8; DevicePciBusId = "0000:C1:00.0"; GlobalMemoryMb = 81154; MaxSupportedVersion = 12080 ]
	GPUs_GPU_79ae9915 = [ Id = "GPU-79ae9915"; ClockMhz = 1410.0; Capability = 8.0; CoresPerCU = 64; DeviceName = "NVIDIA A100 80GB PCIe"; DeviceUuid = "79ae9915-144a-3090-3cf1-42ca87fadde0"; ECCEnabled = true; ComputeUnits = 108; DriverVersion = 12.8; DevicePciBusId = "0000:E1:00.0"; GlobalMemoryMb = 81154; MaxSupportedVersion = 12080 ]
	GPUs_GPU_b635bb5d = [ Id = "GPU-b635bb5d"; ClockMhz = 1410.0; Capability = 8.0; CoresPerCU = 64; DeviceName = "NVIDIA A100 80GB PCIe"; DeviceUuid = "b635bb5d-be43-0cb2-9c7d-a87b6815b4fb"; ECCEnabled = true; ComputeUnits = 108; DriverVersion = 12.8; DevicePciBusId = "0000:A1:00.0"; GlobalMemoryMb = 81154; MaxSupportedVersion = 12080 ]
	GPUs_GPU_f9e3f28e = [ Id = "GPU-f9e3f28e"; ClockMhz = 1410.0; Capability = 8.0; CoresPerCU = 64; DeviceName = "NVIDIA A100 80GB PCIe"; DeviceUuid = "f9e3f28e-7c13-7410-a3f7-763625cee600"; ECCEnabled = true; ComputeUnits = 108; DriverVersion = 12.8; DevicePciBusId = "0000:01:00.0"; GlobalMemoryMb = 81154; MaxSupportedVersion = 12080 ]
	Memory = 245760
...
006 (51437.000.000) 2025-11-21 22:24:38 Image size of job updated: 211072
	207  -  MemoryUsage of job (MB)
	211072  -  ResidentSetSize of job (KB)
...
006 (51437.000.000) 2025-11-21 22:29:38 Image size of job updated: 10175380
	9937  -  MemoryUsage of job (MB)
	10175380  -  ResidentSetSize of job (KB)
...
006 (51437.000.000) 2025-11-21 22:34:39 Image size of job updated: 10175648
	9938  -  MemoryUsage of job (MB)
	10175648  -  ResidentSetSize of job (KB)
...
006 (51437.000.000) 2025-11-21 22:39:40 Image size of job updated: 10175800
	9938  -  MemoryUsage of job (MB)
	10175800  -  ResidentSetSize of job (KB)
...
006 (51437.000.000) 2025-11-21 22:44:40 Image size of job updated: 10175884
	9938  -  MemoryUsage of job (MB)
	10175884  -  ResidentSetSize of job (KB)
...
006 (51437.000.000) 2025-11-21 22:49:41 Image size of job updated: 10176084
	9938  -  MemoryUsage of job (MB)
	10176084  -  ResidentSetSize of job (KB)
...
006 (51437.000.000) 2025-11-21 22:54:42 Image size of job updated: 10176144
	9938  -  MemoryUsage of job (MB)
	10176144  -  ResidentSetSize of job (KB)
...
006 (51437.000.000) 2025-11-21 22:59:42 Image size of job updated: 10176280
	9938  -  MemoryUsage of job (MB)
	10176280  -  ResidentSetSize of job (KB)
...
006 (51437.000.000) 2025-11-21 23:04:43 Image size of job updated: 10176532
	9939  -  MemoryUsage of job (MB)
	10176532  -  ResidentSetSize of job (KB)
...
006 (51437.000.000) 2025-11-21 23:09:44 Image size of job updated: 10183732
	9946  -  MemoryUsage of job (MB)
	10183732  -  ResidentSetSize of job (KB)
...
006 (51437.000.000) 2025-11-21 23:14:44 Image size of job updated: 10208952
	9970  -  MemoryUsage of job (MB)
	10208952  -  ResidentSetSize of job (KB)
...
006 (51437.000.000) 2025-11-21 23:19:45 Image size of job updated: 10241392
	10002  -  MemoryUsage of job (MB)
	10241392  -  ResidentSetSize of job (KB)
...
006 (51437.000.000) 2025-11-21 23:24:45 Image size of job updated: 10274204
	10034  -  MemoryUsage of job (MB)
	10274204  -  ResidentSetSize of job (KB)
...
006 (51437.000.000) 2025-11-21 23:29:45 Image size of job updated: 10312488
	10071  -  MemoryUsage of job (MB)
	10312488  -  ResidentSetSize of job (KB)
...
006 (51437.000.000) 2025-11-21 23:34:46 Image size of job updated: 10347724
	10106  -  MemoryUsage of job (MB)
	10347724  -  ResidentSetSize of job (KB)
...
006 (51437.000.000) 2025-11-21 23:39:46 Image size of job updated: 10377072
	10134  -  MemoryUsage of job (MB)
	10377072  -  ResidentSetSize of job (KB)
...
006 (51437.000.000) 2025-11-21 23:44:46 Image size of job updated: 10422524
	10179  -  MemoryUsage of job (MB)
	10422524  -  ResidentSetSize of job (KB)
...
006 (51437.000.000) 2025-11-21 23:49:47 Image size of job updated: 10460724
	10216  -  MemoryUsage of job (MB)
	10460724  -  ResidentSetSize of job (KB)
...
006 (51437.000.000) 2025-11-21 23:54:47 Image size of job updated: 10496576
	10251  -  MemoryUsage of job (MB)
	10496576  -  ResidentSetSize of job (KB)
...
006 (51437.000.000) 2025-11-21 23:59:47 Image size of job updated: 10530228
	10284  -  MemoryUsage of job (MB)
	10530228  -  ResidentSetSize of job (KB)
...
006 (51437.000.000) 2025-11-22 00:04:48 Image size of job updated: 10563044
	10316  -  MemoryUsage of job (MB)
	10563044  -  ResidentSetSize of job (KB)
...
006 (51437.000.000) 2025-11-22 00:09:48 Image size of job updated: 10604012
	10356  -  MemoryUsage of job (MB)
	10604012  -  ResidentSetSize of job (KB)
...
006 (51437.000.000) 2025-11-22 00:14:48 Image size of job updated: 10631804
	10383  -  MemoryUsage of job (MB)
	10631804  -  ResidentSetSize of job (KB)
...
006 (51437.000.000) 2025-11-22 00:19:49 Image size of job updated: 10672580
	10423  -  MemoryUsage of job (MB)
	10672580  -  ResidentSetSize of job (KB)
...
006 (51437.000.000) 2025-11-22 00:24:49 Image size of job updated: 10710152
	10460  -  MemoryUsage of job (MB)
	10710152  -  ResidentSetSize of job (KB)
...
006 (51437.000.000) 2025-11-22 00:29:49 Image size of job updated: 10731660
	10481  -  MemoryUsage of job (MB)
	10731660  -  ResidentSetSize of job (KB)
...
006 (51437.000.000) 2025-11-22 00:34:50 Image size of job updated: 10777024
	10525  -  MemoryUsage of job (MB)
	10777024  -  ResidentSetSize of job (KB)
...
006 (51437.000.000) 2025-11-22 00:39:50 Image size of job updated: 10816324
	10563  -  MemoryUsage of job (MB)
	10816324  -  ResidentSetSize of job (KB)
...
006 (51437.000.000) 2025-11-22 00:44:50 Image size of job updated: 10829996
	10577  -  MemoryUsage of job (MB)
	10829996  -  ResidentSetSize of job (KB)
...
006 (51437.000.000) 2025-11-22 00:49:51 Image size of job updated: 10868760
	10615  -  MemoryUsage of job (MB)
	10868760  -  ResidentSetSize of job (KB)
...
006 (51437.000.000) 2025-11-22 00:54:51 Image size of job updated: 10907224
	10652  -  MemoryUsage of job (MB)
	10907224  -  ResidentSetSize of job (KB)
...
006 (51437.000.000) 2025-11-22 00:59:52 Image size of job updated: 10926792
	10671  -  MemoryUsage of job (MB)
	10926792  -  ResidentSetSize of job (KB)
...
006 (51437.000.000) 2025-11-22 01:04:53 Image size of job updated: 10972240
	10716  -  MemoryUsage of job (MB)
	10972240  -  ResidentSetSize of job (KB)
...
006 (51437.000.000) 2025-11-22 01:09:53 Image size of job updated: 11005688
	10748  -  MemoryUsage of job (MB)
	11005688  -  ResidentSetSize of job (KB)
...
006 (51437.000.000) 2025-11-22 01:24:55 Image size of job updated: 11005824
	10748  -  MemoryUsage of job (MB)
	11005824  -  ResidentSetSize of job (KB)
...
006 (51437.000.000) 2025-11-22 01:29:56 Image size of job updated: 11005828
	10748  -  MemoryUsage of job (MB)
	11005828  -  ResidentSetSize of job (KB)
...
006 (51437.000.000) 2025-11-22 01:34:57 Image size of job updated: 11005840
	10748  -  MemoryUsage of job (MB)
	11005840  -  ResidentSetSize of job (KB)
...
006 (51437.000.000) 2025-11-22 01:39:57 Image size of job updated: 11005852
	10748  -  MemoryUsage of job (MB)
	11005852  -  ResidentSetSize of job (KB)
...
006 (51437.000.000) 2025-11-22 01:44:58 Image size of job updated: 11005860
	10748  -  MemoryUsage of job (MB)
	11005860  -  ResidentSetSize of job (KB)
...
006 (51437.000.000) 2025-11-22 01:54:59 Image size of job updated: 11005876
	10748  -  MemoryUsage of job (MB)
	11005876  -  ResidentSetSize of job (KB)
...
006 (51437.000.000) 2025-11-22 02:00:00 Image size of job updated: 11005880
	10748  -  MemoryUsage of job (MB)
	11005880  -  ResidentSetSize of job (KB)
...
006 (51437.000.000) 2025-11-22 02:05:01 Image size of job updated: 11005888
	10748  -  MemoryUsage of job (MB)
	11005888  -  ResidentSetSize of job (KB)
...
006 (51437.000.000) 2025-11-22 02:10:01 Image size of job updated: 11005900
	10748  -  MemoryUsage of job (MB)
	11005900  -  ResidentSetSize of job (KB)
...
006 (51437.000.000) 2025-11-22 02:25:03 Image size of job updated: 11005904
	10748  -  MemoryUsage of job (MB)
	11005904  -  ResidentSetSize of job (KB)
...
006 (51437.000.000) 2025-11-22 02:30:04 Image size of job updated: 11005912
	10748  -  MemoryUsage of job (MB)
	11005912  -  ResidentSetSize of job (KB)
...
006 (51437.000.000) 2025-11-22 02:35:04 Image size of job updated: 11005916
	10748  -  MemoryUsage of job (MB)
	11005916  -  ResidentSetSize of job (KB)
...
006 (51437.000.000) 2025-11-22 02:40:04 Image size of job updated: 11005944
	10748  -  MemoryUsage of job (MB)
	11005944  -  ResidentSetSize of job (KB)
...
006 (51437.000.000) 2025-11-22 02:45:05 Image size of job updated: 11005948
	10748  -  MemoryUsage of job (MB)
	11005948  -  ResidentSetSize of job (KB)
...
006 (51437.000.000) 2025-11-22 03:00:06 Image size of job updated: 11005952
	10748  -  MemoryUsage of job (MB)
	11005952  -  ResidentSetSize of job (KB)
...
006 (51437.000.000) 2025-11-22 03:10:06 Image size of job updated: 11005956
	10749  -  MemoryUsage of job (MB)
	11005956  -  ResidentSetSize of job (KB)
...
006 (51437.000.000) 2025-11-22 03:15:07 Image size of job updated: 11005960
	10749  -  MemoryUsage of job (MB)
	11005960  -  ResidentSetSize of job (KB)
...
006 (51437.000.000) 2025-11-22 03:20:07 Image size of job updated: 11005964
	10749  -  MemoryUsage of job (MB)
	11005964  -  ResidentSetSize of job (KB)
...
006 (51437.000.000) 2025-11-22 03:40:08 Image size of job updated: 11005968
	10749  -  MemoryUsage of job (MB)
	11005968  -  ResidentSetSize of job (KB)
...
006 (51437.000.000) 2025-11-22 03:45:09 Image size of job updated: 11005976
	10749  -  MemoryUsage of job (MB)
	11005976  -  ResidentSetSize of job (KB)
...
006 (51437.000.000) 2025-11-22 03:50:09 Image size of job updated: 11005980
	10749  -  MemoryUsage of job (MB)
	11005980  -  ResidentSetSize of job (KB)
...
006 (51437.000.000) 2025-11-22 04:00:11 Image size of job updated: 11005988
	10749  -  MemoryUsage of job (MB)
	11005988  -  ResidentSetSize of job (KB)
...
006 (51437.000.000) 2025-11-22 04:05:11 Image size of job updated: 11005992
	10749  -  MemoryUsage of job (MB)
	11005992  -  ResidentSetSize of job (KB)
...
006 (51437.000.000) 2025-11-22 04:10:12 Image size of job updated: 11006000
	10749  -  MemoryUsage of job (MB)
	11006000  -  ResidentSetSize of job (KB)
...
006 (51437.000.000) 2025-11-22 04:20:13 Image size of job updated: 11006004
	10749  -  MemoryUsage of job (MB)
	11006004  -  ResidentSetSize of job (KB)
...
006 (51437.000.000) 2025-11-22 04:35:15 Image size of job updated: 11006008
	10749  -  MemoryUsage of job (MB)
	11006008  -  ResidentSetSize of job (KB)
...
006 (51437.000.000) 2025-11-22 04:50:17 Image size of job updated: 11006016
	10749  -  MemoryUsage of job (MB)
	11006016  -  ResidentSetSize of job (KB)
...
006 (51437.000.000) 2025-11-22 05:45:22 Image size of job updated: 11006020
	10749  -  MemoryUsage of job (MB)
	11006020  -  ResidentSetSize of job (KB)
...
006 (51437.000.000) 2025-11-22 06:10:24 Image size of job updated: 11006024
	10749  -  MemoryUsage of job (MB)
	11006024  -  ResidentSetSize of job (KB)
...
006 (51437.000.000) 2025-11-22 06:15:24 Image size of job updated: 11006028
	10749  -  MemoryUsage of job (MB)
	11006028  -  ResidentSetSize of job (KB)
...
006 (51437.000.000) 2025-11-22 06:25:25 Image size of job updated: 11006032
	10749  -  MemoryUsage of job (MB)
	11006032  -  ResidentSetSize of job (KB)
...
006 (51437.000.000) 2025-11-22 06:40:26 Image size of job updated: 11006036
	10749  -  MemoryUsage of job (MB)
	11006036  -  ResidentSetSize of job (KB)
...
006 (51437.000.000) 2025-11-22 07:00:27 Image size of job updated: 11006048
	10749  -  MemoryUsage of job (MB)
	11006048  -  ResidentSetSize of job (KB)
...
006 (51437.000.000) 2025-11-22 07:25:29 Image size of job updated: 11006052
	10749  -  MemoryUsage of job (MB)
	11006052  -  ResidentSetSize of job (KB)
...
006 (51437.000.000) 2025-11-22 07:45:31 Image size of job updated: 11006060
	10749  -  MemoryUsage of job (MB)
	11006060  -  ResidentSetSize of job (KB)
...
004 (51437.000.000) 2025-11-22 08:13:45 Job was evicted.
	(0) CPU times
		Usr 3 05:14:03, Sys 0 00:28:18  -  Run Remote Usage
		Usr 0 00:00:00, Sys 0 00:00:00  -  Run Local Usage
	0  -  Run Bytes Sent By Job
	0  -  Run Bytes Received By Job
	Partitionable Resources :    Usage  Request Allocated Assigned
	   Cpus                 :     7.92       64        64 
	   Disk (KB)            :     2           2      2048 
	   GPUs                 :     2.90        8         8 "GPU-141edc3b,GPU-1b6afc04,GPU-2c81d871,GPU-46674791,GPU-77388151,GPU-79ae9915,GPU-b635bb5d,GPU-f9e3f28e"
	   GpusMemory (MB)      :  1554                       
	   Memory (MB)          : 10749      245760    245760 
	   TimeExecute (s)      : 35355                       
	   TimeSlotBusy (s)     : 35355                       
...
009 (51437.000.000) 2025-11-22 08:13:45 Job was aborted.
	via condor_rm (by user plintilhac)
...
