000 (56641.000.000) 2025-12-23 18:15:11 Job submitted from host: <134.96.104.7:9618?addrs=134.96.104.7-9618&alias=submit.coli.uni-saarland.de&noUDP&sock=schedd_1911001_5071>
...
001 (56641.000.000) 2025-12-23 18:15:19 Job executing on host: <134.96.105.147:9618?addrs=134.96.105.147-9618&alias=hopper-1.coli.uni-saarland.de&noUDP&sock=startd_3741_97e3>
	SlotName: slot1_4@hopper-1.coli.uni-saarland.de
	AvailableGPUs = { GPUs_GPU_616e2267 }
	CondorScratchDir = "/var/lib/condor/execute/dir_1036185"
	Cpus = 8
	Disk = 2048
	GPUs = 1
	GPUs_GPU_616e2267 = [ Id = "GPU-616e2267"; ClockMhz = 1755.0; Capability = 9.0; CoresPerCU = 128; DeviceName = "NVIDIA H100 PCIe"; DeviceUuid = "616e2267-6b44-fa73-92e1-7732a69942b2"; ECCEnabled = true; ComputeUnits = 114; DriverVersion = 12.8; DevicePciBusId = "0000:81:00.0"; GlobalMemoryMb = 81090; MaxSupportedVersion = 12080 ]
	Memory = 30720
...
006 (56641.000.000) 2025-12-23 18:15:28 Image size of job updated: 217916
	213  -  MemoryUsage of job (MB)
	217916  -  ResidentSetSize of job (KB)
...
006 (56641.000.000) 2025-12-23 18:20:29 Image size of job updated: 2041388
	1926  -  MemoryUsage of job (MB)
	1971648  -  ResidentSetSize of job (KB)
...
006 (56641.000.000) 2025-12-23 18:25:29 Image size of job updated: 2110500
	1926  -  MemoryUsage of job (MB)
	1971648  -  ResidentSetSize of job (KB)
...
006 (56641.000.000) 2025-12-23 18:30:29 Image size of job updated: 2110500
	1961  -  MemoryUsage of job (MB)
	2007268  -  ResidentSetSize of job (KB)
...
006 (56641.000.000) 2025-12-23 19:05:32 Image size of job updated: 2112540
	1961  -  MemoryUsage of job (MB)
	2007268  -  ResidentSetSize of job (KB)
...
006 (56641.000.000) 2025-12-23 19:10:32 Image size of job updated: 2112540
	1988  -  MemoryUsage of job (MB)
	2034932  -  ResidentSetSize of job (KB)
...
006 (56641.000.000) 2025-12-23 19:15:32 Image size of job updated: 2124164
	1991  -  MemoryUsage of job (MB)
	2037812  -  ResidentSetSize of job (KB)
...
006 (56641.000.000) 2025-12-23 19:45:35 Image size of job updated: 2153208
	2077  -  MemoryUsage of job (MB)
	2126516  -  ResidentSetSize of job (KB)
...
006 (56641.000.000) 2025-12-23 20:00:37 Image size of job updated: 2176516
	2084  -  MemoryUsage of job (MB)
	2133032  -  ResidentSetSize of job (KB)
...
006 (56641.000.000) 2025-12-23 20:05:38 Image size of job updated: 2176516
	2123  -  MemoryUsage of job (MB)
	2173068  -  ResidentSetSize of job (KB)
...
006 (56641.000.000) 2025-12-23 20:10:38 Image size of job updated: 2177416
	2123  -  MemoryUsage of job (MB)
	2173068  -  ResidentSetSize of job (KB)
...
006 (56641.000.000) 2025-12-23 20:15:39 Image size of job updated: 2181532
	2131  -  MemoryUsage of job (MB)
	2181532  -  ResidentSetSize of job (KB)
...
006 (56641.000.000) 2025-12-23 20:40:41 Image size of job updated: 2181972
	2131  -  MemoryUsage of job (MB)
	2181532  -  ResidentSetSize of job (KB)
...
006 (56641.000.000) 2025-12-23 20:50:42 Image size of job updated: 2201764
	2131  -  MemoryUsage of job (MB)
	2181532  -  ResidentSetSize of job (KB)
...
006 (56641.000.000) 2025-12-23 20:55:42 Image size of job updated: 2222724
	2131  -  MemoryUsage of job (MB)
	2181532  -  ResidentSetSize of job (KB)
...
006 (56641.000.000) 2025-12-23 21:05:43 Image size of job updated: 2242928
	2131  -  MemoryUsage of job (MB)
	2181532  -  ResidentSetSize of job (KB)
...
006 (56641.000.000) 2025-12-23 21:15:44 Image size of job updated: 2242928
	2143  -  MemoryUsage of job (MB)
	2193856  -  ResidentSetSize of job (KB)
...
006 (56641.000.000) 2025-12-23 21:20:44 Image size of job updated: 2272912
	2162  -  MemoryUsage of job (MB)
	2213236  -  ResidentSetSize of job (KB)
...
006 (56641.000.000) 2025-12-23 21:35:45 Image size of job updated: 2290316
	2166  -  MemoryUsage of job (MB)
	2217188  -  ResidentSetSize of job (KB)
...
006 (56641.000.000) 2025-12-23 21:45:46 Image size of job updated: 2290316
	2191  -  MemoryUsage of job (MB)
	2243272  -  ResidentSetSize of job (KB)
...
006 (56641.000.000) 2025-12-23 21:50:46 Image size of job updated: 2292648
	2191  -  MemoryUsage of job (MB)
	2243272  -  ResidentSetSize of job (KB)
...
006 (56641.000.000) 2025-12-23 22:00:47 Image size of job updated: 2307944
	2208  -  MemoryUsage of job (MB)
	2260636  -  ResidentSetSize of job (KB)
...
006 (56641.000.000) 2025-12-23 22:05:47 Image size of job updated: 2328720
	2208  -  MemoryUsage of job (MB)
	2260636  -  ResidentSetSize of job (KB)
...
006 (56641.000.000) 2025-12-23 22:20:48 Image size of job updated: 2328720
	2245  -  MemoryUsage of job (MB)
	2298696  -  ResidentSetSize of job (KB)
...
006 (56641.000.000) 2025-12-23 22:25:49 Image size of job updated: 2338708
	2245  -  MemoryUsage of job (MB)
	2298696  -  ResidentSetSize of job (KB)
...
006 (56641.000.000) 2025-12-23 22:30:49 Image size of job updated: 2357064
	2245  -  MemoryUsage of job (MB)
	2298696  -  ResidentSetSize of job (KB)
...
006 (56641.000.000) 2025-12-23 22:35:49 Image size of job updated: 2371332
	2245  -  MemoryUsage of job (MB)
	2298696  -  ResidentSetSize of job (KB)
...
006 (56641.000.000) 2025-12-23 22:40:50 Image size of job updated: 2371332
	2276  -  MemoryUsage of job (MB)
	2329700  -  ResidentSetSize of job (KB)
...
006 (56641.000.000) 2025-12-23 22:45:50 Image size of job updated: 2387544
	2276  -  MemoryUsage of job (MB)
	2329700  -  ResidentSetSize of job (KB)
...
006 (56641.000.000) 2025-12-23 22:50:50 Image size of job updated: 2387544
	2309  -  MemoryUsage of job (MB)
	2364332  -  ResidentSetSize of job (KB)
...
006 (56641.000.000) 2025-12-23 23:05:52 Image size of job updated: 2417256
	2309  -  MemoryUsage of job (MB)
	2364332  -  ResidentSetSize of job (KB)
...
001 (56641.000.000) 2025-12-24 05:38:01 Job executing on host: <134.96.105.149:9618?addrs=134.96.105.149-9618&alias=hopper-3.coli.uni-saarland.de&noUDP&sock=startd_3249692_fe20>
	SlotName: slot1_7@hopper-3.coli.uni-saarland.de
	AvailableGPUs = { GPUs_GPU_a247d854 }
	CondorScratchDir = "/var/lib/condor/execute/dir_3034762"
	Cpus = 8
	Disk = 2048
	GPUs = 1
	GPUs_GPU_a247d854 = [ Id = "GPU-a247d854"; ClockMhz = 1755.0; Capability = 9.0; CoresPerCU = 128; DeviceName = "NVIDIA H100 PCIe"; DeviceUuid = "a247d854-874a-0c48-f283-5511b6f5f286"; ECCEnabled = true; ComputeUnits = 114; NvidiaDriver = "570.124.06"; DriverVersion = 12.8; DevicePciBusId = "0001:6F:00.0"; GlobalMemoryMb = 81090; MaxSupportedVersion = 12080 ]
	Memory = 30720
...
004 (56641.000.000) 2025-12-24 07:03:56 Job was evicted.
	(0) CPU times
		Usr 0 04:07:35, Sys 0 00:16:54  -  Run Remote Usage
		Usr 0 00:00:00, Sys 0 00:00:00  -  Run Local Usage
	0  -  Run Bytes Sent By Job
	0  -  Run Bytes Received By Job
	Partitionable Resources :    Usage  Request Allocated Assigned
	   Cpus                 :     2.81        8         8 
	   Disk (KB)            :     3           3      2048 
	   GPUs                 :     0.13        1         1 "GPU-a247d854"
	   GpusMemory (MB)      :  1906                       
	   Memory (MB)          :  2442       30720     30720 
	   TimeExecute (s)      :  5154                       
	   TimeSlotBusy (s)     :  5155                       
...
012 (56641.000.000) 2025-12-24 07:03:56 Job was held.
	via condor_hold (by user plintilhac)
	Code 1 Subcode 0
...
013 (56641.000.000) 2025-12-24 07:06:08 Job was released.
	via condor_release (by user plintilhac)
...
001 (56641.000.000) 2025-12-24 07:06:36 Job executing on host: <134.96.105.148:9618?addrs=134.96.105.148-9618&alias=hopper-2.coli.uni-saarland.de&noUDP&sock=startd_4451_9821>
	SlotName: slot1_1@hopper-2.coli.uni-saarland.de
	AvailableGPUs = { GPUs_GPU_45de52f4 }
	CondorScratchDir = "/var/lib/condor/execute/dir_3214772"
	Cpus = 8
	Disk = 2048
	GPUs = 1
	GPUs_GPU_45de52f4 = [ Id = "GPU-45de52f4"; ClockMhz = 1755.0; Capability = 9.0; CoresPerCU = 128; DeviceName = "NVIDIA H100 PCIe"; DeviceUuid = "45de52f4-d702-ecbf-6bda-1f1cce804ac1"; ECCEnabled = true; ComputeUnits = 114; DriverVersion = 12.8; DevicePciBusId = "0000:3A:00.0"; GlobalMemoryMb = 81090; MaxSupportedVersion = 12080 ]
	Memory = 30720
...
006 (56641.000.000) 2025-12-24 14:07:29 Image size of job updated: 2514432
	2442  -  MemoryUsage of job (MB)
	2500000  -  ResidentSetSize of job (KB)
...
006 (56641.000.000) 2025-12-24 14:47:33 Image size of job updated: 2532996
	2442  -  MemoryUsage of job (MB)
	2500000  -  ResidentSetSize of job (KB)
...
022 (56641.000.000) 2025-12-24 15:28:59 Job disconnected, attempting to reconnect
    Local schedd and job shadow died, schedd now running again
    Trying to reconnect to slot1_1@hopper-2.coli.uni-saarland.de <134.96.105.148:9618?addrs=134.96.105.148-9618&alias=hopper-2.coli.uni-saarland.de&noUDP&sock=startd_4451_9821>
...
022 (56641.000.000) 2025-12-24 15:29:01 Job disconnected, attempting to reconnect
    Local schedd and job shadow died, schedd now running again
    Trying to reconnect to slot1_1@hopper-2.coli.uni-saarland.de <134.96.105.148:9618?addrs=134.96.105.148-9618&alias=hopper-2.coli.uni-saarland.de&noUDP&sock=startd_4451_9821>
...
023 (56641.000.000) 2025-12-24 15:29:02 Job reconnected to slot1_1@hopper-2.coli.uni-saarland.de
    startd address: <134.96.105.148:9618?addrs=134.96.105.148-9618&alias=hopper-2.coli.uni-saarland.de&noUDP&sock=startd_4451_9821>
    starter address: <134.96.105.148:9618?addrs=134.96.105.148-9618&alias=hopper-2.coli.uni-saarland.de&noUDP&sock=slot1_1_4981_50a4_2444>
...
006 (56641.000.000) 2025-12-24 15:57:40 Image size of job updated: 2750000
	2455  -  MemoryUsage of job (MB)
	2513908  -  ResidentSetSize of job (KB)
...
006 (56641.000.000) 2025-12-24 16:02:40 Image size of job updated: 2750000
	2492  -  MemoryUsage of job (MB)
	2550820  -  ResidentSetSize of job (KB)
...
006 (56641.000.000) 2025-12-24 16:17:41 Image size of job updated: 2750000
	2493  -  MemoryUsage of job (MB)
	2552600  -  ResidentSetSize of job (KB)
...
006 (56641.000.000) 2025-12-24 16:32:43 Image size of job updated: 2750000
	2502  -  MemoryUsage of job (MB)
	2561272  -  ResidentSetSize of job (KB)
...
006 (56641.000.000) 2025-12-24 17:17:48 Image size of job updated: 2750000
	2505  -  MemoryUsage of job (MB)
	2564724  -  ResidentSetSize of job (KB)
...
006 (56641.000.000) 2025-12-24 17:27:49 Image size of job updated: 2750000
	2529  -  MemoryUsage of job (MB)
	2588952  -  ResidentSetSize of job (KB)
...
006 (56641.000.000) 2025-12-24 17:47:52 Image size of job updated: 2750000
	2544  -  MemoryUsage of job (MB)
	2604200  -  ResidentSetSize of job (KB)
...
006 (56641.000.000) 2025-12-24 18:07:53 Image size of job updated: 2750000
	2590  -  MemoryUsage of job (MB)
	2651232  -  ResidentSetSize of job (KB)
...
006 (56641.000.000) 2025-12-24 19:08:00 Image size of job updated: 2754848
	2590  -  MemoryUsage of job (MB)
	2651232  -  ResidentSetSize of job (KB)
...
006 (56641.000.000) 2025-12-24 19:18:00 Image size of job updated: 2754848
	2643  -  MemoryUsage of job (MB)
	2706284  -  ResidentSetSize of job (KB)
...
006 (56641.000.000) 2025-12-24 19:33:01 Image size of job updated: 2754848
	2656  -  MemoryUsage of job (MB)
	2718896  -  ResidentSetSize of job (KB)
...
006 (56641.000.000) 2025-12-24 19:38:02 Image size of job updated: 2754848
	2677  -  MemoryUsage of job (MB)
	2741156  -  ResidentSetSize of job (KB)
...
006 (56641.000.000) 2025-12-24 19:53:03 Image size of job updated: 2829460
	2677  -  MemoryUsage of job (MB)
	2741156  -  ResidentSetSize of job (KB)
...
006 (56641.000.000) 2025-12-24 20:28:06 Image size of job updated: 2829460
	2718  -  MemoryUsage of job (MB)
	2782212  -  ResidentSetSize of job (KB)
...
006 (56641.000.000) 2025-12-24 20:38:07 Image size of job updated: 2835028
	2718  -  MemoryUsage of job (MB)
	2782212  -  ResidentSetSize of job (KB)
...
006 (56641.000.000) 2025-12-24 20:43:07 Image size of job updated: 2839268
	2718  -  MemoryUsage of job (MB)
	2782212  -  ResidentSetSize of job (KB)
...
006 (56641.000.000) 2025-12-24 20:48:08 Image size of job updated: 2892600
	2718  -  MemoryUsage of job (MB)
	2782212  -  ResidentSetSize of job (KB)
...
006 (56641.000.000) 2025-12-24 20:53:08 Image size of job updated: 2892600
	2746  -  MemoryUsage of job (MB)
	2811216  -  ResidentSetSize of job (KB)
...
006 (56641.000.000) 2025-12-24 21:03:09 Image size of job updated: 2920800
	2746  -  MemoryUsage of job (MB)
	2811216  -  ResidentSetSize of job (KB)
...
006 (56641.000.000) 2025-12-24 22:03:14 Image size of job updated: 2920800
	2755  -  MemoryUsage of job (MB)
	2820976  -  ResidentSetSize of job (KB)
...
006 (56641.000.000) 2025-12-24 22:08:15 Image size of job updated: 2930048
	2795  -  MemoryUsage of job (MB)
	2861604  -  ResidentSetSize of job (KB)
...
006 (56641.000.000) 2025-12-24 22:28:17 Image size of job updated: 2930048
	2798  -  MemoryUsage of job (MB)
	2864168  -  ResidentSetSize of job (KB)
...
006 (56641.000.000) 2025-12-24 22:33:17 Image size of job updated: 2949908
	2798  -  MemoryUsage of job (MB)
	2864168  -  ResidentSetSize of job (KB)
...
006 (56641.000.000) 2025-12-24 22:43:18 Image size of job updated: 2957624
	2798  -  MemoryUsage of job (MB)
	2864168  -  ResidentSetSize of job (KB)
...
006 (56641.000.000) 2025-12-24 22:48:18 Image size of job updated: 2957624
	2804  -  MemoryUsage of job (MB)
	2870744  -  ResidentSetSize of job (KB)
...
006 (56641.000.000) 2025-12-24 23:03:20 Image size of job updated: 2957624
	2857  -  MemoryUsage of job (MB)
	2924700  -  ResidentSetSize of job (KB)
...
006 (56641.000.000) 2025-12-24 23:18:22 Image size of job updated: 2963288
	2857  -  MemoryUsage of job (MB)
	2924700  -  ResidentSetSize of job (KB)
...
006 (56641.000.000) 2025-12-24 23:28:23 Image size of job updated: 2973028
	2857  -  MemoryUsage of job (MB)
	2924700  -  ResidentSetSize of job (KB)
...
006 (56641.000.000) 2025-12-24 23:38:24 Image size of job updated: 2973028
	2873  -  MemoryUsage of job (MB)
	2941128  -  ResidentSetSize of job (KB)
...
006 (56641.000.000) 2025-12-24 23:43:24 Image size of job updated: 3025604
	2873  -  MemoryUsage of job (MB)
	2941128  -  ResidentSetSize of job (KB)
...
006 (56641.000.000) 2025-12-25 00:48:31 Image size of job updated: 3025604
	2892  -  MemoryUsage of job (MB)
	2961164  -  ResidentSetSize of job (KB)
...
006 (56641.000.000) 2025-12-25 00:58:33 Image size of job updated: 3084468
	2892  -  MemoryUsage of job (MB)
	2961164  -  ResidentSetSize of job (KB)
...
006 (56641.000.000) 2025-12-25 01:03:33 Image size of job updated: 3084468
	2907  -  MemoryUsage of job (MB)
	2976552  -  ResidentSetSize of job (KB)
...
006 (56641.000.000) 2025-12-25 01:38:37 Image size of job updated: 3084468
	2936  -  MemoryUsage of job (MB)
	3005916  -  ResidentSetSize of job (KB)
...
006 (56641.000.000) 2025-12-25 02:13:39 Image size of job updated: 3089900
	2936  -  MemoryUsage of job (MB)
	3005916  -  ResidentSetSize of job (KB)
...
006 (56641.000.000) 2025-12-25 02:28:41 Image size of job updated: 3089900
	2973  -  MemoryUsage of job (MB)
	3043564  -  ResidentSetSize of job (KB)
...
006 (56641.000.000) 2025-12-25 02:33:42 Image size of job updated: 3118928
	2973  -  MemoryUsage of job (MB)
	3043564  -  ResidentSetSize of job (KB)
...
006 (56641.000.000) 2025-12-25 02:53:44 Image size of job updated: 3121248
	2973  -  MemoryUsage of job (MB)
	3043564  -  ResidentSetSize of job (KB)
...
006 (56641.000.000) 2025-12-25 03:03:45 Image size of job updated: 3123504
	2973  -  MemoryUsage of job (MB)
	3043564  -  ResidentSetSize of job (KB)
...
006 (56641.000.000) 2025-12-25 03:18:46 Image size of job updated: 3126416
	3026  -  MemoryUsage of job (MB)
	3098088  -  ResidentSetSize of job (KB)
...
006 (56641.000.000) 2025-12-25 03:38:49 Image size of job updated: 3129480
	3026  -  MemoryUsage of job (MB)
	3098088  -  ResidentSetSize of job (KB)
...
006 (56641.000.000) 2025-12-25 03:48:49 Image size of job updated: 3151028
	3032  -  MemoryUsage of job (MB)
	3104504  -  ResidentSetSize of job (KB)
...
006 (56641.000.000) 2025-12-25 04:08:52 Image size of job updated: 3166956
	3035  -  MemoryUsage of job (MB)
	3107228  -  ResidentSetSize of job (KB)
...
006 (56641.000.000) 2025-12-25 04:13:52 Image size of job updated: 3197840
	3035  -  MemoryUsage of job (MB)
	3107228  -  ResidentSetSize of job (KB)
...
006 (56641.000.000) 2025-12-25 04:18:53 Image size of job updated: 3206180
	3035  -  MemoryUsage of job (MB)
	3107228  -  ResidentSetSize of job (KB)
...
006 (56641.000.000) 2025-12-25 04:23:54 Image size of job updated: 3236188
	3046  -  MemoryUsage of job (MB)
	3118648  -  ResidentSetSize of job (KB)
...
006 (56641.000.000) 2025-12-25 04:28:54 Image size of job updated: 3236188
	3074  -  MemoryUsage of job (MB)
	3147020  -  ResidentSetSize of job (KB)
...
006 (56641.000.000) 2025-12-25 04:48:56 Image size of job updated: 3236188
	3118  -  MemoryUsage of job (MB)
	3192472  -  ResidentSetSize of job (KB)
...
006 (56641.000.000) 2025-12-25 05:29:00 Image size of job updated: 3259844
	3121  -  MemoryUsage of job (MB)
	3195508  -  ResidentSetSize of job (KB)
...
006 (56641.000.000) 2025-12-25 05:49:02 Image size of job updated: 3267052
	3121  -  MemoryUsage of job (MB)
	3195508  -  ResidentSetSize of job (KB)
...
006 (56641.000.000) 2025-12-25 06:04:03 Image size of job updated: 3283608
	3121  -  MemoryUsage of job (MB)
	3195508  -  ResidentSetSize of job (KB)
...
006 (56641.000.000) 2025-12-25 06:14:04 Image size of job updated: 3283608
	3121  -  MemoryUsage of job (MB)
	3195700  -  ResidentSetSize of job (KB)
...
006 (56641.000.000) 2025-12-25 06:19:05 Image size of job updated: 3291608
	3121  -  MemoryUsage of job (MB)
	3195700  -  ResidentSetSize of job (KB)
...
006 (56641.000.000) 2025-12-25 06:29:06 Image size of job updated: 3291608
	3132  -  MemoryUsage of job (MB)
	3206740  -  ResidentSetSize of job (KB)
...
006 (56641.000.000) 2025-12-25 06:39:07 Image size of job updated: 3291608
	3173  -  MemoryUsage of job (MB)
	3249044  -  ResidentSetSize of job (KB)
...
006 (56641.000.000) 2025-12-25 06:44:07 Image size of job updated: 3328652
	3173  -  MemoryUsage of job (MB)
	3249044  -  ResidentSetSize of job (KB)
...
006 (56641.000.000) 2025-12-25 06:59:09 Image size of job updated: 3412356
	3173  -  MemoryUsage of job (MB)
	3249044  -  ResidentSetSize of job (KB)
...
021 (56641.000.000) 2025-12-25 07:06:41 Error from starter on slot1_1@hopper-2.coli.uni-saarland.de:
	Interactive job ran longer than requested
	Code 21 Subcode 0
...
004 (56641.000.000) 2025-12-25 07:06:41 Job was evicted.
	(0) CPU times
		Usr 3 22:01:13, Sys 0 06:06:06  -  Run Remote Usage
		Usr 0 00:00:00, Sys 0 00:00:00  -  Run Local Usage
	0  -  Run Bytes Sent By Job
	0  -  Run Bytes Received By Job
	Error from slot1_1@hopper-2.coli.uni-saarland.de: Interactive job ran longer than requested
	Partitionable Resources :        Usage  Request Allocated 
	   Cpus                 :         4.44        8         8 
	   Disk (KB)            :         3           3      2048 
	   Memory (MB)          :      3173       30720     30720 
	   TimeExecute (s)      :      5154                       
	   TimeSlotBusy (s)     : 165307661                       
...
012 (56641.000.000) 2025-12-25 07:06:41 Job was held.
	Error from slot1_1@hopper-2.coli.uni-saarland.de: Interactive job ran longer than requested
	Code 21 Subcode 0
...
013 (56641.000.000) 2025-12-26 15:29:27 Job was released.
	via condor_release (by user plintilhac)
...
001 (56641.000.000) 2025-12-26 15:30:27 Job executing on host: <134.96.105.149:9618?addrs=134.96.105.149-9618&alias=hopper-3.coli.uni-saarland.de&noUDP&sock=startd_3249692_fe20>
	SlotName: slot1_3@hopper-3.coli.uni-saarland.de
	AvailableGPUs = { GPUs_GPU_d872b7aa }
	CondorScratchDir = "/var/lib/condor/execute/dir_528480"
	Cpus = 8
	Disk = 2048
	GPUs = 1
	GPUs_GPU_d872b7aa = [ Id = "GPU-d872b7aa"; ClockMhz = 1755.0; Capability = 9.0; CoresPerCU = 128; DeviceName = "NVIDIA H100 PCIe"; DeviceUuid = "d872b7aa-ecc9-77d4-4c05-7b302ac5bea4"; ECCEnabled = true; ComputeUnits = 114; NvidiaDriver = "570.124.06"; DriverVersion = 12.8; DevicePciBusId = "0000:6C:00.0"; GlobalMemoryMb = 81090; MaxSupportedVersion = 12080 ]
	Memory = 30720
...
004 (56641.000.000) 2025-12-26 15:59:27 Job was evicted.
	(0) CPU times
		Usr 0 01:45:23, Sys 0 00:08:11  -  Run Remote Usage
		Usr 0 00:00:00, Sys 0 00:00:00  -  Run Local Usage
	0  -  Run Bytes Sent By Job
	0  -  Run Bytes Received By Job
	Partitionable Resources :    Usage  Request Allocated Assigned
	   Cpus                 :     0.99        8         8 
	   Disk (KB)            :     3           3      2048 
	   GPUs                 :     0           1         1 "GPU-d872b7aa"
	   GpusMemory (MB)      :  1906                       
	   Memory (MB)          :  3174       30720     30720 
	   TimeExecute (s)      :  1739                       
	   TimeSlotBusy (s)     :  1740                       
...
012 (56641.000.000) 2025-12-26 15:59:27 Job was held.
	via condor_hold (by user plintilhac)
	Code 1 Subcode 0
...
013 (56641.000.000) 2025-12-26 16:07:18 Job was released.
	via condor_release (by user plintilhac)
...
001 (56641.000.000) 2025-12-26 16:08:18 Job executing on host: <134.96.105.149:9618?addrs=134.96.105.149-9618&alias=hopper-3.coli.uni-saarland.de&noUDP&sock=startd_3249692_fe20>
	SlotName: slot1_3@hopper-3.coli.uni-saarland.de
	AvailableGPUs = { GPUs_GPU_d872b7aa }
	CondorScratchDir = "/var/lib/condor/execute/dir_550820"
	Cpus = 8
	Disk = 2048
	GPUs = 1
	GPUs_GPU_d872b7aa = [ Id = "GPU-d872b7aa"; ClockMhz = 1755.0; Capability = 9.0; CoresPerCU = 128; DeviceName = "NVIDIA H100 PCIe"; DeviceUuid = "d872b7aa-ecc9-77d4-4c05-7b302ac5bea4"; ECCEnabled = true; ComputeUnits = 114; NvidiaDriver = "570.124.06"; DriverVersion = 12.8; DevicePciBusId = "0000:6C:00.0"; GlobalMemoryMb = 81090; MaxSupportedVersion = 12080 ]
	Memory = 30720
...
004 (56641.000.000) 2025-12-26 16:09:06 Job was evicted.
	(0) CPU times
		Usr 0 00:00:14, Sys 0 00:00:04  -  Run Remote Usage
		Usr 0 00:00:00, Sys 0 00:00:00  -  Run Local Usage
	0  -  Run Bytes Sent By Job
	0  -  Run Bytes Received By Job
	Partitionable Resources :    Usage  Request Allocated Assigned
	   Cpus                 :        0        8         8 
	   Disk (KB)            :        3        3      2048 
	   GPUs                 :        0        1         1 "GPU-d872b7aa"
	   Memory (MB)          :     3174    30720     30720 
	   TimeExecute (s)      :       47                    
	   TimeSlotBusy (s)     :       48                    
...
012 (56641.000.000) 2025-12-26 16:09:06 Job was held.
	via condor_hold (by user plintilhac)
	Code 1 Subcode 0
...
013 (56641.000.000) 2025-12-26 16:09:46 Job was released.
	via condor_release (by user plintilhac)
...
001 (56641.000.000) 2025-12-26 16:10:46 Job executing on host: <134.96.105.149:9618?addrs=134.96.105.149-9618&alias=hopper-3.coli.uni-saarland.de&noUDP&sock=startd_3249692_fe20>
	SlotName: slot1_3@hopper-3.coli.uni-saarland.de
	AvailableGPUs = { GPUs_GPU_d872b7aa }
	CondorScratchDir = "/var/lib/condor/execute/dir_552402"
	Cpus = 8
	Disk = 2048
	GPUs = 1
	GPUs_GPU_d872b7aa = [ Id = "GPU-d872b7aa"; ClockMhz = 1755.0; Capability = 9.0; CoresPerCU = 128; DeviceName = "NVIDIA H100 PCIe"; DeviceUuid = "d872b7aa-ecc9-77d4-4c05-7b302ac5bea4"; ECCEnabled = true; ComputeUnits = 114; NvidiaDriver = "570.124.06"; DriverVersion = 12.8; DevicePciBusId = "0000:6C:00.0"; GlobalMemoryMb = 81090; MaxSupportedVersion = 12080 ]
	Memory = 30720
...
004 (56641.000.000) 2025-12-26 16:11:48 Job was evicted.
	(0) CPU times
		Usr 0 00:00:42, Sys 0 00:00:05  -  Run Remote Usage
		Usr 0 00:00:00, Sys 0 00:00:00  -  Run Local Usage
	0  -  Run Bytes Sent By Job
	0  -  Run Bytes Received By Job
	Partitionable Resources :    Usage  Request Allocated Assigned
	   Cpus                 :        0        8         8 
	   Disk (KB)            :        3        3      2048 
	   GPUs                 :        0        1         1 "GPU-d872b7aa"
	   GpusMemory (MB)      :      473                    
	   Memory (MB)          :     3174    30720     30720 
	   TimeExecute (s)      :       61                    
	   TimeSlotBusy (s)     :       62                    
...
012 (56641.000.000) 2025-12-26 16:11:48 Job was held.
	via condor_hold (by user plintilhac)
	Code 1 Subcode 0
...
013 (56641.000.000) 2025-12-26 16:23:36 Job was released.
	via condor_release (by user plintilhac)
...
001 (56641.000.000) 2025-12-26 16:24:37 Job executing on host: <134.96.105.149:9618?addrs=134.96.105.149-9618&alias=hopper-3.coli.uni-saarland.de&noUDP&sock=startd_3249692_fe20>
	SlotName: slot1_3@hopper-3.coli.uni-saarland.de
	AvailableGPUs = { GPUs_GPU_d872b7aa }
	CondorScratchDir = "/var/lib/condor/execute/dir_561255"
	Cpus = 8
	Disk = 2048
	GPUs = 1
	GPUs_GPU_d872b7aa = [ Id = "GPU-d872b7aa"; ClockMhz = 1755.0; Capability = 9.0; CoresPerCU = 128; DeviceName = "NVIDIA H100 PCIe"; DeviceUuid = "d872b7aa-ecc9-77d4-4c05-7b302ac5bea4"; ECCEnabled = true; ComputeUnits = 114; NvidiaDriver = "570.124.06"; DriverVersion = 12.8; DevicePciBusId = "0000:6C:00.0"; GlobalMemoryMb = 81090; MaxSupportedVersion = 12080 ]
	Memory = 30720
...
006 (56641.000.000) 2025-12-27 02:20:40 Image size of job updated: 3500000
	3191  -  MemoryUsage of job (MB)
	3267128  -  ResidentSetSize of job (KB)
...
006 (56641.000.000) 2025-12-27 02:45:44 Image size of job updated: 3500000
	3202  -  MemoryUsage of job (MB)
	3277920  -  ResidentSetSize of job (KB)
...
006 (56641.000.000) 2025-12-27 03:30:47 Image size of job updated: 3500000
	3223  -  MemoryUsage of job (MB)
	3299620  -  ResidentSetSize of job (KB)
...
006 (56641.000.000) 2025-12-27 03:40:48 Image size of job updated: 3500000
	3254  -  MemoryUsage of job (MB)
	3332004  -  ResidentSetSize of job (KB)
...
006 (56641.000.000) 2025-12-27 04:00:49 Image size of job updated: 3500000
	3306  -  MemoryUsage of job (MB)
	3384528  -  ResidentSetSize of job (KB)
...
006 (56641.000.000) 2025-12-27 04:25:51 Image size of job updated: 3501772
	3306  -  MemoryUsage of job (MB)
	3384528  -  ResidentSetSize of job (KB)
...
006 (56641.000.000) 2025-12-27 04:35:51 Image size of job updated: 3507956
	3306  -  MemoryUsage of job (MB)
	3384528  -  ResidentSetSize of job (KB)
...
006 (56641.000.000) 2025-12-27 04:40:52 Image size of job updated: 3545368
	3334  -  MemoryUsage of job (MB)
	3413360  -  ResidentSetSize of job (KB)
...
006 (56641.000.000) 2025-12-27 04:45:52 Image size of job updated: 3556916
	3334  -  MemoryUsage of job (MB)
	3413360  -  ResidentSetSize of job (KB)
...
006 (56641.000.000) 2025-12-27 04:50:52 Image size of job updated: 3572100
	3334  -  MemoryUsage of job (MB)
	3413360  -  ResidentSetSize of job (KB)
...
006 (56641.000.000) 2025-12-27 05:00:53 Image size of job updated: 3572100
	3336  -  MemoryUsage of job (MB)
	3415100  -  ResidentSetSize of job (KB)
...
006 (56641.000.000) 2025-12-27 05:05:53 Image size of job updated: 3625284
	3345  -  MemoryUsage of job (MB)
	3424544  -  ResidentSetSize of job (KB)
...
006 (56641.000.000) 2025-12-27 05:10:54 Image size of job updated: 3625284
	3354  -  MemoryUsage of job (MB)
	3433516  -  ResidentSetSize of job (KB)
...
006 (56641.000.000) 2025-12-27 05:15:54 Image size of job updated: 3632832
	3447  -  MemoryUsage of job (MB)
	3529188  -  ResidentSetSize of job (KB)
...
006 (56641.000.000) 2025-12-27 05:20:55 Image size of job updated: 3632832
	3492  -  MemoryUsage of job (MB)
	3575412  -  ResidentSetSize of job (KB)
...
006 (56641.000.000) 2025-12-27 05:35:57 Image size of job updated: 3655780
	3492  -  MemoryUsage of job (MB)
	3575412  -  ResidentSetSize of job (KB)
...
006 (56641.000.000) 2025-12-27 05:50:59 Image size of job updated: 3683292
	3492  -  MemoryUsage of job (MB)
	3575412  -  ResidentSetSize of job (KB)
...
006 (56641.000.000) 2025-12-27 06:06:01 Image size of job updated: 3707380
	3492  -  MemoryUsage of job (MB)
	3575412  -  ResidentSetSize of job (KB)
...
006 (56641.000.000) 2025-12-27 06:11:02 Image size of job updated: 3707380
	3537  -  MemoryUsage of job (MB)
	3621120  -  ResidentSetSize of job (KB)
...
006 (56641.000.000) 2025-12-27 06:21:03 Image size of job updated: 3746080
	3537  -  MemoryUsage of job (MB)
	3621120  -  ResidentSetSize of job (KB)
...
006 (56641.000.000) 2025-12-27 06:31:04 Image size of job updated: 3746080
	3544  -  MemoryUsage of job (MB)
	3628556  -  ResidentSetSize of job (KB)
...
006 (56641.000.000) 2025-12-27 06:36:05 Image size of job updated: 3746080
	3625  -  MemoryUsage of job (MB)
	3711900  -  ResidentSetSize of job (KB)
...
006 (56641.000.000) 2025-12-27 06:56:08 Image size of job updated: 3756500
	3669  -  MemoryUsage of job (MB)
	3756500  -  ResidentSetSize of job (KB)
...
006 (56641.000.000) 2025-12-27 07:01:08 Image size of job updated: 3803816
	3669  -  MemoryUsage of job (MB)
	3756500  -  ResidentSetSize of job (KB)
...
006 (56641.000.000) 2025-12-27 07:11:10 Image size of job updated: 3812276
	3669  -  MemoryUsage of job (MB)
	3756500  -  ResidentSetSize of job (KB)
...
006 (56641.000.000) 2025-12-27 07:21:11 Image size of job updated: 3831224
	3669  -  MemoryUsage of job (MB)
	3756500  -  ResidentSetSize of job (KB)
...
006 (56641.000.000) 2025-12-27 07:26:12 Image size of job updated: 3844080
	3669  -  MemoryUsage of job (MB)
	3756500  -  ResidentSetSize of job (KB)
...
006 (56641.000.000) 2025-12-27 07:31:12 Image size of job updated: 3844080
	3674  -  MemoryUsage of job (MB)
	3762112  -  ResidentSetSize of job (KB)
...
006 (56641.000.000) 2025-12-27 07:36:13 Image size of job updated: 3845792
	3674  -  MemoryUsage of job (MB)
	3762112  -  ResidentSetSize of job (KB)
...
006 (56641.000.000) 2025-12-27 07:41:14 Image size of job updated: 3845792
	3719  -  MemoryUsage of job (MB)
	3807400  -  ResidentSetSize of job (KB)
...
006 (56641.000.000) 2025-12-27 07:46:14 Image size of job updated: 3852660
	3719  -  MemoryUsage of job (MB)
	3807400  -  ResidentSetSize of job (KB)
...
006 (56641.000.000) 2025-12-27 07:51:15 Image size of job updated: 3887556
	3739  -  MemoryUsage of job (MB)
	3828348  -  ResidentSetSize of job (KB)
...
006 (56641.000.000) 2025-12-27 07:56:16 Image size of job updated: 3896848
	3739  -  MemoryUsage of job (MB)
	3828348  -  ResidentSetSize of job (KB)
...
006 (56641.000.000) 2025-12-27 08:06:17 Image size of job updated: 3917140
	3739  -  MemoryUsage of job (MB)
	3828348  -  ResidentSetSize of job (KB)
...
006 (56641.000.000) 2025-12-27 08:11:17 Image size of job updated: 3924412
	3745  -  MemoryUsage of job (MB)
	3834264  -  ResidentSetSize of job (KB)
...
006 (56641.000.000) 2025-12-27 08:16:17 Image size of job updated: 3950948
	3803  -  MemoryUsage of job (MB)
	3894236  -  ResidentSetSize of job (KB)
...
006 (56641.000.000) 2025-12-27 08:26:18 Image size of job updated: 3956608
	3803  -  MemoryUsage of job (MB)
	3894236  -  ResidentSetSize of job (KB)
...
006 (56641.000.000) 2025-12-27 08:31:18 Image size of job updated: 3980016
	3838  -  MemoryUsage of job (MB)
	3929600  -  ResidentSetSize of job (KB)
...
006 (56641.000.000) 2025-12-27 08:36:19 Image size of job updated: 3990312
	3838  -  MemoryUsage of job (MB)
	3929728  -  ResidentSetSize of job (KB)
...
006 (56641.000.000) 2025-12-27 08:41:19 Image size of job updated: 3999160
	3838  -  MemoryUsage of job (MB)
	3929728  -  ResidentSetSize of job (KB)
...
006 (56641.000.000) 2025-12-27 08:46:19 Image size of job updated: 4010012
	3838  -  MemoryUsage of job (MB)
	3929728  -  ResidentSetSize of job (KB)
...
006 (56641.000.000) 2025-12-27 08:56:20 Image size of job updated: 4010012
	3849  -  MemoryUsage of job (MB)
	3941360  -  ResidentSetSize of job (KB)
...
006 (56641.000.000) 2025-12-27 09:01:20 Image size of job updated: 4015832
	3896  -  MemoryUsage of job (MB)
	3989168  -  ResidentSetSize of job (KB)
...
006 (56641.000.000) 2025-12-27 09:06:21 Image size of job updated: 4038260
	3944  -  MemoryUsage of job (MB)
	4038260  -  ResidentSetSize of job (KB)
...
006 (56641.000.000) 2025-12-27 09:11:21 Image size of job updated: 4070956
	3944  -  MemoryUsage of job (MB)
	4038260  -  ResidentSetSize of job (KB)
...
006 (56641.000.000) 2025-12-27 09:26:22 Image size of job updated: 4098200
	3944  -  MemoryUsage of job (MB)
	4038260  -  ResidentSetSize of job (KB)
...
006 (56641.000.000) 2025-12-27 09:31:22 Image size of job updated: 4105988
	3944  -  MemoryUsage of job (MB)
	4038260  -  ResidentSetSize of job (KB)
...
006 (56641.000.000) 2025-12-27 09:41:23 Image size of job updated: 4132936
	3950  -  MemoryUsage of job (MB)
	4043780  -  ResidentSetSize of job (KB)
...
006 (56641.000.000) 2025-12-27 09:46:23 Image size of job updated: 4134804
	3998  -  MemoryUsage of job (MB)
	4093000  -  ResidentSetSize of job (KB)
...
006 (56641.000.000) 2025-12-27 09:56:24 Image size of job updated: 4134996
	4039  -  MemoryUsage of job (MB)
	4134996  -  ResidentSetSize of job (KB)
...
006 (56641.000.000) 2025-12-27 10:01:24 Image size of job updated: 4146980
	4039  -  MemoryUsage of job (MB)
	4134996  -  ResidentSetSize of job (KB)
...
006 (56641.000.000) 2025-12-27 10:06:25 Image size of job updated: 4166788
	4039  -  MemoryUsage of job (MB)
	4134996  -  ResidentSetSize of job (KB)
...
006 (56641.000.000) 2025-12-27 10:11:25 Image size of job updated: 4184980
	4039  -  MemoryUsage of job (MB)
	4134996  -  ResidentSetSize of job (KB)
...
006 (56641.000.000) 2025-12-27 10:16:25 Image size of job updated: 4199068
	4041  -  MemoryUsage of job (MB)
	4137580  -  ResidentSetSize of job (KB)
...
006 (56641.000.000) 2025-12-27 10:31:26 Image size of job updated: 4211772
	4041  -  MemoryUsage of job (MB)
	4137580  -  ResidentSetSize of job (KB)
...
006 (56641.000.000) 2025-12-27 10:36:27 Image size of job updated: 4234748
	4045  -  MemoryUsage of job (MB)
	4141884  -  ResidentSetSize of job (KB)
...
006 (56641.000.000) 2025-12-27 10:41:27 Image size of job updated: 4261428
	4045  -  MemoryUsage of job (MB)
	4141884  -  ResidentSetSize of job (KB)
...
006 (56641.000.000) 2025-12-27 10:46:27 Image size of job updated: 4261428
	4053  -  MemoryUsage of job (MB)
	4149440  -  ResidentSetSize of job (KB)
...
006 (56641.000.000) 2025-12-27 10:51:28 Image size of job updated: 4261428
	4063  -  MemoryUsage of job (MB)
	4159692  -  ResidentSetSize of job (KB)
...
006 (56641.000.000) 2025-12-27 10:56:28 Image size of job updated: 4324584
	4085  -  MemoryUsage of job (MB)
	4182180  -  ResidentSetSize of job (KB)
...
006 (56641.000.000) 2025-12-27 11:06:29 Image size of job updated: 4324584
	4092  -  MemoryUsage of job (MB)
	4189860  -  ResidentSetSize of job (KB)
...
006 (56641.000.000) 2025-12-27 11:11:29 Image size of job updated: 4324584
	4126  -  MemoryUsage of job (MB)
	4224936  -  ResidentSetSize of job (KB)
...
006 (56641.000.000) 2025-12-27 11:21:30 Image size of job updated: 4324584
	4136  -  MemoryUsage of job (MB)
	4234652  -  ResidentSetSize of job (KB)
...
006 (56641.000.000) 2025-12-27 11:31:30 Image size of job updated: 4371404
	4142  -  MemoryUsage of job (MB)
	4240736  -  ResidentSetSize of job (KB)
...
006 (56641.000.000) 2025-12-27 11:36:31 Image size of job updated: 4371404
	4152  -  MemoryUsage of job (MB)
	4250948  -  ResidentSetSize of job (KB)
...
006 (56641.000.000) 2025-12-27 11:41:31 Image size of job updated: 4430084
	4222  -  MemoryUsage of job (MB)
	4322612  -  ResidentSetSize of job (KB)
...
006 (56641.000.000) 2025-12-27 12:11:33 Image size of job updated: 4430084
	4257  -  MemoryUsage of job (MB)
	4358600  -  ResidentSetSize of job (KB)
...
006 (56641.000.000) 2025-12-27 12:16:33 Image size of job updated: 4478020
	4257  -  MemoryUsage of job (MB)
	4358600  -  ResidentSetSize of job (KB)
...
006 (56641.000.000) 2025-12-27 12:31:34 Image size of job updated: 4478020
	4283  -  MemoryUsage of job (MB)
	4385412  -  ResidentSetSize of job (KB)
...
006 (56641.000.000) 2025-12-27 12:36:35 Image size of job updated: 4478020
	4330  -  MemoryUsage of job (MB)
	4433004  -  ResidentSetSize of job (KB)
...
006 (56641.000.000) 2025-12-27 12:46:36 Image size of job updated: 4480436
	4330  -  MemoryUsage of job (MB)
	4433004  -  ResidentSetSize of job (KB)
...
006 (56641.000.000) 2025-12-27 12:51:37 Image size of job updated: 4480436
	4335  -  MemoryUsage of job (MB)
	4438064  -  ResidentSetSize of job (KB)
...
006 (56641.000.000) 2025-12-27 12:56:37 Image size of job updated: 4484156
	4359  -  MemoryUsage of job (MB)
	4462676  -  ResidentSetSize of job (KB)
...
006 (56641.000.000) 2025-12-27 13:01:37 Image size of job updated: 4517520
	4359  -  MemoryUsage of job (MB)
	4462676  -  ResidentSetSize of job (KB)
...
006 (56641.000.000) 2025-12-27 13:11:38 Image size of job updated: 4542396
	4359  -  MemoryUsage of job (MB)
	4462676  -  ResidentSetSize of job (KB)
...
006 (56641.000.000) 2025-12-27 13:26:39 Image size of job updated: 4565236
	4365  -  MemoryUsage of job (MB)
	4468748  -  ResidentSetSize of job (KB)
...
006 (56641.000.000) 2025-12-27 13:31:40 Image size of job updated: 4571132
	4374  -  MemoryUsage of job (MB)
	4478284  -  ResidentSetSize of job (KB)
...
006 (56641.000.000) 2025-12-27 13:36:41 Image size of job updated: 4588612
	4383  -  MemoryUsage of job (MB)
	4488016  -  ResidentSetSize of job (KB)
...
006 (56641.000.000) 2025-12-27 13:41:41 Image size of job updated: 4588612
	4393  -  MemoryUsage of job (MB)
	4497992  -  ResidentSetSize of job (KB)
...
006 (56641.000.000) 2025-12-27 13:46:41 Image size of job updated: 4589596
	4402  -  MemoryUsage of job (MB)
	4507388  -  ResidentSetSize of job (KB)
...
006 (56641.000.000) 2025-12-27 13:51:42 Image size of job updated: 4608204
	4428  -  MemoryUsage of job (MB)
	4533624  -  ResidentSetSize of job (KB)
...
006 (56641.000.000) 2025-12-27 13:56:42 Image size of job updated: 4637196
	4529  -  MemoryUsage of job (MB)
	4637196  -  ResidentSetSize of job (KB)
...
006 (56641.000.000) 2025-12-27 14:06:43 Image size of job updated: 4660432
	4529  -  MemoryUsage of job (MB)
	4637196  -  ResidentSetSize of job (KB)
...
006 (56641.000.000) 2025-12-27 14:11:43 Image size of job updated: 4673432
	4529  -  MemoryUsage of job (MB)
	4637196  -  ResidentSetSize of job (KB)
...
006 (56641.000.000) 2025-12-27 14:16:44 Image size of job updated: 4684932
	4529  -  MemoryUsage of job (MB)
	4637196  -  ResidentSetSize of job (KB)
...
006 (56641.000.000) 2025-12-27 14:21:45 Image size of job updated: 4685220
	4529  -  MemoryUsage of job (MB)
	4637196  -  ResidentSetSize of job (KB)
...
006 (56641.000.000) 2025-12-27 14:26:45 Image size of job updated: 4685220
	4549  -  MemoryUsage of job (MB)
	4657724  -  ResidentSetSize of job (KB)
...
006 (56641.000.000) 2025-12-27 14:31:45 Image size of job updated: 4696152
	4549  -  MemoryUsage of job (MB)
	4657724  -  ResidentSetSize of job (KB)
...
006 (56641.000.000) 2025-12-27 14:36:46 Image size of job updated: 4705440
	4549  -  MemoryUsage of job (MB)
	4657724  -  ResidentSetSize of job (KB)
...
006 (56641.000.000) 2025-12-27 14:41:46 Image size of job updated: 4715940
	4549  -  MemoryUsage of job (MB)
	4657724  -  ResidentSetSize of job (KB)
...
006 (56641.000.000) 2025-12-27 14:46:47 Image size of job updated: 4728936
	4549  -  MemoryUsage of job (MB)
	4657968  -  ResidentSetSize of job (KB)
...
006 (56641.000.000) 2025-12-27 14:51:48 Image size of job updated: 4745420
	4583  -  MemoryUsage of job (MB)
	4692988  -  ResidentSetSize of job (KB)
...
006 (56641.000.000) 2025-12-27 15:01:49 Image size of job updated: 4777752
	4583  -  MemoryUsage of job (MB)
	4692988  -  ResidentSetSize of job (KB)
...
006 (56641.000.000) 2025-12-27 15:16:51 Image size of job updated: 4823948
	4583  -  MemoryUsage of job (MB)
	4692988  -  ResidentSetSize of job (KB)
...
006 (56641.000.000) 2025-12-27 15:26:52 Image size of job updated: 4823948
	4589  -  MemoryUsage of job (MB)
	4698292  -  ResidentSetSize of job (KB)
...
006 (56641.000.000) 2025-12-27 15:31:53 Image size of job updated: 4839532
	4610  -  MemoryUsage of job (MB)
	4720312  -  ResidentSetSize of job (KB)
...
006 (56641.000.000) 2025-12-27 15:41:54 Image size of job updated: 4855292
	4617  -  MemoryUsage of job (MB)
	4727480  -  ResidentSetSize of job (KB)
...
006 (56641.000.000) 2025-12-27 15:46:55 Image size of job updated: 4867100
	4674  -  MemoryUsage of job (MB)
	4785424  -  ResidentSetSize of job (KB)
...
006 (56641.000.000) 2025-12-27 15:51:56 Image size of job updated: 4876976
	4675  -  MemoryUsage of job (MB)
	4786200  -  ResidentSetSize of job (KB)
...
006 (56641.000.000) 2025-12-27 16:01:57 Image size of job updated: 4880680
	4703  -  MemoryUsage of job (MB)
	4815720  -  ResidentSetSize of job (KB)
...
006 (56641.000.000) 2025-12-27 16:11:58 Image size of job updated: 4912680
	4703  -  MemoryUsage of job (MB)
	4815720  -  ResidentSetSize of job (KB)
...
006 (56641.000.000) 2025-12-27 16:22:00 Image size of job updated: 4957680
	4704  -  MemoryUsage of job (MB)
	4815908  -  ResidentSetSize of job (KB)
...
021 (56641.000.000) 2025-12-27 16:24:40 Error from starter on slot1_3@hopper-3.coli.uni-saarland.de:
	Interactive job ran longer than requested
	Code 21 Subcode 0
...
004 (56641.000.000) 2025-12-27 16:24:40 Job was evicted.
	(0) CPU times
		Usr 3 14:01:31, Sys 0 04:09:22  -  Run Remote Usage
		Usr 0 00:00:00, Sys 0 00:00:00  -  Run Local Usage
	0  -  Run Bytes Sent By Job
	0  -  Run Bytes Received By Job
	Error from slot1_3@hopper-3.coli.uni-saarland.de: Interactive job ran longer than requested
	Partitionable Resources :    Usage  Request Allocated Assigned
	   Cpus                 :     3.77        8         8 
	   Disk (KB)            :     3           3      2048 
	   GPUs                 :     0.01        1         1 "GPU-d872b7aa"
	   GpusMemory (MB)      :  1906                       
	   Memory (MB)          :  4704       30720     30720 
	   TimeExecute (s)      :    61                       
	   TimeSlotBusy (s)     : 86403                       
...
012 (56641.000.000) 2025-12-27 16:24:40 Job was held.
	Error from slot1_3@hopper-3.coli.uni-saarland.de: Interactive job ran longer than requested
	Code 21 Subcode 0
...
013 (56641.000.000) 2025-12-28 08:12:56 Job was released.
	via condor_release (by user plintilhac)
...
001 (56641.000.000) 2025-12-28 08:13:57 Job executing on host: <134.96.105.149:9618?addrs=134.96.105.149-9618&alias=hopper-3.coli.uni-saarland.de&noUDP&sock=startd_3249692_fe20>
	SlotName: slot1_3@hopper-3.coli.uni-saarland.de
	AvailableGPUs = { GPUs_GPU_d872b7aa }
	CondorScratchDir = "/var/lib/condor/execute/dir_1704410"
	Cpus = 8
	Disk = 2048
	GPUs = 1
	GPUs_GPU_d872b7aa = [ Id = "GPU-d872b7aa"; ClockMhz = 1755.0; Capability = 9.0; CoresPerCU = 128; DeviceName = "NVIDIA H100 PCIe"; DeviceUuid = "d872b7aa-ecc9-77d4-4c05-7b302ac5bea4"; ECCEnabled = true; ComputeUnits = 114; NvidiaDriver = "570.124.06"; DriverVersion = 12.8; DevicePciBusId = "0000:6C:00.0"; GlobalMemoryMb = 81090; MaxSupportedVersion = 12080 ]
	Memory = 30720
...
