000 (53528.000.000) 2025-12-06 05:32:16 Job submitted from host: <134.96.104.7:9618?addrs=134.96.104.7-9618&alias=submit.coli.uni-saarland.de&noUDP&sock=schedd_933_89f3>
...
001 (53528.000.000) 2025-12-06 05:32:17 Job executing on host: <134.96.105.148:9618?addrs=134.96.105.148-9618&alias=hopper-2.coli.uni-saarland.de&noUDP&sock=startd_4451_9821>
	SlotName: slot1_7@hopper-2.coli.uni-saarland.de
	AvailableGPUs = { GPUs_GPU_f0308d46 }
	CondorScratchDir = "/var/lib/condor/execute/dir_669216"
	Cpus = 8
	Disk = 2048
	GPUs = 1
	GPUs_GPU_f0308d46 = [ Id = "GPU-f0308d46"; ClockMhz = 1755.0; Capability = 9.0; CoresPerCU = 128; DeviceName = "NVIDIA H100 PCIe"; DeviceUuid = "f0308d46-1907-1608-9088-35894cca51f8"; ECCEnabled = true; ComputeUnits = 114; DriverVersion = 12.8; DevicePciBusId = "0000:3B:00.0"; GlobalMemoryMb = 81090; MaxSupportedVersion = 12080 ]
	Memory = 30720
...
006 (53528.000.000) 2025-12-06 05:32:25 Image size of job updated: 108
	1  -  MemoryUsage of job (MB)
	108  -  ResidentSetSize of job (KB)
...
006 (53528.000.000) 2025-12-06 05:37:25 Image size of job updated: 7512
	4  -  MemoryUsage of job (MB)
	3940  -  ResidentSetSize of job (KB)
...
006 (53528.000.000) 2025-12-06 06:37:31 Image size of job updated: 2063152
	1812  -  MemoryUsage of job (MB)
	1855128  -  ResidentSetSize of job (KB)
...
006 (53528.000.000) 2025-12-06 06:42:31 Image size of job updated: 2063152
	1913  -  MemoryUsage of job (MB)
	1958420  -  ResidentSetSize of job (KB)
...
006 (53528.000.000) 2025-12-06 06:57:32 Image size of job updated: 2063152
	1949  -  MemoryUsage of job (MB)
	1994992  -  ResidentSetSize of job (KB)
...
006 (53528.000.000) 2025-12-06 07:17:35 Image size of job updated: 2075100
	1967  -  MemoryUsage of job (MB)
	2014140  -  ResidentSetSize of job (KB)
...
006 (53528.000.000) 2025-12-06 07:22:35 Image size of job updated: 2086912
	1967  -  MemoryUsage of job (MB)
	2014140  -  ResidentSetSize of job (KB)
...
006 (53528.000.000) 2025-12-06 07:37:36 Image size of job updated: 2090716
	1967  -  MemoryUsage of job (MB)
	2014140  -  ResidentSetSize of job (KB)
...
006 (53528.000.000) 2025-12-06 07:47:38 Image size of job updated: 2091212
	1967  -  MemoryUsage of job (MB)
	2014140  -  ResidentSetSize of job (KB)
...
006 (53528.000.000) 2025-12-06 07:52:38 Image size of job updated: 2130272
	2079  -  MemoryUsage of job (MB)
	2128088  -  ResidentSetSize of job (KB)
...
006 (53528.000.000) 2025-12-06 07:57:39 Image size of job updated: 2147012
	2083  -  MemoryUsage of job (MB)
	2132308  -  ResidentSetSize of job (KB)
...
006 (53528.000.000) 2025-12-06 08:02:39 Image size of job updated: 2154788
	2083  -  MemoryUsage of job (MB)
	2132308  -  ResidentSetSize of job (KB)
...
006 (53528.000.000) 2025-12-06 08:07:40 Image size of job updated: 2160952
	2083  -  MemoryUsage of job (MB)
	2132308  -  ResidentSetSize of job (KB)
...
006 (53528.000.000) 2025-12-06 08:12:41 Image size of job updated: 2160952
	2084  -  MemoryUsage of job (MB)
	2133976  -  ResidentSetSize of job (KB)
...
006 (53528.000.000) 2025-12-06 08:17:41 Image size of job updated: 2160952
	2087  -  MemoryUsage of job (MB)
	2136704  -  ResidentSetSize of job (KB)
...
006 (53528.000.000) 2025-12-06 08:22:42 Image size of job updated: 2160952
	2090  -  MemoryUsage of job (MB)
	2139356  -  ResidentSetSize of job (KB)
...
006 (53528.000.000) 2025-12-06 08:27:43 Image size of job updated: 2160952
	2092  -  MemoryUsage of job (MB)
	2142072  -  ResidentSetSize of job (KB)
...
006 (53528.000.000) 2025-12-06 08:32:43 Image size of job updated: 2160952
	2095  -  MemoryUsage of job (MB)
	2144712  -  ResidentSetSize of job (KB)
...
006 (53528.000.000) 2025-12-06 10:27:55 Image size of job updated: 2161792
	2095  -  MemoryUsage of job (MB)
	2144712  -  ResidentSetSize of job (KB)
...
021 (53528.000.000) 2025-12-07 05:32:20 Error from starter on slot1_7@hopper-2.coli.uni-saarland.de:
	Interactive job ran longer than requested
	Code 21 Subcode 0
...
004 (53528.000.000) 2025-12-07 05:32:20 Job was evicted.
	(0) CPU times
		Usr 0 16:13:12, Sys 0 00:37:28  -  Run Remote Usage
		Usr 0 00:00:00, Sys 0 00:00:00  -  Run Local Usage
	0  -  Run Bytes Sent By Job
	0  -  Run Bytes Received By Job
	Error from slot1_7@hopper-2.coli.uni-saarland.de: Interactive job ran longer than requested
	Partitionable Resources :    Usage  Request Allocated Assigned
	   Cpus                 :     0           8         8 
	   Disk (KB)            :    37          37      2048 
	   GPUs                 :     0.01        1         1 "GPU-f0308d46"
	   GpusMemory (MB)      :  1892                       
	   Memory (MB)          :  2095       30720     30720 
	   TimeExecute (s)      : 19746                       
	   TimeSlotBusy (s)     : 86403                       
...
012 (53528.000.000) 2025-12-07 05:32:20 Job was held.
	Error from slot1_7@hopper-2.coli.uni-saarland.de: Interactive job ran longer than requested
	Code 21 Subcode 0
...
009 (53528.000.000) 2025-12-12 08:58:40 Job was aborted.
	via condor_rm (by user plintilhac)
...
