000 (53985.000.000) 2025-12-12 09:04:09 Job submitted from host: <134.96.104.7:9618?addrs=134.96.104.7-9618&alias=submit.coli.uni-saarland.de&noUDP&sock=schedd_933_89f3>
...
001 (53985.000.000) 2025-12-12 09:04:09 Job executing on host: <134.96.105.149:9618?addrs=134.96.105.149-9618&alias=hopper-3.coli.uni-saarland.de&noUDP&sock=startd_3249692_fe20>
	SlotName: slot1_2@hopper-3.coli.uni-saarland.de
	AvailableGPUs = { GPUs_GPU_d083280b }
	CondorScratchDir = "/var/lib/condor/execute/dir_273483"
	Cpus = 8
	Disk = 2048
	GPUs = 1
	GPUs_GPU_d083280b = [ Id = "GPU-d083280b"; ClockMhz = 1755.0; Capability = 9.0; CoresPerCU = 128; DeviceName = "NVIDIA H100 PCIe"; DeviceUuid = "d083280b-5fe7-70f5-f18f-adc2b16793fc"; ECCEnabled = true; ComputeUnits = 114; NvidiaDriver = "570.124.06"; DriverVersion = 12.8; DevicePciBusId = "0000:19:00.0"; GlobalMemoryMb = 81090; MaxSupportedVersion = 12080 ]
	Memory = 30720
...
021 (53985.000.000) 2025-12-12 09:04:09 Error from starter on slot1_2@hopper-3.coli.uni-saarland.de:
	Failed to execute '/nethome/plintilhac/boolean_function_sensitivity/job_wrapper.sh': (errno=13: 'Permission denied')
	Code 6 Subcode 13
...
004 (53985.000.000) 2025-12-12 09:04:09 Job was evicted.
	(0) CPU times
		Usr 0 00:00:00, Sys 0 00:00:00  -  Run Remote Usage
		Usr 0 00:00:00, Sys 0 00:00:00  -  Run Local Usage
	0  -  Run Bytes Sent By Job
	0  -  Run Bytes Received By Job
	Error from slot1_2@hopper-3.coli.uni-saarland.de: Failed to execute '/nethome/plintilhac/boolean_function_sensitivity/job_wrapper.sh': (errno=13: 'Permission denied')
	Partitionable Resources :    Usage  Request Allocated Assigned
	   Cpus                 :                 8         8 
	   Disk (KB)            :        3        3      2048 
	   GPUs                 :                 1         1 "GPU-d083280b"
	   Memory (MB)          :             30720     30720 
	   TimeSlotBusy (s)     :        0                    
...
012 (53985.000.000) 2025-12-12 09:04:09 Job was held.
	Error from slot1_2@hopper-3.coli.uni-saarland.de: Failed to execute '/nethome/plintilhac/boolean_function_sensitivity/job_wrapper.sh': (errno=13: 'Permission denied')
	Code 6 Subcode 13
...
013 (53985.000.000) 2025-12-12 09:10:59 Job was released.
	via condor_release (by user plintilhac)
...
001 (53985.000.000) 2025-12-12 09:11:08 Job executing on host: <134.96.105.149:9618?addrs=134.96.105.149-9618&alias=hopper-3.coli.uni-saarland.de&noUDP&sock=startd_3249692_fe20>
	SlotName: slot1_6@hopper-3.coli.uni-saarland.de
	AvailableGPUs = { GPUs_GPU_8e8e60e4 }
	CondorScratchDir = "/var/lib/condor/execute/dir_276595"
	Cpus = 8
	Disk = 2048
	GPUs = 1
	GPUs_GPU_8e8e60e4 = [ Id = "GPU-8e8e60e4"; ClockMhz = 1755.0; Capability = 9.0; CoresPerCU = 128; DeviceName = "NVIDIA H100 PCIe"; DeviceUuid = "8e8e60e4-09ed-a455-088a-ed97d39f9c31"; ECCEnabled = true; ComputeUnits = 114; NvidiaDriver = "570.124.06"; DriverVersion = 12.8; DevicePciBusId = "0001:1B:00.0"; GlobalMemoryMb = 81090; MaxSupportedVersion = 12080 ]
	Memory = 30720
...
006 (53985.000.000) 2025-12-12 09:11:22 Image size of job updated: 185756
	182  -  MemoryUsage of job (MB)
	185756  -  ResidentSetSize of job (KB)
...
006 (53985.000.000) 2025-12-12 09:11:57 Image size of job updated: 230536
	182  -  MemoryUsage of job (MB)
	185760  -  ResidentSetSize of job (KB)
...
004 (53985.000.000) 2025-12-12 09:11:57 Job was evicted.
	(0) CPU times
		Usr 0 00:00:01, Sys 0 00:00:00  -  Run Remote Usage
		Usr 0 00:00:00, Sys 0 00:00:00  -  Run Local Usage
	0  -  Run Bytes Sent By Job
	0  -  Run Bytes Received By Job
	Partitionable Resources :    Usage  Request Allocated Assigned
	   Cpus                 :        0        8         8 
	   Disk (KB)            :        3        3      2048 
	   GPUs                 :        0        1         1 "GPU-8e8e60e4"
	   GpusMemory (MB)      :      473                    
	   Memory (MB)          :      182    30720     30720 
	   TimeExecute (s)      :       48                    
	   TimeSlotBusy (s)     :       49                    
...
009 (53985.000.000) 2025-12-12 09:11:57 Job was aborted.
	via condor_rm (by user plintilhac)
...
