000 (54181.000.000) 2025-12-14 01:22:29 Job submitted from host: <134.96.104.7:9618?addrs=134.96.104.7-9618&alias=submit.coli.uni-saarland.de&noUDP&sock=schedd_933_89f3>
...
001 (54181.000.000) 2025-12-14 01:22:34 Job executing on host: <134.96.105.148:9618?addrs=134.96.105.148-9618&alias=hopper-2.coli.uni-saarland.de&noUDP&sock=startd_4451_9821>
	SlotName: slot1_8@hopper-2.coli.uni-saarland.de
	AvailableGPUs = { GPUs_GPU_f0f5568f }
	CondorScratchDir = "/var/lib/condor/execute/dir_2007265"
	Cpus = 8
	Disk = 2048
	GPUs = 1
	GPUs_GPU_f0f5568f = [ Id = "GPU-f0f5568f"; ClockMhz = 1755.0; Capability = 9.0; CoresPerCU = 128; DeviceName = "NVIDIA H100 PCIe"; DeviceUuid = "f0f5568f-6e3e-de3c-d8f8-dd0d35ad4340"; ECCEnabled = true; ComputeUnits = 114; DriverVersion = 12.8; DevicePciBusId = "0000:19:00.0"; GlobalMemoryMb = 81090; MaxSupportedVersion = 12080 ]
	Memory = 30720
...
006 (54181.000.000) 2025-12-14 01:22:43 Image size of job updated: 231792
	227  -  MemoryUsage of job (MB)
	231792  -  ResidentSetSize of job (KB)
...
006 (54181.000.000) 2025-12-14 01:27:44 Image size of job updated: 1964388
	1919  -  MemoryUsage of job (MB)
	1964388  -  ResidentSetSize of job (KB)
...
006 (54181.000.000) 2025-12-14 01:32:44 Image size of job updated: 1980644
	1919  -  MemoryUsage of job (MB)
	1964388  -  ResidentSetSize of job (KB)
...
006 (54181.000.000) 2025-12-14 01:37:44 Image size of job updated: 2012720
	1919  -  MemoryUsage of job (MB)
	1964388  -  ResidentSetSize of job (KB)
...
006 (54181.000.000) 2025-12-14 01:47:45 Image size of job updated: 2013672
	1919  -  MemoryUsage of job (MB)
	1964388  -  ResidentSetSize of job (KB)
...
006 (54181.000.000) 2025-12-14 01:52:45 Image size of job updated: 2013672
	1951  -  MemoryUsage of job (MB)
	1997744  -  ResidentSetSize of job (KB)
...
006 (54181.000.000) 2025-12-14 01:57:46 Image size of job updated: 2019532
	1951  -  MemoryUsage of job (MB)
	1997744  -  ResidentSetSize of job (KB)
...
006 (54181.000.000) 2025-12-14 02:02:46 Image size of job updated: 2042588
	1951  -  MemoryUsage of job (MB)
	1997744  -  ResidentSetSize of job (KB)
...
006 (54181.000.000) 2025-12-14 02:12:48 Image size of job updated: 2044624
	1951  -  MemoryUsage of job (MB)
	1997744  -  ResidentSetSize of job (KB)
...
006 (54181.000.000) 2025-12-14 02:22:49 Image size of job updated: 2062328
	1951  -  MemoryUsage of job (MB)
	1997744  -  ResidentSetSize of job (KB)
...
006 (54181.000.000) 2025-12-14 02:52:52 Image size of job updated: 2064976
	1951  -  MemoryUsage of job (MB)
	1997744  -  ResidentSetSize of job (KB)
...
006 (54181.000.000) 2025-12-14 02:57:52 Image size of job updated: 2083476
	1951  -  MemoryUsage of job (MB)
	1997744  -  ResidentSetSize of job (KB)
...
006 (54181.000.000) 2025-12-14 03:02:52 Image size of job updated: 2083476
	1975  -  MemoryUsage of job (MB)
	2022364  -  ResidentSetSize of job (KB)
...
006 (54181.000.000) 2025-12-14 03:07:53 Image size of job updated: 2083476
	1986  -  MemoryUsage of job (MB)
	2032864  -  ResidentSetSize of job (KB)
...
006 (54181.000.000) 2025-12-14 03:12:53 Image size of job updated: 2104792
	1988  -  MemoryUsage of job (MB)
	2035060  -  ResidentSetSize of job (KB)
...
006 (54181.000.000) 2025-12-14 03:37:56 Image size of job updated: 2113496
	1988  -  MemoryUsage of job (MB)
	2035060  -  ResidentSetSize of job (KB)
...
006 (54181.000.000) 2025-12-14 03:42:56 Image size of job updated: 2113496
	2029  -  MemoryUsage of job (MB)
	2076728  -  ResidentSetSize of job (KB)
...
006 (54181.000.000) 2025-12-14 03:52:58 Image size of job updated: 2113496
	2036  -  MemoryUsage of job (MB)
	2084800  -  ResidentSetSize of job (KB)
...
006 (54181.000.000) 2025-12-14 04:02:59 Image size of job updated: 2143244
	2036  -  MemoryUsage of job (MB)
	2084800  -  ResidentSetSize of job (KB)
...
006 (54181.000.000) 2025-12-14 04:12:59 Image size of job updated: 2172760
	2036  -  MemoryUsage of job (MB)
	2084800  -  ResidentSetSize of job (KB)
...
006 (54181.000.000) 2025-12-14 04:18:00 Image size of job updated: 2172760
	2074  -  MemoryUsage of job (MB)
	2122908  -  ResidentSetSize of job (KB)
...
006 (54181.000.000) 2025-12-14 04:23:00 Image size of job updated: 2172760
	2084  -  MemoryUsage of job (MB)
	2133032  -  ResidentSetSize of job (KB)
...
006 (54181.000.000) 2025-12-14 05:03:04 Image size of job updated: 2174844
	2096  -  MemoryUsage of job (MB)
	2146188  -  ResidentSetSize of job (KB)
...
006 (54181.000.000) 2025-12-14 05:28:07 Image size of job updated: 2182944
	2096  -  MemoryUsage of job (MB)
	2146188  -  ResidentSetSize of job (KB)
...
006 (54181.000.000) 2025-12-14 05:33:07 Image size of job updated: 2185240
	2096  -  MemoryUsage of job (MB)
	2146188  -  ResidentSetSize of job (KB)
...
006 (54181.000.000) 2025-12-14 05:38:07 Image size of job updated: 2185240
	2103  -  MemoryUsage of job (MB)
	2152852  -  ResidentSetSize of job (KB)
...
006 (54181.000.000) 2025-12-14 05:43:08 Image size of job updated: 2195020
	2103  -  MemoryUsage of job (MB)
	2152852  -  ResidentSetSize of job (KB)
...
006 (54181.000.000) 2025-12-14 06:03:09 Image size of job updated: 2207716
	2103  -  MemoryUsage of job (MB)
	2152852  -  ResidentSetSize of job (KB)
...
006 (54181.000.000) 2025-12-14 06:28:11 Image size of job updated: 2207716
	2122  -  MemoryUsage of job (MB)
	2172868  -  ResidentSetSize of job (KB)
...
006 (54181.000.000) 2025-12-14 06:33:11 Image size of job updated: 2221396
	2122  -  MemoryUsage of job (MB)
	2172868  -  ResidentSetSize of job (KB)
...
006 (54181.000.000) 2025-12-14 06:38:11 Image size of job updated: 2234468
	2122  -  MemoryUsage of job (MB)
	2172868  -  ResidentSetSize of job (KB)
...
006 (54181.000.000) 2025-12-14 06:58:13 Image size of job updated: 2234468
	2148  -  MemoryUsage of job (MB)
	2199236  -  ResidentSetSize of job (KB)
...
006 (54181.000.000) 2025-12-14 07:13:15 Image size of job updated: 2240588
	2148  -  MemoryUsage of job (MB)
	2199236  -  ResidentSetSize of job (KB)
...
006 (54181.000.000) 2025-12-14 07:33:17 Image size of job updated: 2250896
	2148  -  MemoryUsage of job (MB)
	2199236  -  ResidentSetSize of job (KB)
...
006 (54181.000.000) 2025-12-14 07:48:19 Image size of job updated: 2268796
	2148  -  MemoryUsage of job (MB)
	2199236  -  ResidentSetSize of job (KB)
...
006 (54181.000.000) 2025-12-14 08:03:20 Image size of job updated: 2268796
	2174  -  MemoryUsage of job (MB)
	2225372  -  ResidentSetSize of job (KB)
...
006 (54181.000.000) 2025-12-14 08:08:21 Image size of job updated: 2281404
	2174  -  MemoryUsage of job (MB)
	2225372  -  ResidentSetSize of job (KB)
...
006 (54181.000.000) 2025-12-14 08:13:21 Image size of job updated: 2285192
	2174  -  MemoryUsage of job (MB)
	2225372  -  ResidentSetSize of job (KB)
...
006 (54181.000.000) 2025-12-14 08:28:23 Image size of job updated: 2285192
	2203  -  MemoryUsage of job (MB)
	2254956  -  ResidentSetSize of job (KB)
...
006 (54181.000.000) 2025-12-14 08:43:25 Image size of job updated: 2286388
	2203  -  MemoryUsage of job (MB)
	2254956  -  ResidentSetSize of job (KB)
...
006 (54181.000.000) 2025-12-14 08:48:26 Image size of job updated: 2286388
	2205  -  MemoryUsage of job (MB)
	2257120  -  ResidentSetSize of job (KB)
...
006 (54181.000.000) 2025-12-14 08:58:26 Image size of job updated: 2287152
	2205  -  MemoryUsage of job (MB)
	2257120  -  ResidentSetSize of job (KB)
...
006 (54181.000.000) 2025-12-14 09:08:27 Image size of job updated: 2297428
	2205  -  MemoryUsage of job (MB)
	2257120  -  ResidentSetSize of job (KB)
...
006 (54181.000.000) 2025-12-14 09:13:27 Image size of job updated: 2298892
	2205  -  MemoryUsage of job (MB)
	2257120  -  ResidentSetSize of job (KB)
...
006 (54181.000.000) 2025-12-14 09:18:28 Image size of job updated: 2331152
	2220  -  MemoryUsage of job (MB)
	2272840  -  ResidentSetSize of job (KB)
...
006 (54181.000.000) 2025-12-14 09:23:28 Image size of job updated: 2331152
	2251  -  MemoryUsage of job (MB)
	2304212  -  ResidentSetSize of job (KB)
...
006 (54181.000.000) 2025-12-14 09:28:28 Image size of job updated: 2347496
	2251  -  MemoryUsage of job (MB)
	2304212  -  ResidentSetSize of job (KB)
...
006 (54181.000.000) 2025-12-14 09:33:29 Image size of job updated: 2350360
	2251  -  MemoryUsage of job (MB)
	2304212  -  ResidentSetSize of job (KB)
...
006 (54181.000.000) 2025-12-14 09:38:29 Image size of job updated: 2353676
	2251  -  MemoryUsage of job (MB)
	2304212  -  ResidentSetSize of job (KB)
...
006 (54181.000.000) 2025-12-14 09:48:31 Image size of job updated: 2376520
	2302  -  MemoryUsage of job (MB)
	2356400  -  ResidentSetSize of job (KB)
...
006 (54181.000.000) 2025-12-14 09:53:31 Image size of job updated: 2379576
	2302  -  MemoryUsage of job (MB)
	2356400  -  ResidentSetSize of job (KB)
...
006 (54181.000.000) 2025-12-14 09:58:32 Image size of job updated: 2381024
	2307  -  MemoryUsage of job (MB)
	2361892  -  ResidentSetSize of job (KB)
...
006 (54181.000.000) 2025-12-14 10:03:33 Image size of job updated: 2385436
	2310  -  MemoryUsage of job (MB)
	2364864  -  ResidentSetSize of job (KB)
...
006 (54181.000.000) 2025-12-14 10:08:33 Image size of job updated: 2386888
	2312  -  MemoryUsage of job (MB)
	2367108  -  ResidentSetSize of job (KB)
...
006 (54181.000.000) 2025-12-14 10:13:34 Image size of job updated: 2386888
	2318  -  MemoryUsage of job (MB)
	2373292  -  ResidentSetSize of job (KB)
...
006 (54181.000.000) 2025-12-14 10:18:34 Image size of job updated: 2398352
	2318  -  MemoryUsage of job (MB)
	2373292  -  ResidentSetSize of job (KB)
...
006 (54181.000.000) 2025-12-14 10:23:34 Image size of job updated: 2398352
	2320  -  MemoryUsage of job (MB)
	2374844  -  ResidentSetSize of job (KB)
...
006 (54181.000.000) 2025-12-14 10:28:35 Image size of job updated: 2398352
	2322  -  MemoryUsage of job (MB)
	2377460  -  ResidentSetSize of job (KB)
...
006 (54181.000.000) 2025-12-14 10:33:35 Image size of job updated: 2400720
	2325  -  MemoryUsage of job (MB)
	2380160  -  ResidentSetSize of job (KB)
...
006 (54181.000.000) 2025-12-14 10:38:35 Image size of job updated: 2400720
	2328  -  MemoryUsage of job (MB)
	2382968  -  ResidentSetSize of job (KB)
...
006 (54181.000.000) 2025-12-14 10:48:36 Image size of job updated: 2429888
	2340  -  MemoryUsage of job (MB)
	2395544  -  ResidentSetSize of job (KB)
...
006 (54181.000.000) 2025-12-14 10:53:36 Image size of job updated: 2429888
	2341  -  MemoryUsage of job (MB)
	2396356  -  ResidentSetSize of job (KB)
...
006 (54181.000.000) 2025-12-14 11:03:37 Image size of job updated: 2429888
	2341  -  MemoryUsage of job (MB)
	2396380  -  ResidentSetSize of job (KB)
...
006 (54181.000.000) 2025-12-14 11:08:38 Image size of job updated: 2429888
	2343  -  MemoryUsage of job (MB)
	2399044  -  ResidentSetSize of job (KB)
...
006 (54181.000.000) 2025-12-14 11:13:39 Image size of job updated: 2429888
	2346  -  MemoryUsage of job (MB)
	2401688  -  ResidentSetSize of job (KB)
...
006 (54181.000.000) 2025-12-14 11:18:39 Image size of job updated: 2429888
	2348  -  MemoryUsage of job (MB)
	2404284  -  ResidentSetSize of job (KB)
...
006 (54181.000.000) 2025-12-14 11:23:40 Image size of job updated: 2429888
	2351  -  MemoryUsage of job (MB)
	2406904  -  ResidentSetSize of job (KB)
...
006 (54181.000.000) 2025-12-14 11:38:41 Image size of job updated: 2460776
	2359  -  MemoryUsage of job (MB)
	2414660  -  ResidentSetSize of job (KB)
...
006 (54181.000.000) 2025-12-14 11:48:41 Image size of job updated: 2460776
	2369  -  MemoryUsage of job (MB)
	2425300  -  ResidentSetSize of job (KB)
...
006 (54181.000.000) 2025-12-14 11:53:42 Image size of job updated: 2462692
	2369  -  MemoryUsage of job (MB)
	2425300  -  ResidentSetSize of job (KB)
...
006 (54181.000.000) 2025-12-14 11:58:42 Image size of job updated: 2466272
	2369  -  MemoryUsage of job (MB)
	2425300  -  ResidentSetSize of job (KB)
...
006 (54181.000.000) 2025-12-14 12:03:43 Image size of job updated: 2466272
	2372  -  MemoryUsage of job (MB)
	2427952  -  ResidentSetSize of job (KB)
...
006 (54181.000.000) 2025-12-14 12:13:44 Image size of job updated: 2466272
	2382  -  MemoryUsage of job (MB)
	2438900  -  ResidentSetSize of job (KB)
...
006 (54181.000.000) 2025-12-14 12:18:45 Image size of job updated: 2467292
	2382  -  MemoryUsage of job (MB)
	2438900  -  ResidentSetSize of job (KB)
...
006 (54181.000.000) 2025-12-14 12:28:45 Image size of job updated: 2467292
	2392  -  MemoryUsage of job (MB)
	2449100  -  ResidentSetSize of job (KB)
...
006 (54181.000.000) 2025-12-14 12:43:47 Image size of job updated: 2490896
	2392  -  MemoryUsage of job (MB)
	2449256  -  ResidentSetSize of job (KB)
...
006 (54181.000.000) 2025-12-14 12:48:48 Image size of job updated: 2490896
	2395  -  MemoryUsage of job (MB)
	2452212  -  ResidentSetSize of job (KB)
...
006 (54181.000.000) 2025-12-14 12:53:48 Image size of job updated: 2490896
	2398  -  MemoryUsage of job (MB)
	2454868  -  ResidentSetSize of job (KB)
...
006 (54181.000.000) 2025-12-14 12:58:49 Image size of job updated: 2490896
	2400  -  MemoryUsage of job (MB)
	2457328  -  ResidentSetSize of job (KB)
...
006 (54181.000.000) 2025-12-14 13:03:49 Image size of job updated: 2490896
	2403  -  MemoryUsage of job (MB)
	2459968  -  ResidentSetSize of job (KB)
...
006 (54181.000.000) 2025-12-14 13:13:50 Image size of job updated: 2537104
	2408  -  MemoryUsage of job (MB)
	2465116  -  ResidentSetSize of job (KB)
...
006 (54181.000.000) 2025-12-14 13:23:50 Image size of job updated: 2537104
	2413  -  MemoryUsage of job (MB)
	2470296  -  ResidentSetSize of job (KB)
...
006 (54181.000.000) 2025-12-14 13:28:51 Image size of job updated: 2537104
	2426  -  MemoryUsage of job (MB)
	2483332  -  ResidentSetSize of job (KB)
...
006 (54181.000.000) 2025-12-14 13:43:53 Image size of job updated: 2537104
	2432  -  MemoryUsage of job (MB)
	2489608  -  ResidentSetSize of job (KB)
...
006 (54181.000.000) 2025-12-14 13:58:55 Image size of job updated: 2537104
	2461  -  MemoryUsage of job (MB)
	2519936  -  ResidentSetSize of job (KB)
...
006 (54181.000.000) 2025-12-14 14:23:57 Image size of job updated: 2546176
	2474  -  MemoryUsage of job (MB)
	2532792  -  ResidentSetSize of job (KB)
...
006 (54181.000.000) 2025-12-14 14:43:58 Image size of job updated: 2574044
	2474  -  MemoryUsage of job (MB)
	2532792  -  ResidentSetSize of job (KB)
...
006 (54181.000.000) 2025-12-14 15:09:02 Image size of job updated: 2599256
	2496  -  MemoryUsage of job (MB)
	2555412  -  ResidentSetSize of job (KB)
...
006 (54181.000.000) 2025-12-14 15:14:02 Image size of job updated: 2599256
	2496  -  MemoryUsage of job (MB)
	2555788  -  ResidentSetSize of job (KB)
...
006 (54181.000.000) 2025-12-14 15:19:03 Image size of job updated: 2599256
	2505  -  MemoryUsage of job (MB)
	2564732  -  ResidentSetSize of job (KB)
...
006 (54181.000.000) 2025-12-14 15:34:04 Image size of job updated: 2599940
	2505  -  MemoryUsage of job (MB)
	2564732  -  ResidentSetSize of job (KB)
...
006 (54181.000.000) 2025-12-14 15:39:04 Image size of job updated: 2631108
	2505  -  MemoryUsage of job (MB)
	2564732  -  ResidentSetSize of job (KB)
...
006 (54181.000.000) 2025-12-14 15:44:04 Image size of job updated: 2631108
	2514  -  MemoryUsage of job (MB)
	2573776  -  ResidentSetSize of job (KB)
...
006 (54181.000.000) 2025-12-14 15:49:05 Image size of job updated: 2631108
	2514  -  MemoryUsage of job (MB)
	2573836  -  ResidentSetSize of job (KB)
...
006 (54181.000.000) 2025-12-14 16:09:07 Image size of job updated: 2631108
	2521  -  MemoryUsage of job (MB)
	2581396  -  ResidentSetSize of job (KB)
...
006 (54181.000.000) 2025-12-14 16:14:08 Image size of job updated: 2631108
	2560  -  MemoryUsage of job (MB)
	2620460  -  ResidentSetSize of job (KB)
...
006 (54181.000.000) 2025-12-14 16:29:10 Image size of job updated: 2638540
	2577  -  MemoryUsage of job (MB)
	2638540  -  ResidentSetSize of job (KB)
...
006 (54181.000.000) 2025-12-14 16:44:12 Image size of job updated: 2655332
	2577  -  MemoryUsage of job (MB)
	2638540  -  ResidentSetSize of job (KB)
...
006 (54181.000.000) 2025-12-14 17:14:15 Image size of job updated: 2661380
	2577  -  MemoryUsage of job (MB)
	2638540  -  ResidentSetSize of job (KB)
...
006 (54181.000.000) 2025-12-14 17:54:19 Image size of job updated: 2679232
	2577  -  MemoryUsage of job (MB)
	2638540  -  ResidentSetSize of job (KB)
...
006 (54181.000.000) 2025-12-14 18:14:20 Image size of job updated: 2679232
	2577  -  MemoryUsage of job (MB)
	2638640  -  ResidentSetSize of job (KB)
...
006 (54181.000.000) 2025-12-14 18:24:21 Image size of job updated: 2707436
	2577  -  MemoryUsage of job (MB)
	2638640  -  ResidentSetSize of job (KB)
...
006 (54181.000.000) 2025-12-14 18:29:21 Image size of job updated: 2707436
	2605  -  MemoryUsage of job (MB)
	2667132  -  ResidentSetSize of job (KB)
...
005 (54181.000.000) 2025-12-14 21:43:46 Job terminated.
	(1) Normal termination (return value 0)
		Usr 3 04:52:10, Sys 0 02:23:30  -  Run Remote Usage
		Usr 0 00:00:00, Sys 0 00:00:00  -  Run Local Usage
		Usr 3 04:52:10, Sys 0 02:23:30  -  Total Remote Usage
		Usr 0 00:00:00, Sys 0 00:00:00  -  Total Local Usage
	0  -  Run Bytes Sent By Job
	0  -  Run Bytes Received By Job
	0  -  Total Bytes Sent By Job
	0  -  Total Bytes Received By Job
	Partitionable Resources :    Usage  Request Allocated Assigned
	   Cpus                 :     1.65        8         8 
	   Disk (KB)            :     3           3      2048 
	   GPUs                 :     0.09        1         1 "GPU-f0f5568f"
	   GpusMemory (MB)      :  1892                       
	   Memory (MB)          :  2605       30720     30720 
	   TimeExecute (s)      : 73272                       
	   TimeSlotBusy (s)     : 73272                       

	Job terminated of its own accord at 2025-12-14T20:43:46Z with exit-code 0.
...
