000 (50362.000.000) 2025-11-13 21:42:59 Job submitted from host: <134.96.104.7:9618?addrs=134.96.104.7-9618&alias=submit.coli.uni-saarland.de&noUDP&sock=schedd_910_c345>
...
001 (50362.000.000) 2025-11-13 21:43:04 Job executing on host: <134.96.105.141:9618?addrs=134.96.105.141-9618&alias=tony-3.coli.uni-saarland.de&noUDP&sock=startd_5208_d552>
	SlotName: slot1_1@tony-3.coli.uni-saarland.de
	AvailableGPUs = { GPUs_GPU_141edc3b,GPUs_GPU_1b6afc04,GPUs_GPU_2c81d871,GPUs_GPU_46674791,GPUs_GPU_77388151,GPUs_GPU_79ae9915,GPUs_GPU_b635bb5d,GPUs_GPU_f9e3f28e }
	CondorScratchDir = "/var/lib/condor/execute/dir_4152576"
	Cpus = 64
	Disk = 2048
	GPUs = 8
	GPUs_GPU_141edc3b = [ Id = "GPU-141edc3b"; ClockMhz = 1410.0; Capability = 8.0; CoresPerCU = 64; DeviceName = "NVIDIA A100 80GB PCIe"; DeviceUuid = "141edc3b-a53b-b27a-0b17-e788ea510d5e"; ECCEnabled = true; ComputeUnits = 108; DriverVersion = 12.8; DevicePciBusId = "0000:61:00.0"; GlobalMemoryMb = 81154; MaxSupportedVersion = 12080 ]
	GPUs_GPU_1b6afc04 = [ Id = "GPU-1b6afc04"; ClockMhz = 1410.0; Capability = 8.0; CoresPerCU = 64; DeviceName = "NVIDIA A100 80GB PCIe"; DeviceUuid = "1b6afc04-06e6-32af-af61-11c319d602ab"; ECCEnabled = true; ComputeUnits = 108; DriverVersion = 12.8; DevicePciBusId = "0000:81:00.0"; GlobalMemoryMb = 81154; MaxSupportedVersion = 12080 ]
	GPUs_GPU_2c81d871 = [ Id = "GPU-2c81d871"; ClockMhz = 1410.0; Capability = 8.0; CoresPerCU = 64; DeviceName = "NVIDIA A100 80GB PCIe"; DeviceUuid = "2c81d871-da6b-745d-3df4-68b33c12656b"; ECCEnabled = true; ComputeUnits = 108; DriverVersion = 12.8; DevicePciBusId = "0000:41:00.0"; GlobalMemoryMb = 81154; MaxSupportedVersion = 12080 ]
	GPUs_GPU_46674791 = [ Id = "GPU-46674791"; ClockMhz = 1410.0; Capability = 8.0; CoresPerCU = 64; DeviceName = "NVIDIA A100 80GB PCIe"; DeviceUuid = "46674791-21a2-bf27-ff8f-c9102b0db719"; ECCEnabled = true; ComputeUnits = 108; DriverVersion = 12.8; DevicePciBusId = "0000:22:00.0"; GlobalMemoryMb = 81154; MaxSupportedVersion = 12080 ]
	GPUs_GPU_77388151 = [ Id = "GPU-77388151"; ClockMhz = 1410.0; Capability = 8.0; CoresPerCU = 64; DeviceName = "NVIDIA A100 80GB PCIe"; DeviceUuid = "77388151-2a6f-8d06-caac-10c1bf7546c1"; ECCEnabled = true; ComputeUnits = 108; DriverVersion = 12.8; DevicePciBusId = "0000:C1:00.0"; GlobalMemoryMb = 81154; MaxSupportedVersion = 12080 ]
	GPUs_GPU_79ae9915 = [ Id = "GPU-79ae9915"; ClockMhz = 1410.0; Capability = 8.0; CoresPerCU = 64; DeviceName = "NVIDIA A100 80GB PCIe"; DeviceUuid = "79ae9915-144a-3090-3cf1-42ca87fadde0"; ECCEnabled = true; ComputeUnits = 108; DriverVersion = 12.8; DevicePciBusId = "0000:E1:00.0"; GlobalMemoryMb = 81154; MaxSupportedVersion = 12080 ]
	GPUs_GPU_b635bb5d = [ Id = "GPU-b635bb5d"; ClockMhz = 1410.0; Capability = 8.0; CoresPerCU = 64; DeviceName = "NVIDIA A100 80GB PCIe"; DeviceUuid = "b635bb5d-be43-0cb2-9c7d-a87b6815b4fb"; ECCEnabled = true; ComputeUnits = 108; DriverVersion = 12.8; DevicePciBusId = "0000:A1:00.0"; GlobalMemoryMb = 81154; MaxSupportedVersion = 12080 ]
	GPUs_GPU_f9e3f28e = [ Id = "GPU-f9e3f28e"; ClockMhz = 1410.0; Capability = 8.0; CoresPerCU = 64; DeviceName = "NVIDIA A100 80GB PCIe"; DeviceUuid = "f9e3f28e-7c13-7410-a3f7-763625cee600"; ECCEnabled = true; ComputeUnits = 108; DriverVersion = 12.8; DevicePciBusId = "0000:01:00.0"; GlobalMemoryMb = 81154; MaxSupportedVersion = 12080 ]
	Memory = 245760
...
006 (50362.000.000) 2025-11-13 21:43:13 Image size of job updated: 207028
	203  -  MemoryUsage of job (MB)
	207028  -  ResidentSetSize of job (KB)
...
006 (50362.000.000) 2025-11-13 21:48:14 Image size of job updated: 10149736
	9912  -  MemoryUsage of job (MB)
	10149736  -  ResidentSetSize of job (KB)
...
006 (50362.000.000) 2025-11-13 21:53:14 Image size of job updated: 10154048
	9916  -  MemoryUsage of job (MB)
	10153900  -  ResidentSetSize of job (KB)
...
006 (50362.000.000) 2025-11-13 21:58:14 Image size of job updated: 10155932
	9918  -  MemoryUsage of job (MB)
	10155932  -  ResidentSetSize of job (KB)
...
006 (50362.000.000) 2025-11-13 22:03:15 Image size of job updated: 10168324
	9931  -  MemoryUsage of job (MB)
	10168324  -  ResidentSetSize of job (KB)
...
006 (50362.000.000) 2025-11-13 22:08:15 Image size of job updated: 10185088
	9947  -  MemoryUsage of job (MB)
	10185088  -  ResidentSetSize of job (KB)
...
006 (50362.000.000) 2025-11-13 22:13:16 Image size of job updated: 10233984
	9995  -  MemoryUsage of job (MB)
	10233984  -  ResidentSetSize of job (KB)
...
006 (50362.000.000) 2025-11-13 22:18:17 Image size of job updated: 10278772
	10038  -  MemoryUsage of job (MB)
	10278772  -  ResidentSetSize of job (KB)
...
006 (50362.000.000) 2025-11-13 22:23:17 Image size of job updated: 10295032
	10054  -  MemoryUsage of job (MB)
	10295032  -  ResidentSetSize of job (KB)
...
006 (50362.000.000) 2025-11-13 22:28:18 Image size of job updated: 10336200
	10094  -  MemoryUsage of job (MB)
	10336200  -  ResidentSetSize of job (KB)
...
006 (50362.000.000) 2025-11-13 22:33:18 Image size of job updated: 10372592
	10130  -  MemoryUsage of job (MB)
	10372592  -  ResidentSetSize of job (KB)
...
006 (50362.000.000) 2025-11-13 22:38:18 Image size of job updated: 10394976
	10152  -  MemoryUsage of job (MB)
	10394976  -  ResidentSetSize of job (KB)
...
006 (50362.000.000) 2025-11-13 22:43:19 Image size of job updated: 10430496
	10187  -  MemoryUsage of job (MB)
	10430496  -  ResidentSetSize of job (KB)
...
006 (50362.000.000) 2025-11-13 22:48:19 Image size of job updated: 10468128
	10223  -  MemoryUsage of job (MB)
	10468128  -  ResidentSetSize of job (KB)
...
006 (50362.000.000) 2025-11-13 22:53:20 Image size of job updated: 10493040
	10248  -  MemoryUsage of job (MB)
	10493040  -  ResidentSetSize of job (KB)
...
006 (50362.000.000) 2025-11-13 22:58:21 Image size of job updated: 10523704
	10278  -  MemoryUsage of job (MB)
	10523704  -  ResidentSetSize of job (KB)
...
006 (50362.000.000) 2025-11-13 23:03:21 Image size of job updated: 10560172
	10313  -  MemoryUsage of job (MB)
	10560172  -  ResidentSetSize of job (KB)
...
006 (50362.000.000) 2025-11-13 23:08:22 Image size of job updated: 10594480
	10347  -  MemoryUsage of job (MB)
	10594480  -  ResidentSetSize of job (KB)
...
006 (50362.000.000) 2025-11-13 23:13:22 Image size of job updated: 10618056
	10370  -  MemoryUsage of job (MB)
	10618056  -  ResidentSetSize of job (KB)
...
006 (50362.000.000) 2025-11-13 23:18:22 Image size of job updated: 10638832
	10390  -  MemoryUsage of job (MB)
	10638832  -  ResidentSetSize of job (KB)
...
006 (50362.000.000) 2025-11-13 23:23:23 Image size of job updated: 10640456
	10392  -  MemoryUsage of job (MB)
	10640456  -  ResidentSetSize of job (KB)
...
006 (50362.000.000) 2025-11-13 23:28:23 Image size of job updated: 10643208
	10394  -  MemoryUsage of job (MB)
	10643208  -  ResidentSetSize of job (KB)
...
006 (50362.000.000) 2025-11-13 23:33:24 Image size of job updated: 10644656
	10396  -  MemoryUsage of job (MB)
	10644656  -  ResidentSetSize of job (KB)
...
006 (50362.000.000) 2025-11-13 23:38:25 Image size of job updated: 10645108
	10396  -  MemoryUsage of job (MB)
	10645108  -  ResidentSetSize of job (KB)
...
006 (50362.000.000) 2025-11-13 23:43:25 Image size of job updated: 10645136
	10396  -  MemoryUsage of job (MB)
	10645136  -  ResidentSetSize of job (KB)
...
006 (50362.000.000) 2025-11-13 23:48:27 Image size of job updated: 10645156
	10396  -  MemoryUsage of job (MB)
	10645156  -  ResidentSetSize of job (KB)
...
006 (50362.000.000) 2025-11-13 23:53:27 Image size of job updated: 10654728
	10406  -  MemoryUsage of job (MB)
	10654728  -  ResidentSetSize of job (KB)
...
006 (50362.000.000) 2025-11-13 23:58:27 Image size of job updated: 10654732
	10406  -  MemoryUsage of job (MB)
	10654732  -  ResidentSetSize of job (KB)
...
006 (50362.000.000) 2025-11-14 00:03:28 Image size of job updated: 10654748
	10406  -  MemoryUsage of job (MB)
	10654748  -  ResidentSetSize of job (KB)
...
006 (50362.000.000) 2025-11-14 00:08:28 Image size of job updated: 10654764
	10406  -  MemoryUsage of job (MB)
	10654764  -  ResidentSetSize of job (KB)
...
006 (50362.000.000) 2025-11-14 00:18:29 Image size of job updated: 10654792
	10406  -  MemoryUsage of job (MB)
	10654792  -  ResidentSetSize of job (KB)
...
006 (50362.000.000) 2025-11-14 00:23:29 Image size of job updated: 10663284
	10414  -  MemoryUsage of job (MB)
	10663284  -  ResidentSetSize of job (KB)
...
006 (50362.000.000) 2025-11-14 00:28:30 Image size of job updated: 10697016
	10447  -  MemoryUsage of job (MB)
	10697016  -  ResidentSetSize of job (KB)
...
006 (50362.000.000) 2025-11-14 00:33:31 Image size of job updated: 10717688
	10467  -  MemoryUsage of job (MB)
	10717688  -  ResidentSetSize of job (KB)
...
006 (50362.000.000) 2025-11-14 00:38:31 Image size of job updated: 10750688
	10499  -  MemoryUsage of job (MB)
	10750688  -  ResidentSetSize of job (KB)
...
006 (50362.000.000) 2025-11-14 00:43:32 Image size of job updated: 10783576
	10531  -  MemoryUsage of job (MB)
	10783576  -  ResidentSetSize of job (KB)
...
006 (50362.000.000) 2025-11-14 00:48:33 Image size of job updated: 10811120
	10558  -  MemoryUsage of job (MB)
	10811120  -  ResidentSetSize of job (KB)
...
006 (50362.000.000) 2025-11-14 00:53:33 Image size of job updated: 10843304
	10590  -  MemoryUsage of job (MB)
	10843304  -  ResidentSetSize of job (KB)
...
006 (50362.000.000) 2025-11-14 00:58:34 Image size of job updated: 10868112
	10614  -  MemoryUsage of job (MB)
	10868112  -  ResidentSetSize of job (KB)
...
006 (50362.000.000) 2025-11-14 01:03:34 Image size of job updated: 10868116
	10614  -  MemoryUsage of job (MB)
	10868116  -  ResidentSetSize of job (KB)
...
004 (50362.000.000) 2025-11-14 05:41:45 Job was evicted.
	(0) CPU times
		Usr 2 13:18:28, Sys 0 00:37:21  -  Run Remote Usage
		Usr 0 00:00:00, Sys 0 00:00:00  -  Run Local Usage
	0  -  Run Bytes Sent By Job
	0  -  Run Bytes Received By Job
	Partitionable Resources :    Usage  Request Allocated Assigned
	   Cpus                 :     7.93       64        64 
	   Disk (KB)            :     3           3      2048 
	   GPUs                 :     4.07        8         8 "GPU-141edc3b,GPU-1b6afc04,GPU-2c81d871,GPU-46674791,GPU-77388151,GPU-79ae9915,GPU-b635bb5d,GPU-f9e3f28e"
	   GpusMemory (MB)      :  1630                       
	   Memory (MB)          : 10614      245760    245760 
	   TimeExecute (s)      : 28721                       
	   TimeSlotBusy (s)     : 28721                       
...
009 (50362.000.000) 2025-11-14 05:41:45 Job was aborted.
	via condor_rm (by user plintilhac)
...
