000 (53525.000.000) 2025-12-06 02:20:01 Job submitted from host: <134.96.104.7:9618?addrs=134.96.104.7-9618&alias=submit.coli.uni-saarland.de&noUDP&sock=schedd_933_89f3>
...
001 (53525.000.000) 2025-12-06 02:20:06 Job executing on host: <134.96.105.148:9618?addrs=134.96.105.148-9618&alias=hopper-2.coli.uni-saarland.de&noUDP&sock=startd_4451_9821>
	SlotName: slot1_4@hopper-2.coli.uni-saarland.de
	AvailableGPUs = { GPUs_GPU_add1c061 }
	CondorScratchDir = "/var/lib/condor/execute/dir_649021"
	Cpus = 8
	Disk = 2048
	GPUs = 1
	GPUs_GPU_add1c061 = [ Id = "GPU-add1c061"; ClockMhz = 1755.0; Capability = 9.0; CoresPerCU = 128; DeviceName = "NVIDIA H100 PCIe"; DeviceUuid = "add1c061-7949-e343-2dff-95a6e7a025f7"; ECCEnabled = true; ComputeUnits = 114; DriverVersion = 12.8; DevicePciBusId = "0000:9C:00.0"; GlobalMemoryMb = 81090; MaxSupportedVersion = 12080 ]
	Memory = 30720
...
006 (53525.000.000) 2025-12-06 02:20:14 Image size of job updated: 108
	1  -  MemoryUsage of job (MB)
	108  -  ResidentSetSize of job (KB)
...
006 (53525.000.000) 2025-12-06 02:55:17 Image size of job updated: 1958192
	1907  -  MemoryUsage of job (MB)
	1951780  -  ResidentSetSize of job (KB)
...
006 (53525.000.000) 2025-12-06 03:05:18 Image size of job updated: 1966416
	1907  -  MemoryUsage of job (MB)
	1951780  -  ResidentSetSize of job (KB)
...
006 (53525.000.000) 2025-12-06 03:10:19 Image size of job updated: 1968916
	1907  -  MemoryUsage of job (MB)
	1951780  -  ResidentSetSize of job (KB)
...
006 (53525.000.000) 2025-12-06 03:15:19 Image size of job updated: 1974456
	1907  -  MemoryUsage of job (MB)
	1951780  -  ResidentSetSize of job (KB)
...
006 (53525.000.000) 2025-12-06 03:20:20 Image size of job updated: 2025488
	1954  -  MemoryUsage of job (MB)
	2000068  -  ResidentSetSize of job (KB)
...
006 (53525.000.000) 2025-12-06 03:25:20 Image size of job updated: 2029580
	1954  -  MemoryUsage of job (MB)
	2000068  -  ResidentSetSize of job (KB)
...
006 (53525.000.000) 2025-12-06 03:45:22 Image size of job updated: 2071060
	1954  -  MemoryUsage of job (MB)
	2000068  -  ResidentSetSize of job (KB)
...
006 (53525.000.000) 2025-12-06 03:55:23 Image size of job updated: 2071936
	1954  -  MemoryUsage of job (MB)
	2000068  -  ResidentSetSize of job (KB)
...
006 (53525.000.000) 2025-12-06 04:00:24 Image size of job updated: 2072648
	1954  -  MemoryUsage of job (MB)
	2000068  -  ResidentSetSize of job (KB)
...
006 (53525.000.000) 2025-12-06 04:05:24 Image size of job updated: 2077784
	1971  -  MemoryUsage of job (MB)
	2017508  -  ResidentSetSize of job (KB)
...
006 (53525.000.000) 2025-12-06 07:45:44 Image size of job updated: 2108672
	1971  -  MemoryUsage of job (MB)
	2017508  -  ResidentSetSize of job (KB)
...
006 (53525.000.000) 2025-12-06 10:26:00 Image size of job updated: 2108672
	1983  -  MemoryUsage of job (MB)
	2029952  -  ResidentSetSize of job (KB)
...
006 (53525.000.000) 2025-12-06 10:36:01 Image size of job updated: 2108872
	1995  -  MemoryUsage of job (MB)
	2042172  -  ResidentSetSize of job (KB)
...
006 (53525.000.000) 2025-12-06 11:01:03 Image size of job updated: 2115628
	1995  -  MemoryUsage of job (MB)
	2042172  -  ResidentSetSize of job (KB)
...
021 (53525.000.000) 2025-12-07 02:20:11 Error from starter on slot1_4@hopper-2.coli.uni-saarland.de:
	Interactive job ran longer than requested
	Code 21 Subcode 0
...
004 (53525.000.000) 2025-12-07 02:20:11 Job was evicted.
	(0) CPU times
		Usr 1 00:03:57, Sys 0 01:22:14  -  Run Remote Usage
		Usr 0 00:00:00, Sys 0 00:00:00  -  Run Local Usage
	0  -  Run Bytes Sent By Job
	0  -  Run Bytes Received By Job
	Error from slot1_4@hopper-2.coli.uni-saarland.de: Interactive job ran longer than requested
	Partitionable Resources :    Usage  Request Allocated Assigned
	   Cpus                 :     0           8         8 
	   Disk (KB)            :    37          37      2048 
	   GPUs                 :     0.02        1         1 "GPU-add1c061"
	   GpusMemory (MB)      :  1948                       
	   Memory (MB)          :  1995       30720     30720 
	   TimeExecute (s)      : 31289                       
	   TimeSlotBusy (s)     : 86405                       
...
012 (53525.000.000) 2025-12-07 02:20:11 Job was held.
	Error from slot1_4@hopper-2.coli.uni-saarland.de: Interactive job ran longer than requested
	Code 21 Subcode 0
...
009 (53525.000.000) 2025-12-12 08:58:19 Job was aborted.
	via condor_rm (by user plintilhac)
...
