000 (53986.000.000) 2025-12-12 09:04:43 Job submitted from host: <134.96.104.7:9618?addrs=134.96.104.7-9618&alias=submit.coli.uni-saarland.de&noUDP&sock=schedd_933_89f3>
...
001 (53986.000.000) 2025-12-12 09:04:44 Job executing on host: <134.96.105.149:9618?addrs=134.96.105.149-9618&alias=hopper-3.coli.uni-saarland.de&noUDP&sock=startd_3249692_fe20>
	SlotName: slot1_2@hopper-3.coli.uni-saarland.de
	AvailableGPUs = { GPUs_GPU_d083280b }
	CondorScratchDir = "/var/lib/condor/execute/dir_273736"
	Cpus = 8
	Disk = 2048
	GPUs = 1
	GPUs_GPU_d083280b = [ Id = "GPU-d083280b"; ClockMhz = 1755.0; Capability = 9.0; CoresPerCU = 128; DeviceName = "NVIDIA H100 PCIe"; DeviceUuid = "d083280b-5fe7-70f5-f18f-adc2b16793fc"; ECCEnabled = true; ComputeUnits = 114; NvidiaDriver = "570.124.06"; DriverVersion = 12.8; DevicePciBusId = "0000:19:00.0"; GlobalMemoryMb = 81090; MaxSupportedVersion = 12080 ]
	Memory = 30720
...
021 (53986.000.000) 2025-12-12 09:04:44 Error from starter on slot1_2@hopper-3.coli.uni-saarland.de:
	Failed to execute '/nethome/plintilhac/boolean_function_sensitivity/job_wrapper.sh': (errno=13: 'Permission denied')
	Code 6 Subcode 13
...
004 (53986.000.000) 2025-12-12 09:04:44 Job was evicted.
	(0) CPU times
		Usr 0 00:00:00, Sys 0 00:00:00  -  Run Remote Usage
		Usr 0 00:00:00, Sys 0 00:00:00  -  Run Local Usage
	0  -  Run Bytes Sent By Job
	0  -  Run Bytes Received By Job
	Error from slot1_2@hopper-3.coli.uni-saarland.de: Failed to execute '/nethome/plintilhac/boolean_function_sensitivity/job_wrapper.sh': (errno=13: 'Permission denied')
	Partitionable Resources :    Usage  Request Allocated Assigned
	   Cpus                 :                 8         8 
	   Disk (KB)            :        3        3      2048 
	   GPUs                 :                 1         1 "GPU-d083280b"
	   Memory (MB)          :             30720     30720 
	   TimeSlotBusy (s)     :        1                    
...
012 (53986.000.000) 2025-12-12 09:04:44 Job was held.
	Error from slot1_2@hopper-3.coli.uni-saarland.de: Failed to execute '/nethome/plintilhac/boolean_function_sensitivity/job_wrapper.sh': (errno=13: 'Permission denied')
	Code 6 Subcode 13
...
013 (53986.000.000) 2025-12-12 09:11:09 Job was released.
	via condor_release (by user plintilhac)
...
001 (53986.000.000) 2025-12-12 09:11:28 Job executing on host: <134.96.105.149:9618?addrs=134.96.105.149-9618&alias=hopper-3.coli.uni-saarland.de&noUDP&sock=startd_3249692_fe20>
	SlotName: slot1_7@hopper-3.coli.uni-saarland.de
	AvailableGPUs = { GPUs_GPU_a247d854 }
	CondorScratchDir = "/var/lib/condor/execute/dir_276770"
	Cpus = 8
	Disk = 2048
	GPUs = 1
	GPUs_GPU_a247d854 = [ Id = "GPU-a247d854"; ClockMhz = 1755.0; Capability = 9.0; CoresPerCU = 128; DeviceName = "NVIDIA H100 PCIe"; DeviceUuid = "a247d854-874a-0c48-f283-5511b6f5f286"; ECCEnabled = true; ComputeUnits = 114; NvidiaDriver = "570.124.06"; DriverVersion = 12.8; DevicePciBusId = "0001:6F:00.0"; GlobalMemoryMb = 81090; MaxSupportedVersion = 12080 ]
	Memory = 30720
...
006 (53986.000.000) 2025-12-12 09:11:37 Image size of job updated: 180
	0  -  MemoryUsage of job (MB)
	0  -  ResidentSetSize of job (KB)
...
004 (53986.000.000) 2025-12-12 09:11:37 Job was evicted.
	(0) CPU times
		Usr 0 00:00:00, Sys 0 00:00:00  -  Run Remote Usage
		Usr 0 00:00:00, Sys 0 00:00:00  -  Run Local Usage
	0  -  Run Bytes Sent By Job
	0  -  Run Bytes Received By Job
	Partitionable Resources :    Usage  Request Allocated Assigned
	   Cpus                 :        0        8         8 
	   Disk (KB)            :        3        3      2048 
	   GPUs                 :                 1         1 "GPU-a247d854"
	   Memory (MB)          :        0    30720     30720 
	   TimeExecute (s)      :        8                    
	   TimeSlotBusy (s)     :        9                    
...
009 (53986.000.000) 2025-12-12 09:11:37 Job was aborted.
	via condor_rm (by user plintilhac)
...
