000 (50673.000.000) 2025-11-17 02:45:46 Job submitted from host: <134.96.104.7:9618?addrs=134.96.104.7-9618&alias=submit.coli.uni-saarland.de&noUDP&sock=schedd_910_c345>
...
001 (50673.000.000) 2025-11-17 02:45:47 Job executing on host: <134.96.105.141:9618?addrs=134.96.105.141-9618&alias=tony-3.coli.uni-saarland.de&noUDP&sock=startd_5208_d552>
	SlotName: slot1_1@tony-3.coli.uni-saarland.de
	AvailableGPUs = { GPUs_GPU_141edc3b,GPUs_GPU_1b6afc04,GPUs_GPU_2c81d871,GPUs_GPU_46674791,GPUs_GPU_77388151,GPUs_GPU_79ae9915,GPUs_GPU_b635bb5d,GPUs_GPU_f9e3f28e }
	CondorScratchDir = "/var/lib/condor/execute/dir_22873"
	Cpus = 64
	Disk = 2048
	GPUs = 8
	GPUs_GPU_141edc3b = [ Id = "GPU-141edc3b"; ClockMhz = 1410.0; Capability = 8.0; CoresPerCU = 64; DeviceName = "NVIDIA A100 80GB PCIe"; DeviceUuid = "141edc3b-a53b-b27a-0b17-e788ea510d5e"; ECCEnabled = true; ComputeUnits = 108; DriverVersion = 12.8; DevicePciBusId = "0000:61:00.0"; GlobalMemoryMb = 81154; MaxSupportedVersion = 12080 ]
	GPUs_GPU_1b6afc04 = [ Id = "GPU-1b6afc04"; ClockMhz = 1410.0; Capability = 8.0; CoresPerCU = 64; DeviceName = "NVIDIA A100 80GB PCIe"; DeviceUuid = "1b6afc04-06e6-32af-af61-11c319d602ab"; ECCEnabled = true; ComputeUnits = 108; DriverVersion = 12.8; DevicePciBusId = "0000:81:00.0"; GlobalMemoryMb = 81154; MaxSupportedVersion = 12080 ]
	GPUs_GPU_2c81d871 = [ Id = "GPU-2c81d871"; ClockMhz = 1410.0; Capability = 8.0; CoresPerCU = 64; DeviceName = "NVIDIA A100 80GB PCIe"; DeviceUuid = "2c81d871-da6b-745d-3df4-68b33c12656b"; ECCEnabled = true; ComputeUnits = 108; DriverVersion = 12.8; DevicePciBusId = "0000:41:00.0"; GlobalMemoryMb = 81154; MaxSupportedVersion = 12080 ]
	GPUs_GPU_46674791 = [ Id = "GPU-46674791"; ClockMhz = 1410.0; Capability = 8.0; CoresPerCU = 64; DeviceName = "NVIDIA A100 80GB PCIe"; DeviceUuid = "46674791-21a2-bf27-ff8f-c9102b0db719"; ECCEnabled = true; ComputeUnits = 108; DriverVersion = 12.8; DevicePciBusId = "0000:22:00.0"; GlobalMemoryMb = 81154; MaxSupportedVersion = 12080 ]
	GPUs_GPU_77388151 = [ Id = "GPU-77388151"; ClockMhz = 1410.0; Capability = 8.0; CoresPerCU = 64; DeviceName = "NVIDIA A100 80GB PCIe"; DeviceUuid = "77388151-2a6f-8d06-caac-10c1bf7546c1"; ECCEnabled = true; ComputeUnits = 108; DriverVersion = 12.8; DevicePciBusId = "0000:C1:00.0"; GlobalMemoryMb = 81154; MaxSupportedVersion = 12080 ]
	GPUs_GPU_79ae9915 = [ Id = "GPU-79ae9915"; ClockMhz = 1410.0; Capability = 8.0; CoresPerCU = 64; DeviceName = "NVIDIA A100 80GB PCIe"; DeviceUuid = "79ae9915-144a-3090-3cf1-42ca87fadde0"; ECCEnabled = true; ComputeUnits = 108; DriverVersion = 12.8; DevicePciBusId = "0000:E1:00.0"; GlobalMemoryMb = 81154; MaxSupportedVersion = 12080 ]
	GPUs_GPU_b635bb5d = [ Id = "GPU-b635bb5d"; ClockMhz = 1410.0; Capability = 8.0; CoresPerCU = 64; DeviceName = "NVIDIA A100 80GB PCIe"; DeviceUuid = "b635bb5d-be43-0cb2-9c7d-a87b6815b4fb"; ECCEnabled = true; ComputeUnits = 108; DriverVersion = 12.8; DevicePciBusId = "0000:A1:00.0"; GlobalMemoryMb = 81154; MaxSupportedVersion = 12080 ]
	GPUs_GPU_f9e3f28e = [ Id = "GPU-f9e3f28e"; ClockMhz = 1410.0; Capability = 8.0; CoresPerCU = 64; DeviceName = "NVIDIA A100 80GB PCIe"; DeviceUuid = "f9e3f28e-7c13-7410-a3f7-763625cee600"; ECCEnabled = true; ComputeUnits = 108; DriverVersion = 12.8; DevicePciBusId = "0000:01:00.0"; GlobalMemoryMb = 81154; MaxSupportedVersion = 12080 ]
	Memory = 245760
...
006 (50673.000.000) 2025-11-17 02:45:55 Image size of job updated: 200488
	196  -  MemoryUsage of job (MB)
	200488  -  ResidentSetSize of job (KB)
...
006 (50673.000.000) 2025-11-17 02:50:55 Image size of job updated: 9758636
	9530  -  MemoryUsage of job (MB)
	9758636  -  ResidentSetSize of job (KB)
...
006 (50673.000.000) 2025-11-17 02:55:56 Image size of job updated: 9758836
	9531  -  MemoryUsage of job (MB)
	9758836  -  ResidentSetSize of job (KB)
...
006 (50673.000.000) 2025-11-17 03:00:56 Image size of job updated: 9759164
	9531  -  MemoryUsage of job (MB)
	9759164  -  ResidentSetSize of job (KB)
...
006 (50673.000.000) 2025-11-17 03:05:57 Image size of job updated: 9795196
	9566  -  MemoryUsage of job (MB)
	9795196  -  ResidentSetSize of job (KB)
...
006 (50673.000.000) 2025-11-17 03:10:58 Image size of job updated: 9815644
	9586  -  MemoryUsage of job (MB)
	9815644  -  ResidentSetSize of job (KB)
...
006 (50673.000.000) 2025-11-17 03:15:58 Image size of job updated: 9834276
	9604  -  MemoryUsage of job (MB)
	9834276  -  ResidentSetSize of job (KB)
...
006 (50673.000.000) 2025-11-17 03:21:00 Image size of job updated: 9873468
	9643  -  MemoryUsage of job (MB)
	9873468  -  ResidentSetSize of job (KB)
...
006 (50673.000.000) 2025-11-17 03:26:00 Image size of job updated: 9899696
	9668  -  MemoryUsage of job (MB)
	9899696  -  ResidentSetSize of job (KB)
...
006 (50673.000.000) 2025-11-17 03:31:00 Image size of job updated: 9932920
	9701  -  MemoryUsage of job (MB)
	9932920  -  ResidentSetSize of job (KB)
...
006 (50673.000.000) 2025-11-17 03:36:01 Image size of job updated: 9951808
	9719  -  MemoryUsage of job (MB)
	9951808  -  ResidentSetSize of job (KB)
...
006 (50673.000.000) 2025-11-17 03:41:01 Image size of job updated: 9990056
	9756  -  MemoryUsage of job (MB)
	9990056  -  ResidentSetSize of job (KB)
...
006 (50673.000.000) 2025-11-17 03:46:01 Image size of job updated: 10031352
	9797  -  MemoryUsage of job (MB)
	10031352  -  ResidentSetSize of job (KB)
...
006 (50673.000.000) 2025-11-17 03:51:02 Image size of job updated: 10049284
	9814  -  MemoryUsage of job (MB)
	10049284  -  ResidentSetSize of job (KB)
...
006 (50673.000.000) 2025-11-17 03:56:02 Image size of job updated: 10077672
	9842  -  MemoryUsage of job (MB)
	10077672  -  ResidentSetSize of job (KB)
...
006 (50673.000.000) 2025-11-17 04:01:03 Image size of job updated: 10113748
	9877  -  MemoryUsage of job (MB)
	10113748  -  ResidentSetSize of job (KB)
...
006 (50673.000.000) 2025-11-17 04:06:04 Image size of job updated: 10124172
	9887  -  MemoryUsage of job (MB)
	10124172  -  ResidentSetSize of job (KB)
...
006 (50673.000.000) 2025-11-17 04:11:04 Image size of job updated: 10160844
	9923  -  MemoryUsage of job (MB)
	10160844  -  ResidentSetSize of job (KB)
...
006 (50673.000.000) 2025-11-17 04:16:05 Image size of job updated: 10198988
	9960  -  MemoryUsage of job (MB)
	10198988  -  ResidentSetSize of job (KB)
...
006 (50673.000.000) 2025-11-17 04:21:05 Image size of job updated: 10215640
	9977  -  MemoryUsage of job (MB)
	10215640  -  ResidentSetSize of job (KB)
...
006 (50673.000.000) 2025-11-17 04:26:05 Image size of job updated: 10248104
	10008  -  MemoryUsage of job (MB)
	10248104  -  ResidentSetSize of job (KB)
...
006 (50673.000.000) 2025-11-17 04:31:06 Image size of job updated: 10286580
	10046  -  MemoryUsage of job (MB)
	10286580  -  ResidentSetSize of job (KB)
...
006 (50673.000.000) 2025-11-17 04:36:06 Image size of job updated: 10317556
	10076  -  MemoryUsage of job (MB)
	10317556  -  ResidentSetSize of job (KB)
...
006 (50673.000.000) 2025-11-17 04:41:07 Image size of job updated: 10335168
	10093  -  MemoryUsage of job (MB)
	10335168  -  ResidentSetSize of job (KB)
...
006 (50673.000.000) 2025-11-17 04:46:08 Image size of job updated: 10369812
	10127  -  MemoryUsage of job (MB)
	10369812  -  ResidentSetSize of job (KB)
...
006 (50673.000.000) 2025-11-17 04:51:08 Image size of job updated: 10397800
	10155  -  MemoryUsage of job (MB)
	10397800  -  ResidentSetSize of job (KB)
...
006 (50673.000.000) 2025-11-17 04:56:09 Image size of job updated: 10429596
	10186  -  MemoryUsage of job (MB)
	10429596  -  ResidentSetSize of job (KB)
...
006 (50673.000.000) 2025-11-17 05:01:09 Image size of job updated: 10440496
	10196  -  MemoryUsage of job (MB)
	10440496  -  ResidentSetSize of job (KB)
...
006 (50673.000.000) 2025-11-17 05:06:09 Image size of job updated: 10440504
	10196  -  MemoryUsage of job (MB)
	10440504  -  ResidentSetSize of job (KB)
...
006 (50673.000.000) 2025-11-17 05:21:10 Image size of job updated: 10440512
	10196  -  MemoryUsage of job (MB)
	10440512  -  ResidentSetSize of job (KB)
...
006 (50673.000.000) 2025-11-17 05:41:13 Image size of job updated: 10440520
	10196  -  MemoryUsage of job (MB)
	10440520  -  ResidentSetSize of job (KB)
...
006 (50673.000.000) 2025-11-17 05:56:14 Image size of job updated: 10441052
	10197  -  MemoryUsage of job (MB)
	10441052  -  ResidentSetSize of job (KB)
...
006 (50673.000.000) 2025-11-17 06:06:15 Image size of job updated: 10448368
	10204  -  MemoryUsage of job (MB)
	10448368  -  ResidentSetSize of job (KB)
...
006 (50673.000.000) 2025-11-17 06:11:15 Image size of job updated: 10451732
	10207  -  MemoryUsage of job (MB)
	10451732  -  ResidentSetSize of job (KB)
...
006 (50673.000.000) 2025-11-17 06:21:17 Image size of job updated: 10451820
	10207  -  MemoryUsage of job (MB)
	10451820  -  ResidentSetSize of job (KB)
...
006 (50673.000.000) 2025-11-17 06:26:17 Image size of job updated: 10456400
	10212  -  MemoryUsage of job (MB)
	10456400  -  ResidentSetSize of job (KB)
...
006 (50673.000.000) 2025-11-17 06:31:18 Image size of job updated: 10456408
	10212  -  MemoryUsage of job (MB)
	10456408  -  ResidentSetSize of job (KB)
...
004 (50673.000.000) 2025-11-17 06:34:50 Job was evicted.
	(0) CPU times
		Usr 1 06:37:14, Sys 0 00:03:47  -  Run Remote Usage
		Usr 0 00:00:00, Sys 0 00:00:00  -  Run Local Usage
	0  -  Run Bytes Sent By Job
	0  -  Run Bytes Received By Job
	Partitionable Resources :    Usage  Request Allocated Assigned
	   Cpus                 :     7.99       64        64 
	   Disk (KB)            :     3           3      2048 
	   GPUs                 :     7.18        8         8 "GPU-141edc3b,GPU-1b6afc04,GPU-2c81d871,GPU-46674791,GPU-77388151,GPU-79ae9915,GPU-b635bb5d,GPU-f9e3f28e"
	   GpusMemory (MB)      : 10084                       
	   Memory (MB)          : 10212      245760    245760 
	   TimeExecute (s)      : 13743                       
	   TimeSlotBusy (s)     : 13743                       
...
009 (50673.000.000) 2025-11-17 06:34:50 Job was aborted.
	via condor_rm (by user plintilhac)
...
