000 (50757.000.000) 2025-11-17 20:11:33 Job submitted from host: <134.96.104.7:9618?addrs=134.96.104.7-9618&alias=submit.coli.uni-saarland.de&noUDP&sock=schedd_910_c345>
...
001 (50757.000.000) 2025-11-17 20:11:50 Job executing on host: <134.96.105.141:9618?addrs=134.96.105.141-9618&alias=tony-3.coli.uni-saarland.de&noUDP&sock=startd_5208_d552>
	SlotName: slot1_1@tony-3.coli.uni-saarland.de
	AvailableGPUs = { GPUs_GPU_141edc3b,GPUs_GPU_1b6afc04,GPUs_GPU_2c81d871,GPUs_GPU_46674791,GPUs_GPU_77388151,GPUs_GPU_79ae9915,GPUs_GPU_b635bb5d,GPUs_GPU_f9e3f28e }
	CondorScratchDir = "/var/lib/condor/execute/dir_31012"
	Cpus = 64
	Disk = 2048
	GPUs = 8
	GPUs_GPU_141edc3b = [ Id = "GPU-141edc3b"; ClockMhz = 1410.0; Capability = 8.0; CoresPerCU = 64; DeviceName = "NVIDIA A100 80GB PCIe"; DeviceUuid = "141edc3b-a53b-b27a-0b17-e788ea510d5e"; ECCEnabled = true; ComputeUnits = 108; DriverVersion = 12.8; DevicePciBusId = "0000:61:00.0"; GlobalMemoryMb = 81154; MaxSupportedVersion = 12080 ]
	GPUs_GPU_1b6afc04 = [ Id = "GPU-1b6afc04"; ClockMhz = 1410.0; Capability = 8.0; CoresPerCU = 64; DeviceName = "NVIDIA A100 80GB PCIe"; DeviceUuid = "1b6afc04-06e6-32af-af61-11c319d602ab"; ECCEnabled = true; ComputeUnits = 108; DriverVersion = 12.8; DevicePciBusId = "0000:81:00.0"; GlobalMemoryMb = 81154; MaxSupportedVersion = 12080 ]
	GPUs_GPU_2c81d871 = [ Id = "GPU-2c81d871"; ClockMhz = 1410.0; Capability = 8.0; CoresPerCU = 64; DeviceName = "NVIDIA A100 80GB PCIe"; DeviceUuid = "2c81d871-da6b-745d-3df4-68b33c12656b"; ECCEnabled = true; ComputeUnits = 108; DriverVersion = 12.8; DevicePciBusId = "0000:41:00.0"; GlobalMemoryMb = 81154; MaxSupportedVersion = 12080 ]
	GPUs_GPU_46674791 = [ Id = "GPU-46674791"; ClockMhz = 1410.0; Capability = 8.0; CoresPerCU = 64; DeviceName = "NVIDIA A100 80GB PCIe"; DeviceUuid = "46674791-21a2-bf27-ff8f-c9102b0db719"; ECCEnabled = true; ComputeUnits = 108; DriverVersion = 12.8; DevicePciBusId = "0000:22:00.0"; GlobalMemoryMb = 81154; MaxSupportedVersion = 12080 ]
	GPUs_GPU_77388151 = [ Id = "GPU-77388151"; ClockMhz = 1410.0; Capability = 8.0; CoresPerCU = 64; DeviceName = "NVIDIA A100 80GB PCIe"; DeviceUuid = "77388151-2a6f-8d06-caac-10c1bf7546c1"; ECCEnabled = true; ComputeUnits = 108; DriverVersion = 12.8; DevicePciBusId = "0000:C1:00.0"; GlobalMemoryMb = 81154; MaxSupportedVersion = 12080 ]
	GPUs_GPU_79ae9915 = [ Id = "GPU-79ae9915"; ClockMhz = 1410.0; Capability = 8.0; CoresPerCU = 64; DeviceName = "NVIDIA A100 80GB PCIe"; DeviceUuid = "79ae9915-144a-3090-3cf1-42ca87fadde0"; ECCEnabled = true; ComputeUnits = 108; DriverVersion = 12.8; DevicePciBusId = "0000:E1:00.0"; GlobalMemoryMb = 81154; MaxSupportedVersion = 12080 ]
	GPUs_GPU_b635bb5d = [ Id = "GPU-b635bb5d"; ClockMhz = 1410.0; Capability = 8.0; CoresPerCU = 64; DeviceName = "NVIDIA A100 80GB PCIe"; DeviceUuid = "b635bb5d-be43-0cb2-9c7d-a87b6815b4fb"; ECCEnabled = true; ComputeUnits = 108; DriverVersion = 12.8; DevicePciBusId = "0000:A1:00.0"; GlobalMemoryMb = 81154; MaxSupportedVersion = 12080 ]
	GPUs_GPU_f9e3f28e = [ Id = "GPU-f9e3f28e"; ClockMhz = 1410.0; Capability = 8.0; CoresPerCU = 64; DeviceName = "NVIDIA A100 80GB PCIe"; DeviceUuid = "f9e3f28e-7c13-7410-a3f7-763625cee600"; ECCEnabled = true; ComputeUnits = 108; DriverVersion = 12.8; DevicePciBusId = "0000:01:00.0"; GlobalMemoryMb = 81154; MaxSupportedVersion = 12080 ]
	Memory = 245760
...
006 (50757.000.000) 2025-11-17 20:11:59 Image size of job updated: 203632
	199  -  MemoryUsage of job (MB)
	203632  -  ResidentSetSize of job (KB)
...
006 (50757.000.000) 2025-11-17 20:17:00 Image size of job updated: 9786848
	9558  -  MemoryUsage of job (MB)
	9786848  -  ResidentSetSize of job (KB)
...
006 (50757.000.000) 2025-11-17 20:22:00 Image size of job updated: 9787400
	9559  -  MemoryUsage of job (MB)
	9787400  -  ResidentSetSize of job (KB)
...
006 (50757.000.000) 2025-11-17 20:27:00 Image size of job updated: 9787536
	9559  -  MemoryUsage of job (MB)
	9787536  -  ResidentSetSize of job (KB)
...
006 (50757.000.000) 2025-11-17 20:32:01 Image size of job updated: 9787608
	9559  -  MemoryUsage of job (MB)
	9787608  -  ResidentSetSize of job (KB)
...
006 (50757.000.000) 2025-11-17 20:37:01 Image size of job updated: 9787680
	9559  -  MemoryUsage of job (MB)
	9787680  -  ResidentSetSize of job (KB)
...
006 (50757.000.000) 2025-11-17 20:42:02 Image size of job updated: 9787732
	9559  -  MemoryUsage of job (MB)
	9787732  -  ResidentSetSize of job (KB)
...
006 (50757.000.000) 2025-11-17 20:47:03 Image size of job updated: 9787852
	9559  -  MemoryUsage of job (MB)
	9787852  -  ResidentSetSize of job (KB)
...
006 (50757.000.000) 2025-11-17 20:52:03 Image size of job updated: 9787912
	9559  -  MemoryUsage of job (MB)
	9787912  -  ResidentSetSize of job (KB)
...
006 (50757.000.000) 2025-11-17 20:57:04 Image size of job updated: 9787972
	9559  -  MemoryUsage of job (MB)
	9787972  -  ResidentSetSize of job (KB)
...
006 (50757.000.000) 2025-11-17 21:02:05 Image size of job updated: 9788032
	9559  -  MemoryUsage of job (MB)
	9788032  -  ResidentSetSize of job (KB)
...
006 (50757.000.000) 2025-11-17 21:07:05 Image size of job updated: 9788092
	9559  -  MemoryUsage of job (MB)
	9788092  -  ResidentSetSize of job (KB)
...
006 (50757.000.000) 2025-11-17 21:12:06 Image size of job updated: 9807800
	9578  -  MemoryUsage of job (MB)
	9807800  -  ResidentSetSize of job (KB)
...
006 (50757.000.000) 2025-11-17 21:17:07 Image size of job updated: 9819628
	9590  -  MemoryUsage of job (MB)
	9819628  -  ResidentSetSize of job (KB)
...
006 (50757.000.000) 2025-11-17 21:22:07 Image size of job updated: 9855064
	9625  -  MemoryUsage of job (MB)
	9855064  -  ResidentSetSize of job (KB)
...
006 (50757.000.000) 2025-11-17 21:27:08 Image size of job updated: 9894288
	9663  -  MemoryUsage of job (MB)
	9894288  -  ResidentSetSize of job (KB)
...
006 (50757.000.000) 2025-11-17 21:32:08 Image size of job updated: 9914640
	9683  -  MemoryUsage of job (MB)
	9914640  -  ResidentSetSize of job (KB)
...
006 (50757.000.000) 2025-11-17 21:37:08 Image size of job updated: 9947028
	9714  -  MemoryUsage of job (MB)
	9947028  -  ResidentSetSize of job (KB)
...
006 (50757.000.000) 2025-11-17 21:42:09 Image size of job updated: 9987272
	9754  -  MemoryUsage of job (MB)
	9987272  -  ResidentSetSize of job (KB)
...
006 (50757.000.000) 2025-11-17 21:47:09 Image size of job updated: 10007092
	9773  -  MemoryUsage of job (MB)
	10007092  -  ResidentSetSize of job (KB)
...
006 (50757.000.000) 2025-11-17 21:52:09 Image size of job updated: 10049856
	9815  -  MemoryUsage of job (MB)
	10049856  -  ResidentSetSize of job (KB)
...
006 (50757.000.000) 2025-11-17 21:57:10 Image size of job updated: 10089612
	9854  -  MemoryUsage of job (MB)
	10089612  -  ResidentSetSize of job (KB)
...
006 (50757.000.000) 2025-11-17 22:02:10 Image size of job updated: 10114476
	9878  -  MemoryUsage of job (MB)
	10114476  -  ResidentSetSize of job (KB)
...
006 (50757.000.000) 2025-11-17 22:07:11 Image size of job updated: 10147152
	9910  -  MemoryUsage of job (MB)
	10147152  -  ResidentSetSize of job (KB)
...
006 (50757.000.000) 2025-11-17 22:12:12 Image size of job updated: 10186676
	9948  -  MemoryUsage of job (MB)
	10186676  -  ResidentSetSize of job (KB)
...
006 (50757.000.000) 2025-11-17 22:17:12 Image size of job updated: 10188100
	9948  -  MemoryUsage of job (MB)
	10186676  -  ResidentSetSize of job (KB)
...
006 (50757.000.000) 2025-11-17 23:17:17 Image size of job updated: 10189780
	9951  -  MemoryUsage of job (MB)
	10189780  -  ResidentSetSize of job (KB)
...
006 (50757.000.000) 2025-11-17 23:22:18 Image size of job updated: 10225452
	9986  -  MemoryUsage of job (MB)
	10225452  -  ResidentSetSize of job (KB)
...
006 (50757.000.000) 2025-11-17 23:27:18 Image size of job updated: 10255272
	10015  -  MemoryUsage of job (MB)
	10255272  -  ResidentSetSize of job (KB)
...
006 (50757.000.000) 2025-11-17 23:32:19 Image size of job updated: 10296120
	10055  -  MemoryUsage of job (MB)
	10296120  -  ResidentSetSize of job (KB)
...
006 (50757.000.000) 2025-11-17 23:37:20 Image size of job updated: 10329996
	10088  -  MemoryUsage of job (MB)
	10329996  -  ResidentSetSize of job (KB)
...
006 (50757.000.000) 2025-11-17 23:42:20 Image size of job updated: 10351352
	10109  -  MemoryUsage of job (MB)
	10351352  -  ResidentSetSize of job (KB)
...
006 (50757.000.000) 2025-11-17 23:47:21 Image size of job updated: 10392852
	10150  -  MemoryUsage of job (MB)
	10392852  -  ResidentSetSize of job (KB)
...
006 (50757.000.000) 2025-11-17 23:52:21 Image size of job updated: 10427288
	10183  -  MemoryUsage of job (MB)
	10427288  -  ResidentSetSize of job (KB)
...
006 (50757.000.000) 2025-11-17 23:57:21 Image size of job updated: 10448376
	10204  -  MemoryUsage of job (MB)
	10448376  -  ResidentSetSize of job (KB)
...
006 (50757.000.000) 2025-11-18 00:02:22 Image size of job updated: 10491868
	10246  -  MemoryUsage of job (MB)
	10491868  -  ResidentSetSize of job (KB)
...
006 (50757.000.000) 2025-11-18 00:07:22 Image size of job updated: 10520968
	10275  -  MemoryUsage of job (MB)
	10520968  -  ResidentSetSize of job (KB)
...
006 (50757.000.000) 2025-11-18 00:12:22 Image size of job updated: 10520972
	10275  -  MemoryUsage of job (MB)
	10520968  -  ResidentSetSize of job (KB)
...
004 (50757.000.000) 2025-11-18 01:24:37 Job was evicted.
	(0) CPU times
		Usr 1 16:50:46, Sys 0 00:09:23  -  Run Remote Usage
		Usr 0 00:00:00, Sys 0 00:00:00  -  Run Local Usage
	0  -  Run Bytes Sent By Job
	0  -  Run Bytes Received By Job
	Partitionable Resources :    Usage  Request Allocated Assigned
	   Cpus                 :     7.94       64        64 
	   Disk (KB)            :     3           3      2048 
	   GPUs                 :     4.90        8         8 "GPU-141edc3b,GPU-1b6afc04,GPU-2c81d871,GPU-46674791,GPU-77388151,GPU-79ae9915,GPU-b635bb5d,GPU-f9e3f28e"
	   GpusMemory (MB)      :  1556                       
	   Memory (MB)          : 10275      245760    245760 
	   TimeExecute (s)      : 18767                       
	   TimeSlotBusy (s)     : 18767                       
...
009 (50757.000.000) 2025-11-18 01:24:37 Job was aborted.
	via condor_rm (by user plintilhac)
...
