000 (53987.000.000) 2025-12-12 09:05:05 Job submitted from host: <134.96.104.7:9618?addrs=134.96.104.7-9618&alias=submit.coli.uni-saarland.de&noUDP&sock=schedd_933_89f3>
...
001 (53987.000.000) 2025-12-12 09:05:06 Job executing on host: <134.96.105.149:9618?addrs=134.96.105.149-9618&alias=hopper-3.coli.uni-saarland.de&noUDP&sock=startd_3249692_fe20>
	SlotName: slot1_2@hopper-3.coli.uni-saarland.de
	AvailableGPUs = { GPUs_GPU_d083280b }
	CondorScratchDir = "/var/lib/condor/execute/dir_273885"
	Cpus = 8
	Disk = 2048
	GPUs = 1
	GPUs_GPU_d083280b = [ Id = "GPU-d083280b"; ClockMhz = 1755.0; Capability = 9.0; CoresPerCU = 128; DeviceName = "NVIDIA H100 PCIe"; DeviceUuid = "d083280b-5fe7-70f5-f18f-adc2b16793fc"; ECCEnabled = true; ComputeUnits = 114; NvidiaDriver = "570.124.06"; DriverVersion = 12.8; DevicePciBusId = "0000:19:00.0"; GlobalMemoryMb = 81090; MaxSupportedVersion = 12080 ]
	Memory = 30720
...
021 (53987.000.000) 2025-12-12 09:05:06 Error from starter on slot1_2@hopper-3.coli.uni-saarland.de:
	Failed to execute '/nethome/plintilhac/boolean_function_sensitivity/job_wrapper.sh': (errno=13: 'Permission denied')
	Code 6 Subcode 13
...
004 (53987.000.000) 2025-12-12 09:05:06 Job was evicted.
	(0) CPU times
		Usr 0 00:00:00, Sys 0 00:00:00  -  Run Remote Usage
		Usr 0 00:00:00, Sys 0 00:00:00  -  Run Local Usage
	0  -  Run Bytes Sent By Job
	0  -  Run Bytes Received By Job
	Error from slot1_2@hopper-3.coli.uni-saarland.de: Failed to execute '/nethome/plintilhac/boolean_function_sensitivity/job_wrapper.sh': (errno=13: 'Permission denied')
	Partitionable Resources :    Usage  Request Allocated Assigned
	   Cpus                 :                 8         8 
	   Disk (KB)            :        3        3      2048 
	   GPUs                 :                 1         1 "GPU-d083280b"
	   Memory (MB)          :             30720     30720 
	   TimeSlotBusy (s)     :        1                    
...
012 (53987.000.000) 2025-12-12 09:05:06 Job was held.
	Error from slot1_2@hopper-3.coli.uni-saarland.de: Failed to execute '/nethome/plintilhac/boolean_function_sensitivity/job_wrapper.sh': (errno=13: 'Permission denied')
	Code 6 Subcode 13
...
013 (53987.000.000) 2025-12-12 09:12:23 Job was released.
	via condor_release (by user plintilhac)
...
001 (53987.000.000) 2025-12-12 09:12:24 Job executing on host: <134.96.105.149:9618?addrs=134.96.105.149-9618&alias=hopper-3.coli.uni-saarland.de&noUDP&sock=startd_3249692_fe20>
	SlotName: slot1_5@hopper-3.coli.uni-saarland.de
	AvailableGPUs = { GPUs_GPU_613453b3 }
	CondorScratchDir = "/var/lib/condor/execute/dir_277204"
	Cpus = 8
	Disk = 2048
	GPUs = 1
	GPUs_GPU_613453b3 = [ Id = "GPU-613453b3"; ClockMhz = 1755.0; Capability = 9.0; CoresPerCU = 128; DeviceName = "NVIDIA H100 PCIe"; DeviceUuid = "613453b3-127b-5f97-2788-05cb235e376e"; ECCEnabled = true; ComputeUnits = 114; NvidiaDriver = "570.124.06"; DriverVersion = 12.8; DevicePciBusId = "0001:1A:00.0"; GlobalMemoryMb = 81090; MaxSupportedVersion = 12080 ]
	Memory = 30720
...
006 (53987.000.000) 2025-12-12 09:12:37 Image size of job updated: 219632
	215  -  MemoryUsage of job (MB)
	219632  -  ResidentSetSize of job (KB)
...
006 (53987.000.000) 2025-12-12 09:17:37 Image size of job updated: 1985452
	1878  -  MemoryUsage of job (MB)
	1922064  -  ResidentSetSize of job (KB)
...
006 (53987.000.000) 2025-12-12 09:22:38 Image size of job updated: 1985452
	1881  -  MemoryUsage of job (MB)
	1926116  -  ResidentSetSize of job (KB)
...
006 (53987.000.000) 2025-12-12 09:32:39 Image size of job updated: 1993940
	1881  -  MemoryUsage of job (MB)
	1926116  -  ResidentSetSize of job (KB)
...
006 (53987.000.000) 2025-12-12 09:37:40 Image size of job updated: 2004696
	1932  -  MemoryUsage of job (MB)
	1978092  -  ResidentSetSize of job (KB)
...
006 (53987.000.000) 2025-12-12 09:42:41 Image size of job updated: 2034512
	1932  -  MemoryUsage of job (MB)
	1978092  -  ResidentSetSize of job (KB)
...
006 (53987.000.000) 2025-12-12 09:52:42 Image size of job updated: 2034512
	1984  -  MemoryUsage of job (MB)
	2030884  -  ResidentSetSize of job (KB)
...
006 (53987.000.000) 2025-12-12 09:57:43 Image size of job updated: 2037536
	1984  -  MemoryUsage of job (MB)
	2030884  -  ResidentSetSize of job (KB)
...
006 (53987.000.000) 2025-12-12 10:02:43 Image size of job updated: 2058092
	1984  -  MemoryUsage of job (MB)
	2030884  -  ResidentSetSize of job (KB)
...
006 (53987.000.000) 2025-12-12 10:12:45 Image size of job updated: 2072036
	2008  -  MemoryUsage of job (MB)
	2055292  -  ResidentSetSize of job (KB)
...
006 (53987.000.000) 2025-12-12 10:27:47 Image size of job updated: 2080232
	2008  -  MemoryUsage of job (MB)
	2055292  -  ResidentSetSize of job (KB)
...
006 (53987.000.000) 2025-12-12 10:52:51 Image size of job updated: 2096000
	2008  -  MemoryUsage of job (MB)
	2055292  -  ResidentSetSize of job (KB)
...
006 (53987.000.000) 2025-12-12 11:07:52 Image size of job updated: 2096000
	2017  -  MemoryUsage of job (MB)
	2064912  -  ResidentSetSize of job (KB)
...
006 (53987.000.000) 2025-12-12 11:37:55 Image size of job updated: 2100940
	2017  -  MemoryUsage of job (MB)
	2064912  -  ResidentSetSize of job (KB)
...
006 (53987.000.000) 2025-12-12 11:47:56 Image size of job updated: 2109448
	2017  -  MemoryUsage of job (MB)
	2064912  -  ResidentSetSize of job (KB)
...
006 (53987.000.000) 2025-12-12 12:02:57 Image size of job updated: 2134592
	2017  -  MemoryUsage of job (MB)
	2064912  -  ResidentSetSize of job (KB)
...
006 (53987.000.000) 2025-12-12 12:17:58 Image size of job updated: 2134592
	2028  -  MemoryUsage of job (MB)
	2076396  -  ResidentSetSize of job (KB)
...
006 (53987.000.000) 2025-12-12 12:32:59 Image size of job updated: 2140828
	2028  -  MemoryUsage of job (MB)
	2076396  -  ResidentSetSize of job (KB)
...
006 (53987.000.000) 2025-12-12 16:38:24 Image size of job updated: 2140828
	2030  -  MemoryUsage of job (MB)
	2077868  -  ResidentSetSize of job (KB)
...
006 (53987.000.000) 2025-12-12 18:48:38 Image size of job updated: 2140828
	2031  -  MemoryUsage of job (MB)
	2079380  -  ResidentSetSize of job (KB)
...
006 (53987.000.000) 2025-12-12 18:53:38 Image size of job updated: 2140828
	2032  -  MemoryUsage of job (MB)
	2080756  -  ResidentSetSize of job (KB)
...
005 (53987.000.000) 2025-12-12 19:37:21 Job terminated.
	(1) Normal termination (return value 0)
		Usr 2 01:16:18, Sys 0 02:07:29  -  Run Remote Usage
		Usr 0 00:00:00, Sys 0 00:00:00  -  Run Local Usage
		Usr 2 01:16:18, Sys 0 02:07:29  -  Total Remote Usage
		Usr 0 00:00:00, Sys 0 00:00:00  -  Total Local Usage
	0  -  Run Bytes Sent By Job
	0  -  Run Bytes Received By Job
	0  -  Total Bytes Sent By Job
	0  -  Total Bytes Received By Job
	Partitionable Resources :    Usage  Request Allocated Assigned
	   Cpus                 :     0.64        8         8 
	   Disk (KB)            :     3           3      2048 
	   GPUs                 :     0.07        1         1 "GPU-613453b3"
	   GpusMemory (MB)      :  1878                       
	   Memory (MB)          :  2032       30720     30720 
	   TimeExecute (s)      : 37497                       
	   TimeSlotBusy (s)     : 37498                       

	Job terminated of its own accord at 2025-12-12T18:37:21Z with exit-code 0.
...
