000 (53522.000.000) 2025-12-06 02:15:40 Job submitted from host: <134.96.104.7:9618?addrs=134.96.104.7-9618&alias=submit.coli.uni-saarland.de&noUDP&sock=schedd_933_89f3>
...
001 (53522.000.000) 2025-12-06 02:15:48 Job executing on host: <134.96.105.148:9618?addrs=134.96.105.148-9618&alias=hopper-2.coli.uni-saarland.de&noUDP&sock=startd_4451_9821>
	SlotName: slot1_3@hopper-2.coli.uni-saarland.de
	AvailableGPUs = { GPUs_GPU_99888385 }
	CondorScratchDir = "/var/lib/condor/execute/dir_648592"
	Cpus = 8
	Disk = 2048
	GPUs = 1
	GPUs_GPU_99888385 = [ Id = "GPU-99888385"; ClockMhz = 1755.0; Capability = 9.0; CoresPerCU = 128; DeviceName = "NVIDIA H100 PCIe"; DeviceUuid = "99888385-3556-aff2-7a22-55966edadc26"; ECCEnabled = true; ComputeUnits = 114; DriverVersion = 12.8; DevicePciBusId = "0000:BE:00.0"; GlobalMemoryMb = 81090; MaxSupportedVersion = 12080 ]
	Memory = 30720
...
006 (53522.000.000) 2025-12-06 02:15:56 Image size of job updated: 112
	1  -  MemoryUsage of job (MB)
	112  -  ResidentSetSize of job (KB)
...
004 (53522.000.000) 2025-12-06 02:16:40 Job was evicted.
	(0) CPU times
		Usr 0 00:00:00, Sys 0 00:00:00  -  Run Remote Usage
		Usr 0 00:00:00, Sys 0 00:00:00  -  Run Local Usage
	0  -  Run Bytes Sent By Job
	0  -  Run Bytes Received By Job
	Partitionable Resources :    Usage  Request Allocated Assigned
	   Cpus                 :     0.00        8         8 
	   Disk (KB)            :    37          37      2048 
	   GPUs                 :     0           1         1 "GPU-99888385"
	   GpusMemory (MB)      :   486                       
	   Memory (MB)          :     1       30720     30720 
	   TimeExecute (s)      :    52                       
	   TimeSlotBusy (s)     :    53                       
...
009 (53522.000.000) 2025-12-06 02:16:40 Job was aborted.
	via condor_rm (by user plintilhac)
...
