000 (51433.000.000) 2025-11-21 19:28:21 Job submitted from host: <134.96.104.7:9618?addrs=134.96.104.7-9618&alias=submit.coli.uni-saarland.de&noUDP&sock=schedd_910_c345>
...
001 (51433.000.000) 2025-11-21 19:29:21 Job executing on host: <134.96.105.141:9618?addrs=134.96.105.141-9618&alias=tony-3.coli.uni-saarland.de&noUDP&sock=startd_5208_d552>
	SlotName: slot1_1@tony-3.coli.uni-saarland.de
	AvailableGPUs = { GPUs_GPU_141edc3b,GPUs_GPU_1b6afc04,GPUs_GPU_2c81d871,GPUs_GPU_46674791,GPUs_GPU_77388151,GPUs_GPU_79ae9915,GPUs_GPU_b635bb5d,GPUs_GPU_f9e3f28e }
	CondorScratchDir = "/var/lib/condor/execute/dir_134430"
	Cpus = 64
	Disk = 2048
	GPUs = 8
	GPUs_GPU_141edc3b = [ Id = "GPU-141edc3b"; ClockMhz = 1410.0; Capability = 8.0; CoresPerCU = 64; DeviceName = "NVIDIA A100 80GB PCIe"; DeviceUuid = "141edc3b-a53b-b27a-0b17-e788ea510d5e"; ECCEnabled = true; ComputeUnits = 108; DriverVersion = 12.8; DevicePciBusId = "0000:61:00.0"; GlobalMemoryMb = 81154; MaxSupportedVersion = 12080 ]
	GPUs_GPU_1b6afc04 = [ Id = "GPU-1b6afc04"; ClockMhz = 1410.0; Capability = 8.0; CoresPerCU = 64; DeviceName = "NVIDIA A100 80GB PCIe"; DeviceUuid = "1b6afc04-06e6-32af-af61-11c319d602ab"; ECCEnabled = true; ComputeUnits = 108; DriverVersion = 12.8; DevicePciBusId = "0000:81:00.0"; GlobalMemoryMb = 81154; MaxSupportedVersion = 12080 ]
	GPUs_GPU_2c81d871 = [ Id = "GPU-2c81d871"; ClockMhz = 1410.0; Capability = 8.0; CoresPerCU = 64; DeviceName = "NVIDIA A100 80GB PCIe"; DeviceUuid = "2c81d871-da6b-745d-3df4-68b33c12656b"; ECCEnabled = true; ComputeUnits = 108; DriverVersion = 12.8; DevicePciBusId = "0000:41:00.0"; GlobalMemoryMb = 81154; MaxSupportedVersion = 12080 ]
	GPUs_GPU_46674791 = [ Id = "GPU-46674791"; ClockMhz = 1410.0; Capability = 8.0; CoresPerCU = 64; DeviceName = "NVIDIA A100 80GB PCIe"; DeviceUuid = "46674791-21a2-bf27-ff8f-c9102b0db719"; ECCEnabled = true; ComputeUnits = 108; DriverVersion = 12.8; DevicePciBusId = "0000:22:00.0"; GlobalMemoryMb = 81154; MaxSupportedVersion = 12080 ]
	GPUs_GPU_77388151 = [ Id = "GPU-77388151"; ClockMhz = 1410.0; Capability = 8.0; CoresPerCU = 64; DeviceName = "NVIDIA A100 80GB PCIe"; DeviceUuid = "77388151-2a6f-8d06-caac-10c1bf7546c1"; ECCEnabled = true; ComputeUnits = 108; DriverVersion = 12.8; DevicePciBusId = "0000:C1:00.0"; GlobalMemoryMb = 81154; MaxSupportedVersion = 12080 ]
	GPUs_GPU_79ae9915 = [ Id = "GPU-79ae9915"; ClockMhz = 1410.0; Capability = 8.0; CoresPerCU = 64; DeviceName = "NVIDIA A100 80GB PCIe"; DeviceUuid = "79ae9915-144a-3090-3cf1-42ca87fadde0"; ECCEnabled = true; ComputeUnits = 108; DriverVersion = 12.8; DevicePciBusId = "0000:E1:00.0"; GlobalMemoryMb = 81154; MaxSupportedVersion = 12080 ]
	GPUs_GPU_b635bb5d = [ Id = "GPU-b635bb5d"; ClockMhz = 1410.0; Capability = 8.0; CoresPerCU = 64; DeviceName = "NVIDIA A100 80GB PCIe"; DeviceUuid = "b635bb5d-be43-0cb2-9c7d-a87b6815b4fb"; ECCEnabled = true; ComputeUnits = 108; DriverVersion = 12.8; DevicePciBusId = "0000:A1:00.0"; GlobalMemoryMb = 81154; MaxSupportedVersion = 12080 ]
	GPUs_GPU_f9e3f28e = [ Id = "GPU-f9e3f28e"; ClockMhz = 1410.0; Capability = 8.0; CoresPerCU = 64; DeviceName = "NVIDIA A100 80GB PCIe"; DeviceUuid = "f9e3f28e-7c13-7410-a3f7-763625cee600"; ECCEnabled = true; ComputeUnits = 108; DriverVersion = 12.8; DevicePciBusId = "0000:01:00.0"; GlobalMemoryMb = 81154; MaxSupportedVersion = 12080 ]
	Memory = 245760
...
006 (51433.000.000) 2025-11-21 19:29:30 Image size of job updated: 210596
	206  -  MemoryUsage of job (MB)
	210596  -  ResidentSetSize of job (KB)
...
006 (51433.000.000) 2025-11-21 19:34:31 Image size of job updated: 10221868
	9983  -  MemoryUsage of job (MB)
	10221868  -  ResidentSetSize of job (KB)
...
006 (51433.000.000) 2025-11-21 19:39:31 Image size of job updated: 10222432
	9983  -  MemoryUsage of job (MB)
	10222432  -  ResidentSetSize of job (KB)
...
006 (51433.000.000) 2025-11-21 19:44:31 Image size of job updated: 10222704
	9984  -  MemoryUsage of job (MB)
	10222704  -  ResidentSetSize of job (KB)
...
006 (51433.000.000) 2025-11-21 19:49:32 Image size of job updated: 10222824
	9984  -  MemoryUsage of job (MB)
	10222824  -  ResidentSetSize of job (KB)
...
006 (51433.000.000) 2025-11-21 19:54:32 Image size of job updated: 10223012
	9984  -  MemoryUsage of job (MB)
	10223012  -  ResidentSetSize of job (KB)
...
006 (51433.000.000) 2025-11-21 19:59:32 Image size of job updated: 10223096
	9984  -  MemoryUsage of job (MB)
	10223096  -  ResidentSetSize of job (KB)
...
006 (51433.000.000) 2025-11-21 20:04:33 Image size of job updated: 10223148
	9984  -  MemoryUsage of job (MB)
	10223148  -  ResidentSetSize of job (KB)
...
006 (51433.000.000) 2025-11-21 20:09:33 Image size of job updated: 10223256
	9984  -  MemoryUsage of job (MB)
	10223256  -  ResidentSetSize of job (KB)
...
006 (51433.000.000) 2025-11-21 20:14:34 Image size of job updated: 10223292
	9984  -  MemoryUsage of job (MB)
	10223292  -  ResidentSetSize of job (KB)
...
006 (51433.000.000) 2025-11-21 20:19:35 Image size of job updated: 10223364
	9984  -  MemoryUsage of job (MB)
	10223364  -  ResidentSetSize of job (KB)
...
006 (51433.000.000) 2025-11-21 20:24:35 Image size of job updated: 10223420
	9984  -  MemoryUsage of job (MB)
	10223420  -  ResidentSetSize of job (KB)
...
006 (51433.000.000) 2025-11-21 20:29:36 Image size of job updated: 10225828
	9987  -  MemoryUsage of job (MB)
	10225828  -  ResidentSetSize of job (KB)
...
006 (51433.000.000) 2025-11-21 20:34:36 Image size of job updated: 10245992
	10006  -  MemoryUsage of job (MB)
	10245992  -  ResidentSetSize of job (KB)
...
006 (51433.000.000) 2025-11-21 20:39:36 Image size of job updated: 10278224
	10038  -  MemoryUsage of job (MB)
	10278224  -  ResidentSetSize of job (KB)
...
006 (51433.000.000) 2025-11-21 20:44:37 Image size of job updated: 10326516
	10085  -  MemoryUsage of job (MB)
	10326516  -  ResidentSetSize of job (KB)
...
006 (51433.000.000) 2025-11-21 20:49:37 Image size of job updated: 10353096
	10111  -  MemoryUsage of job (MB)
	10353096  -  ResidentSetSize of job (KB)
...
006 (51433.000.000) 2025-11-21 20:54:38 Image size of job updated: 10401196
	10158  -  MemoryUsage of job (MB)
	10401196  -  ResidentSetSize of job (KB)
...
006 (51433.000.000) 2025-11-21 20:59:39 Image size of job updated: 10436796
	10193  -  MemoryUsage of job (MB)
	10436796  -  ResidentSetSize of job (KB)
...
006 (51433.000.000) 2025-11-21 21:04:39 Image size of job updated: 10460592
	10216  -  MemoryUsage of job (MB)
	10460592  -  ResidentSetSize of job (KB)
...
006 (51433.000.000) 2025-11-21 21:09:40 Image size of job updated: 10507304
	10262  -  MemoryUsage of job (MB)
	10507304  -  ResidentSetSize of job (KB)
...
006 (51433.000.000) 2025-11-21 21:14:41 Image size of job updated: 10545600
	10299  -  MemoryUsage of job (MB)
	10545600  -  ResidentSetSize of job (KB)
...
006 (51433.000.000) 2025-11-21 21:19:41 Image size of job updated: 10567160
	10320  -  MemoryUsage of job (MB)
	10567160  -  ResidentSetSize of job (KB)
...
006 (51433.000.000) 2025-11-21 21:24:43 Image size of job updated: 10611680
	10363  -  MemoryUsage of job (MB)
	10611680  -  ResidentSetSize of job (KB)
...
006 (51433.000.000) 2025-11-21 21:29:43 Image size of job updated: 10655872
	10407  -  MemoryUsage of job (MB)
	10655872  -  ResidentSetSize of job (KB)
...
006 (51433.000.000) 2025-11-21 21:34:43 Image size of job updated: 10670908
	10421  -  MemoryUsage of job (MB)
	10670908  -  ResidentSetSize of job (KB)
...
006 (51433.000.000) 2025-11-21 21:39:44 Image size of job updated: 10725016
	10474  -  MemoryUsage of job (MB)
	10725016  -  ResidentSetSize of job (KB)
...
006 (51433.000.000) 2025-11-21 21:44:44 Image size of job updated: 10763448
	10512  -  MemoryUsage of job (MB)
	10763448  -  ResidentSetSize of job (KB)
...
006 (51433.000.000) 2025-11-21 21:49:44 Image size of job updated: 10776288
	10524  -  MemoryUsage of job (MB)
	10776288  -  ResidentSetSize of job (KB)
...
006 (51433.000.000) 2025-11-21 21:54:45 Image size of job updated: 10829616
	10576  -  MemoryUsage of job (MB)
	10829616  -  ResidentSetSize of job (KB)
...
006 (51433.000.000) 2025-11-21 21:59:45 Image size of job updated: 10871964
	10618  -  MemoryUsage of job (MB)
	10871964  -  ResidentSetSize of job (KB)
...
006 (51433.000.000) 2025-11-21 22:04:45 Image size of job updated: 10887064
	10632  -  MemoryUsage of job (MB)
	10887064  -  ResidentSetSize of job (KB)
...
006 (51433.000.000) 2025-11-21 22:07:56 Image size of job updated: 10913652
	10632  -  MemoryUsage of job (MB)
	10887064  -  ResidentSetSize of job (KB)
...
004 (51433.000.000) 2025-11-21 22:07:56 Job was evicted.
	(0) CPU times
		Usr 0 20:48:33, Sys 0 00:06:03  -  Run Remote Usage
		Usr 0 00:00:00, Sys 0 00:00:00  -  Run Local Usage
	0  -  Run Bytes Sent By Job
	0  -  Run Bytes Received By Job
	Partitionable Resources :    Usage  Request Allocated Assigned
	   Cpus                 :     7.94       64        64 
	   Disk (KB)            :     2           2      2048 
	   GPUs                 :     3.98        8         8 "GPU-141edc3b,GPU-1b6afc04,GPU-2c81d871,GPU-46674791,GPU-77388151,GPU-79ae9915,GPU-b635bb5d,GPU-f9e3f28e"
	   GpusMemory (MB)      :  1556                       
	   Memory (MB)          : 10632      245760    245760 
	   TimeExecute (s)      :  9515                       
	   TimeSlotBusy (s)     :  9515                       
...
009 (51433.000.000) 2025-11-21 22:07:56 Job was aborted.
	via condor_rm (by user plintilhac)
...
