000 (51444.000.000) 2025-11-22 08:16:05 Job submitted from host: <134.96.104.7:9618?addrs=134.96.104.7-9618&alias=submit.coli.uni-saarland.de&noUDP&sock=schedd_910_c345>
...
001 (51444.000.000) 2025-11-22 08:17:08 Job executing on host: <134.96.105.141:9618?addrs=134.96.105.141-9618&alias=tony-3.coli.uni-saarland.de&noUDP&sock=startd_5208_d552>
	SlotName: slot1_1@tony-3.coli.uni-saarland.de
	AvailableGPUs = { GPUs_GPU_141edc3b,GPUs_GPU_1b6afc04,GPUs_GPU_2c81d871,GPUs_GPU_46674791,GPUs_GPU_77388151,GPUs_GPU_79ae9915,GPUs_GPU_b635bb5d,GPUs_GPU_f9e3f28e }
	CondorScratchDir = "/var/lib/condor/execute/dir_139811"
	Cpus = 64
	Disk = 2048
	GPUs = 8
	GPUs_GPU_141edc3b = [ Id = "GPU-141edc3b"; ClockMhz = 1410.0; Capability = 8.0; CoresPerCU = 64; DeviceName = "NVIDIA A100 80GB PCIe"; DeviceUuid = "141edc3b-a53b-b27a-0b17-e788ea510d5e"; ECCEnabled = true; ComputeUnits = 108; DriverVersion = 12.8; DevicePciBusId = "0000:61:00.0"; GlobalMemoryMb = 81154; MaxSupportedVersion = 12080 ]
	GPUs_GPU_1b6afc04 = [ Id = "GPU-1b6afc04"; ClockMhz = 1410.0; Capability = 8.0; CoresPerCU = 64; DeviceName = "NVIDIA A100 80GB PCIe"; DeviceUuid = "1b6afc04-06e6-32af-af61-11c319d602ab"; ECCEnabled = true; ComputeUnits = 108; DriverVersion = 12.8; DevicePciBusId = "0000:81:00.0"; GlobalMemoryMb = 81154; MaxSupportedVersion = 12080 ]
	GPUs_GPU_2c81d871 = [ Id = "GPU-2c81d871"; ClockMhz = 1410.0; Capability = 8.0; CoresPerCU = 64; DeviceName = "NVIDIA A100 80GB PCIe"; DeviceUuid = "2c81d871-da6b-745d-3df4-68b33c12656b"; ECCEnabled = true; ComputeUnits = 108; DriverVersion = 12.8; DevicePciBusId = "0000:41:00.0"; GlobalMemoryMb = 81154; MaxSupportedVersion = 12080 ]
	GPUs_GPU_46674791 = [ Id = "GPU-46674791"; ClockMhz = 1410.0; Capability = 8.0; CoresPerCU = 64; DeviceName = "NVIDIA A100 80GB PCIe"; DeviceUuid = "46674791-21a2-bf27-ff8f-c9102b0db719"; ECCEnabled = true; ComputeUnits = 108; DriverVersion = 12.8; DevicePciBusId = "0000:22:00.0"; GlobalMemoryMb = 81154; MaxSupportedVersion = 12080 ]
	GPUs_GPU_77388151 = [ Id = "GPU-77388151"; ClockMhz = 1410.0; Capability = 8.0; CoresPerCU = 64; DeviceName = "NVIDIA A100 80GB PCIe"; DeviceUuid = "77388151-2a6f-8d06-caac-10c1bf7546c1"; ECCEnabled = true; ComputeUnits = 108; DriverVersion = 12.8; DevicePciBusId = "0000:C1:00.0"; GlobalMemoryMb = 81154; MaxSupportedVersion = 12080 ]
	GPUs_GPU_79ae9915 = [ Id = "GPU-79ae9915"; ClockMhz = 1410.0; Capability = 8.0; CoresPerCU = 64; DeviceName = "NVIDIA A100 80GB PCIe"; DeviceUuid = "79ae9915-144a-3090-3cf1-42ca87fadde0"; ECCEnabled = true; ComputeUnits = 108; DriverVersion = 12.8; DevicePciBusId = "0000:E1:00.0"; GlobalMemoryMb = 81154; MaxSupportedVersion = 12080 ]
	GPUs_GPU_b635bb5d = [ Id = "GPU-b635bb5d"; ClockMhz = 1410.0; Capability = 8.0; CoresPerCU = 64; DeviceName = "NVIDIA A100 80GB PCIe"; DeviceUuid = "b635bb5d-be43-0cb2-9c7d-a87b6815b4fb"; ECCEnabled = true; ComputeUnits = 108; DriverVersion = 12.8; DevicePciBusId = "0000:A1:00.0"; GlobalMemoryMb = 81154; MaxSupportedVersion = 12080 ]
	GPUs_GPU_f9e3f28e = [ Id = "GPU-f9e3f28e"; ClockMhz = 1410.0; Capability = 8.0; CoresPerCU = 64; DeviceName = "NVIDIA A100 80GB PCIe"; DeviceUuid = "f9e3f28e-7c13-7410-a3f7-763625cee600"; ECCEnabled = true; ComputeUnits = 108; DriverVersion = 12.8; DevicePciBusId = "0000:01:00.0"; GlobalMemoryMb = 81154; MaxSupportedVersion = 12080 ]
	Memory = 245760
...
006 (51444.000.000) 2025-11-22 08:17:17 Image size of job updated: 211344
	207  -  MemoryUsage of job (MB)
	211344  -  ResidentSetSize of job (KB)
...
006 (51444.000.000) 2025-11-22 08:22:18 Image size of job updated: 10218940
	9980  -  MemoryUsage of job (MB)
	10218940  -  ResidentSetSize of job (KB)
...
006 (51444.000.000) 2025-11-22 08:27:18 Image size of job updated: 10219388
	9980  -  MemoryUsage of job (MB)
	10219388  -  ResidentSetSize of job (KB)
...
006 (51444.000.000) 2025-11-22 08:32:19 Image size of job updated: 10219936
	9981  -  MemoryUsage of job (MB)
	10219936  -  ResidentSetSize of job (KB)
...
006 (51444.000.000) 2025-11-22 08:37:19 Image size of job updated: 10220024
	9981  -  MemoryUsage of job (MB)
	10220024  -  ResidentSetSize of job (KB)
...
006 (51444.000.000) 2025-11-22 08:42:19 Image size of job updated: 10220056
	9981  -  MemoryUsage of job (MB)
	10220056  -  ResidentSetSize of job (KB)
...
006 (51444.000.000) 2025-11-22 08:47:20 Image size of job updated: 10220124
	9981  -  MemoryUsage of job (MB)
	10220124  -  ResidentSetSize of job (KB)
...
006 (51444.000.000) 2025-11-22 08:52:20 Image size of job updated: 10220160
	9981  -  MemoryUsage of job (MB)
	10220160  -  ResidentSetSize of job (KB)
...
006 (51444.000.000) 2025-11-22 08:57:20 Image size of job updated: 10220184
	9981  -  MemoryUsage of job (MB)
	10220184  -  ResidentSetSize of job (KB)
...
006 (51444.000.000) 2025-11-22 09:02:21 Image size of job updated: 10220284
	9981  -  MemoryUsage of job (MB)
	10220284  -  ResidentSetSize of job (KB)
...
006 (51444.000.000) 2025-11-22 09:07:21 Image size of job updated: 10220340
	9981  -  MemoryUsage of job (MB)
	10220340  -  ResidentSetSize of job (KB)
...
006 (51444.000.000) 2025-11-22 09:12:21 Image size of job updated: 10222240
	9983  -  MemoryUsage of job (MB)
	10222240  -  ResidentSetSize of job (KB)
...
006 (51444.000.000) 2025-11-22 09:17:22 Image size of job updated: 10244468
	10005  -  MemoryUsage of job (MB)
	10244468  -  ResidentSetSize of job (KB)
...
006 (51444.000.000) 2025-11-22 09:22:22 Image size of job updated: 10256132
	10016  -  MemoryUsage of job (MB)
	10256132  -  ResidentSetSize of job (KB)
...
006 (51444.000.000) 2025-11-22 09:27:22 Image size of job updated: 10301960
	10061  -  MemoryUsage of job (MB)
	10301960  -  ResidentSetSize of job (KB)
...
006 (51444.000.000) 2025-11-22 09:32:23 Image size of job updated: 10353012
	10111  -  MemoryUsage of job (MB)
	10353012  -  ResidentSetSize of job (KB)
...
006 (51444.000.000) 2025-11-22 09:37:23 Image size of job updated: 10357920
	10116  -  MemoryUsage of job (MB)
	10357920  -  ResidentSetSize of job (KB)
...
006 (51444.000.000) 2025-11-22 09:42:24 Image size of job updated: 10401652
	10158  -  MemoryUsage of job (MB)
	10401652  -  ResidentSetSize of job (KB)
...
006 (51444.000.000) 2025-11-22 09:47:25 Image size of job updated: 10432980
	10189  -  MemoryUsage of job (MB)
	10432980  -  ResidentSetSize of job (KB)
...
006 (51444.000.000) 2025-11-22 09:52:25 Image size of job updated: 10443504
	10199  -  MemoryUsage of job (MB)
	10443504  -  ResidentSetSize of job (KB)
...
006 (51444.000.000) 2025-11-22 09:57:26 Image size of job updated: 10494340
	10249  -  MemoryUsage of job (MB)
	10494340  -  ResidentSetSize of job (KB)
...
006 (51444.000.000) 2025-11-22 10:02:27 Image size of job updated: 10528504
	10282  -  MemoryUsage of job (MB)
	10528504  -  ResidentSetSize of job (KB)
...
006 (51444.000.000) 2025-11-22 10:07:27 Image size of job updated: 10534040
	10288  -  MemoryUsage of job (MB)
	10534040  -  ResidentSetSize of job (KB)
...
006 (51444.000.000) 2025-11-22 10:17:29 Image size of job updated: 10546384
	10300  -  MemoryUsage of job (MB)
	10546384  -  ResidentSetSize of job (KB)
...
006 (51444.000.000) 2025-11-22 10:22:29 Image size of job updated: 10591464
	10344  -  MemoryUsage of job (MB)
	10591464  -  ResidentSetSize of job (KB)
...
006 (51444.000.000) 2025-11-22 10:27:30 Image size of job updated: 10623700
	10375  -  MemoryUsage of job (MB)
	10623700  -  ResidentSetSize of job (KB)
...
006 (51444.000.000) 2025-11-22 10:32:31 Image size of job updated: 10642216
	10393  -  MemoryUsage of job (MB)
	10642216  -  ResidentSetSize of job (KB)
...
006 (51444.000.000) 2025-11-22 10:37:31 Image size of job updated: 10678304
	10429  -  MemoryUsage of job (MB)
	10678304  -  ResidentSetSize of job (KB)
...
006 (51444.000.000) 2025-11-22 10:42:33 Image size of job updated: 10717100
	10466  -  MemoryUsage of job (MB)
	10717100  -  ResidentSetSize of job (KB)
...
006 (51444.000.000) 2025-11-22 10:47:33 Image size of job updated: 10722568
	10472  -  MemoryUsage of job (MB)
	10722568  -  ResidentSetSize of job (KB)
...
006 (51444.000.000) 2025-11-22 10:52:33 Image size of job updated: 10771560
	10520  -  MemoryUsage of job (MB)
	10771560  -  ResidentSetSize of job (KB)
...
006 (51444.000.000) 2025-11-22 10:57:34 Image size of job updated: 10808444
	10556  -  MemoryUsage of job (MB)
	10808444  -  ResidentSetSize of job (KB)
...
006 (51444.000.000) 2025-11-22 11:02:34 Image size of job updated: 10823384
	10570  -  MemoryUsage of job (MB)
	10823384  -  ResidentSetSize of job (KB)
...
006 (51444.000.000) 2025-11-22 11:07:34 Image size of job updated: 10865260
	10611  -  MemoryUsage of job (MB)
	10865260  -  ResidentSetSize of job (KB)
...
006 (51444.000.000) 2025-11-22 11:12:35 Image size of job updated: 10900700
	10646  -  MemoryUsage of job (MB)
	10900700  -  ResidentSetSize of job (KB)
...
006 (51444.000.000) 2025-11-22 11:17:35 Image size of job updated: 10919700
	10664  -  MemoryUsage of job (MB)
	10919700  -  ResidentSetSize of job (KB)
...
006 (51444.000.000) 2025-11-22 11:22:35 Image size of job updated: 10961060
	10705  -  MemoryUsage of job (MB)
	10961060  -  ResidentSetSize of job (KB)
...
006 (51444.000.000) 2025-11-22 11:27:36 Image size of job updated: 10982972
	10726  -  MemoryUsage of job (MB)
	10982972  -  ResidentSetSize of job (KB)
...
006 (51444.000.000) 2025-11-22 11:32:36 Image size of job updated: 10982984
	10726  -  MemoryUsage of job (MB)
	10982984  -  ResidentSetSize of job (KB)
...
006 (51444.000.000) 2025-11-22 11:37:36 Image size of job updated: 10983000
	10726  -  MemoryUsage of job (MB)
	10983000  -  ResidentSetSize of job (KB)
...
006 (51444.000.000) 2025-11-22 12:07:38 Image size of job updated: 10983004
	10726  -  MemoryUsage of job (MB)
	10983004  -  ResidentSetSize of job (KB)
...
006 (51444.000.000) 2025-11-22 12:17:39 Image size of job updated: 10983008
	10726  -  MemoryUsage of job (MB)
	10983008  -  ResidentSetSize of job (KB)
...
006 (51444.000.000) 2025-11-22 12:57:45 Image size of job updated: 10983024
	10726  -  MemoryUsage of job (MB)
	10983024  -  ResidentSetSize of job (KB)
...
006 (51444.000.000) 2025-11-22 13:12:47 Image size of job updated: 10983028
	10726  -  MemoryUsage of job (MB)
	10983028  -  ResidentSetSize of job (KB)
...
006 (51444.000.000) 2025-11-22 13:17:47 Image size of job updated: 10983800
	10727  -  MemoryUsage of job (MB)
	10983800  -  ResidentSetSize of job (KB)
...
022 (51444.000.000) 2025-11-22 18:17:17 Job disconnected, attempting to reconnect
    Socket between submit and execute hosts closed unexpectedly
    Trying to reconnect to slot1_1@tony-3.coli.uni-saarland.de <134.96.105.141:9618?addrs=134.96.105.141-9618&alias=tony-3.coli.uni-saarland.de&noUDP&sock=startd_5208_d552>
...
023 (51444.000.000) 2025-11-22 18:17:21 Job reconnected to slot1_1@tony-3.coli.uni-saarland.de
    startd address: <134.96.105.141:9618?addrs=134.96.105.141-9618&alias=tony-3.coli.uni-saarland.de&noUDP&sock=startd_5208_d552>
    starter address: <134.96.105.141:9618?addrs=134.96.105.141-9618&alias=tony-3.coli.uni-saarland.de&noUDP&sock=slot1_1_5242_368e_1776>
...
021 (51444.000.000) 2025-11-23 08:17:11 Error from starter on slot1_1@tony-3.coli.uni-saarland.de:
	Interactive job ran longer than requested
	Code 21 Subcode 0
...
004 (51444.000.000) 2025-11-23 08:17:11 Job was evicted.
	(0) CPU times
		Usr 7 20:20:21, Sys 0 01:05:03  -  Run Remote Usage
		Usr 0 00:00:00, Sys 0 00:00:00  -  Run Local Usage
	0  -  Run Bytes Sent By Job
	0  -  Run Bytes Received By Job
	Error from slot1_1@tony-3.coli.uni-saarland.de: Interactive job ran longer than requested
	Partitionable Resources :    Usage  Request Allocated Assigned
	   Cpus                 :     7.92       64        64 
	   Disk (KB)            :     2           2      2048 
	   GPUs                 :     3.91        8         8 "GPU-141edc3b,GPU-1b6afc04,GPU-2c81d871,GPU-46674791,GPU-77388151,GPU-79ae9915,GPU-b635bb5d,GPU-f9e3f28e"
	   GpusMemory (MB)      :  1554                       
	   Memory (MB)          : 10727      245760    245760 
	   TimeSlotBusy (s)     : 86403                       
...
009 (51444.000.000) 2025-11-24 12:00:22 Job was aborted.
	via condor_rm (by user plintilhac)
...
